Archive member included to satisfy reference by file (symbol)

C:/ST/STM32CubeIDE_1.12.1/STM32CubeIDE/plugins/com.st.stm32cube.ide.mcu.externaltools.gnu-tools-for-stm32.11.3.rel1.win32_1.1.1.202309131626/tools/bin/../lib/gcc/arm-none-eabi/11.3.1/../../../../arm-none-eabi/lib/thumb/v7e-m+fp/hard\libc_nano.a(libc_a-exit.o)
                              C:/ST/STM32CubeIDE_1.12.1/STM32CubeIDE/plugins/com.st.stm32cube.ide.mcu.externaltools.gnu-tools-for-stm32.11.3.rel1.win32_1.1.1.202309131626/tools/bin/../lib/gcc/arm-none-eabi/11.3.1/../../../../arm-none-eabi/lib/thumb/v7e-m+fp/hard/crt0.o (exit)
C:/ST/STM32CubeIDE_1.12.1/STM32CubeIDE/plugins/com.st.stm32cube.ide.mcu.externaltools.gnu-tools-for-stm32.11.3.rel1.win32_1.1.1.202309131626/tools/bin/../lib/gcc/arm-none-eabi/11.3.1/../../../../arm-none-eabi/lib/thumb/v7e-m+fp/hard\libc_nano.a(libc_a-findfp.o)
                              C:/ST/STM32CubeIDE_1.12.1/STM32CubeIDE/plugins/com.st.stm32cube.ide.mcu.externaltools.gnu-tools-for-stm32.11.3.rel1.win32_1.1.1.202309131626/tools/bin/../lib/gcc/arm-none-eabi/11.3.1/../../../../arm-none-eabi/lib/thumb/v7e-m+fp/hard\libc_nano.a(libc_a-exit.o) (__stdio_exit_handler)
C:/ST/STM32CubeIDE_1.12.1/STM32CubeIDE/plugins/com.st.stm32cube.ide.mcu.externaltools.gnu-tools-for-stm32.11.3.rel1.win32_1.1.1.202309131626/tools/bin/../lib/gcc/arm-none-eabi/11.3.1/../../../../arm-none-eabi/lib/thumb/v7e-m+fp/hard\libc_nano.a(libc_a-fwalk.o)
                              C:/ST/STM32CubeIDE_1.12.1/STM32CubeIDE/plugins/com.st.stm32cube.ide.mcu.externaltools.gnu-tools-for-stm32.11.3.rel1.win32_1.1.1.202309131626/tools/bin/../lib/gcc/arm-none-eabi/11.3.1/../../../../arm-none-eabi/lib/thumb/v7e-m+fp/hard\libc_nano.a(libc_a-findfp.o) (_fwalk_sglue)
C:/ST/STM32CubeIDE_1.12.1/STM32CubeIDE/plugins/com.st.stm32cube.ide.mcu.externaltools.gnu-tools-for-stm32.11.3.rel1.win32_1.1.1.202309131626/tools/bin/../lib/gcc/arm-none-eabi/11.3.1/../../../../arm-none-eabi/lib/thumb/v7e-m+fp/hard\libc_nano.a(libc_a-printf.o)
                              ./Core/Src/menu.o (printf)
C:/ST/STM32CubeIDE_1.12.1/STM32CubeIDE/plugins/com.st.stm32cube.ide.mcu.externaltools.gnu-tools-for-stm32.11.3.rel1.win32_1.1.1.202309131626/tools/bin/../lib/gcc/arm-none-eabi/11.3.1/../../../../arm-none-eabi/lib/thumb/v7e-m+fp/hard\libc_nano.a(libc_a-puts.o)
                              ./Core/Src/main.o (puts)
C:/ST/STM32CubeIDE_1.12.1/STM32CubeIDE/plugins/com.st.stm32cube.ide.mcu.externaltools.gnu-tools-for-stm32.11.3.rel1.win32_1.1.1.202309131626/tools/bin/../lib/gcc/arm-none-eabi/11.3.1/../../../../arm-none-eabi/lib/thumb/v7e-m+fp/hard\libc_nano.a(libc_a-sprintf.o)
                              ./Core/Src/lcd.o (sprintf)
C:/ST/STM32CubeIDE_1.12.1/STM32CubeIDE/plugins/com.st.stm32cube.ide.mcu.externaltools.gnu-tools-for-stm32.11.3.rel1.win32_1.1.1.202309131626/tools/bin/../lib/gcc/arm-none-eabi/11.3.1/../../../../arm-none-eabi/lib/thumb/v7e-m+fp/hard\libc_nano.a(libc_a-stdio.o)
                              C:/ST/STM32CubeIDE_1.12.1/STM32CubeIDE/plugins/com.st.stm32cube.ide.mcu.externaltools.gnu-tools-for-stm32.11.3.rel1.win32_1.1.1.202309131626/tools/bin/../lib/gcc/arm-none-eabi/11.3.1/../../../../arm-none-eabi/lib/thumb/v7e-m+fp/hard\libc_nano.a(libc_a-findfp.o) (__sread)
C:/ST/STM32CubeIDE_1.12.1/STM32CubeIDE/plugins/com.st.stm32cube.ide.mcu.externaltools.gnu-tools-for-stm32.11.3.rel1.win32_1.1.1.202309131626/tools/bin/../lib/gcc/arm-none-eabi/11.3.1/../../../../arm-none-eabi/lib/thumb/v7e-m+fp/hard\libc_nano.a(libc_a-wbuf.o)
                              C:/ST/STM32CubeIDE_1.12.1/STM32CubeIDE/plugins/com.st.stm32cube.ide.mcu.externaltools.gnu-tools-for-stm32.11.3.rel1.win32_1.1.1.202309131626/tools/bin/../lib/gcc/arm-none-eabi/11.3.1/../../../../arm-none-eabi/lib/thumb/v7e-m+fp/hard\libc_nano.a(libc_a-puts.o) (__swbuf_r)
C:/ST/STM32CubeIDE_1.12.1/STM32CubeIDE/plugins/com.st.stm32cube.ide.mcu.externaltools.gnu-tools-for-stm32.11.3.rel1.win32_1.1.1.202309131626/tools/bin/../lib/gcc/arm-none-eabi/11.3.1/../../../../arm-none-eabi/lib/thumb/v7e-m+fp/hard\libc_nano.a(libc_a-wsetup.o)
                              C:/ST/STM32CubeIDE_1.12.1/STM32CubeIDE/plugins/com.st.stm32cube.ide.mcu.externaltools.gnu-tools-for-stm32.11.3.rel1.win32_1.1.1.202309131626/tools/bin/../lib/gcc/arm-none-eabi/11.3.1/../../../../arm-none-eabi/lib/thumb/v7e-m+fp/hard\libc_nano.a(libc_a-puts.o) (__swsetup_r)
C:/ST/STM32CubeIDE_1.12.1/STM32CubeIDE/plugins/com.st.stm32cube.ide.mcu.externaltools.gnu-tools-for-stm32.11.3.rel1.win32_1.1.1.202309131626/tools/bin/../lib/gcc/arm-none-eabi/11.3.1/../../../../arm-none-eabi/lib/thumb/v7e-m+fp/hard\libc_nano.a(libc_a-memset.o)
                              C:/ST/STM32CubeIDE_1.12.1/STM32CubeIDE/plugins/com.st.stm32cube.ide.mcu.externaltools.gnu-tools-for-stm32.11.3.rel1.win32_1.1.1.202309131626/tools/bin/../lib/gcc/arm-none-eabi/11.3.1/../../../../arm-none-eabi/lib/thumb/v7e-m+fp/hard/crt0.o (memset)
[...]
Memory Configuration

Name             Origin             Length             Attributes
RAM              0x0000000020000000 0x0000000000020000 xrw
FLASH            0x0000000008000000 0x0000000000080000 xr
*default*        0x0000000000000000 0xffffffffffffffff

Linker script and memory map

LOAD C:/ST/STM32CubeIDE_1.12.1/STM32CubeIDE/plugins/com.st.stm32cube.ide.mcu.externaltools.gnu-tools-for-stm32.11.3.rel1.win32_1.1.1.202309131626/tools/bin/../lib/gcc/arm-none-eabi/11.3.1/thumb/v7e-m+fp/hard/crti.o
LOAD C:/ST/STM32CubeIDE_1.12.1/STM32CubeIDE/plugins/com.st.stm32cube.ide.mcu.externaltools.gnu-tools-for-stm32.11.3.rel1.win32_1.1.1.202309131626/tools/bin/../lib/gcc/arm-none-eabi/11.3.1/thumb/v7e-m+fp/hard/crtbegin.o
LOAD C:/ST/STM32CubeIDE_1.12.1/STM32CubeIDE/plugins/com.st.stm32cube.ide.mcu.externaltools.gnu-tools-for-stm32.11.3.rel1.win32_1.1.1.202309131626/tools/bin/../lib/gcc/arm-none-eabi/11.3.1/../../../../arm-none-eabi/lib/thumb/v7e-m+fp/hard/crt0.o
LOAD ./Core/Src/FibreOpticHAL.o
LOAD ./Core/Src/Midi.o
LOAD ./Core/Src/lcd.o
LOAD ./Core/Src/main.o
LOAD ./Core/Src/menu.o
LOAD ./Core/Src/stm32f4xx_hal_msp.o
LOAD ./Core/Src/stm32f4xx_it.o
LOAD ./Core/Src/syscalls.o
LOAD ./Core/Src/sysmem.o
LOAD ./Core/Src/system_stm32f4xx.o
LOAD ./Core/Startup/startup_stm32f411ceux.o
LOAD ./Drivers/STM32F4xx_HAL_Driver/Src/stm32f4xx_hal.o
LOAD ./Drivers/STM32F4xx_HAL_Driver/Src/stm32f4xx_hal_cortex.o
LOAD ./Drivers/STM32F4xx_HAL_Driver/Src/stm32f4xx_hal_dma.o
LOAD ./Drivers/STM32F4xx_HAL_Driver/Src/stm32f4xx_hal_dma_ex.o
LOAD ./Drivers/STM32F4xx_HAL_Driver/Src/stm32f4xx_hal_exti.o
LOAD ./Drivers/STM32F4xx_HAL_Driver/Src/stm32f4xx_hal_flash.o
LOAD ./Drivers/STM32F4xx_HAL_Driver/Src/stm32f4xx_hal_flash_ex.o
LOAD ./Drivers/STM32F4xx_HAL_Driver/Src/stm32f4xx_hal_flash_ramfunc.o
LOAD ./Drivers/STM32F4xx_HAL_Driver/Src/stm32f4xx_hal_gpio.o
LOAD ./Drivers/STM32F4xx_HAL_Driver/Src/stm32f4xx_hal_pcd.o
LOAD ./Drivers/STM32F4xx_HAL_Driver/Src/stm32f4xx_hal_pcd_ex.o
LOAD ./Drivers/STM32F4xx_HAL_Driver/Src/stm32f4xx_hal_pwr.o
LOAD ./Drivers/STM32F4xx_HAL_Driver/Src/stm32f4xx_hal_pwr_ex.o
LOAD ./Drivers/STM32F4xx_HAL_Driver/Src/stm32f4xx_hal_rcc.o
LOAD ./Drivers/STM32F4xx_HAL_Driver/Src/stm32f4xx_hal_rcc_ex.o
LOAD ./Drivers/STM32F4xx_HAL_Driver/Src/stm32f4xx_hal_tim.o
LOAD ./Drivers/STM32F4xx_HAL_Driver/Src/stm32f4xx_hal_tim_ex.o
LOAD ./Drivers/STM32F4xx_HAL_Driver/Src/stm32f4xx_ll_usb.o
LOAD ./Middlewares/ST/STM32_USB_Device_Library/Class/CDC/Src/usbd_cdc.o
LOAD ./Middlewares/ST/STM32_USB_Device_Library/Core/Src/usbd_core.o
LOAD ./Middlewares/ST/STM32_USB_Device_Library/Core/Src/usbd_ctlreq.o
LOAD ./Middlewares/ST/STM32_USB_Device_Library/Core/Src/usbd_ioreq.o
LOAD ./USB_DEVICE/App/usb_device.o
LOAD ./USB_DEVICE/App/usbd_cdc_if.o
LOAD ./USB_DEVICE/App/usbd_desc.o
LOAD ./USB_DEVICE/Target/usbd_conf.o
START GROUP
LOAD C:/ST/STM32CubeIDE_1.12.1/STM32CubeIDE/plugins/com.st.stm32cube.ide.mcu.externaltools.gnu-tools-for-stm32.11.3.rel1.win32_1.1.1.202309131626/tools/bin/../lib/gcc/arm-none-eabi/11.3.1/../../../../arm-none-eabi/lib/thumb/v7e-m+fp/hard\libc_nano.a
LOAD C:/ST/STM32CubeIDE_1.12.1/STM32CubeIDE/plugins/com.st.stm32cube.ide.mcu.externaltools.gnu-tools-for-stm32.11.3.rel1.win32_1.1.1.202309131626/tools/bin/../lib/gcc/arm-none-eabi/11.3.1/../../../../arm-none-eabi/lib/thumb/v7e-m+fp/hard\libm.a
END GROUP
START GROUP
LOAD C:/ST/STM32CubeIDE_1.12.1/STM32CubeIDE/plugins/com.st.stm32cube.ide.mcu.externaltools.gnu-tools-for-stm32.11.3.rel1.win32_1.1.1.202309131626/tools/bin/../lib/gcc/arm-none-eabi/11.3.1/thumb/v7e-m+fp/hard\libgcc.a
LOAD C:/ST/STM32CubeIDE_1.12.1/STM32CubeIDE/plugins/com.st.stm32cube.ide.mcu.externaltools.gnu-tools-for-stm32.11.3.rel1.win32_1.1.1.202309131626/tools/bin/../lib/gcc/arm-none-eabi/11.3.1/../../../../arm-none-eabi/lib/thumb/v7e-m+fp/hard\libc_nano.a
END GROUP
START GROUP
LOAD C:/ST/STM32CubeIDE_1.12.1/STM32CubeIDE/plugins/com.st.stm32cube.ide.mcu.externaltools.gnu-tools-for-stm32.11.3.rel1.win32_1.1.1.202309131626/tools/bin/../lib/gcc/arm-none-eabi/11.3.1/thumb/v7e-m+fp/hard\libgcc.a
LOAD C:/ST/STM32CubeIDE_1.12.1/STM32CubeIDE/plugins/com.st.stm32cube.ide.mcu.externaltools.gnu-tools-for-stm32.11.3.rel1.win32_1.1.1.202309131626/tools/bin/../lib/gcc/arm-none-eabi/11.3.1/../../../../arm-none-eabi/lib/thumb/v7e-m+fp/hard\libc_nano.a
LOAD C:/ST/STM32CubeIDE_1.12.1/STM32CubeIDE/plugins/com.st.stm32cube.ide.mcu.externaltools.gnu-tools-for-stm32.11.3.rel1.win32_1.1.1.202309131626/tools/bin/../lib/gcc/arm-none-eabi/11.3.1/../../../../arm-none-eabi/lib/thumb/v7e-m+fp/hard\libnosys.a
END GROUP
START GROUP
LOAD C:/ST/STM32CubeIDE_1.12.1/STM32CubeIDE/plugins/com.st.stm32cube.ide.mcu.externaltools.gnu-tools-for-stm32.11.3.rel1.win32_1.1.1.202309131626/tools/bin/../lib/gcc/arm-none-eabi/11.3.1/thumb/v7e-m+fp/hard\libgcc.a
LOAD C:/ST/STM32CubeIDE_1.12.1/STM32CubeIDE/plugins/com.st.stm32cube.ide.mcu.externaltools.gnu-tools-for-stm32.11.3.rel1.win32_1.1.1.202309131626/tools/bin/../lib/gcc/arm-none-eabi/11.3.1/../../../../arm-none-eabi/lib/thumb/v7e-m+fp/hard\libc_nano.a
LOAD C:/ST/STM32CubeIDE_1.12.1/STM32CubeIDE/plugins/com.st.stm32cube.ide.mcu.externaltools.gnu-tools-for-stm32.11.3.rel1.win32_1.1.1.202309131626/tools/bin/../lib/gcc/arm-none-eabi/11.3.1/../../../../arm-none-eabi/lib/thumb/v7e-m+fp/hard\libnosys.a
END GROUP
LOAD C:/ST/STM32CubeIDE_1.12.1/STM32CubeIDE/plugins/com.st.stm32cube.ide.mcu.externaltools.gnu-tools-for-stm32.11.3.rel1.win32_1.1.1.202309131626/tools/bin/../lib/gcc/arm-none-eabi/11.3.1/thumb/v7e-m+fp/hard/crtend.o
LOAD C:/ST/STM32CubeIDE_1.12.1/STM32CubeIDE/plugins/com.st.stm32cube.ide.mcu.externaltools.gnu-tools-for-stm32.11.3.rel1.win32_1.1.1.202309131626/tools/bin/../lib/gcc/arm-none-eabi/11.3.1/thumb/v7e-m+fp/hard/crtn.o
                0x0000000020020000                _estack = (ORIGIN (RAM) + LENGTH (RAM))
                0x0000000000000200                _Min_Heap_Size = 0x200
                0x0000000000000400                _Min_Stack_Size = 0x400

.isr_vector     0x0000000008000000      0x198
                0x0000000008000000                . = ALIGN (0x4)
 *(.isr_vector)
 .isr_vector    0x0000000008000000      0x198 ./Core/Startup/startup_stm32f411ceux.o
                0x0000000008000000                g_pfnVectors
                0x0000000008000198                . = ALIGN (0x4)

.text           0x00000000080001a0     0xd688
                0x00000000080001a0                . = ALIGN (0x4)
 *(.text)
 .text          0x00000000080001a0       0x40 C:/ST/STM32CubeIDE_1.12.1/STM32CubeIDE/plugins/com.st.stm32cube.ide.mcu.externaltools.gnu-tools-for-stm32.11.3.rel1.win32_1.1.1.202309131626/tools/bin/../lib/gcc/arm-none-eabi/11.3.1/thumb/v7e-m+fp/hard/crtbegin.o
 .text          0x00000000080001e0       0x10 C:/ST/STM32CubeIDE_1.12.1/STM32CubeIDE/plugins/com.st.stm32cube.ide.mcu.externaltools.gnu-tools-for-stm32.11.3.rel1.win32_1.1.1.202309131626/tools/bin/../lib/gcc/arm-none-eabi/11.3.1/../../../../arm-none-eabi/lib/thumb/v7e-m+fp/hard\libc_nano.a(libc_a-strlen.o)
                0x00000000080001e0                strlen
 .text          0x00000000080001f0       0xa0 C:/ST/STM32CubeIDE_1.12.1/STM32CubeIDE/plugins/com.st.stm32cube.ide.mcu.externaltools.gnu-tools-for-stm32.11.3.rel1.win32_1.1.1.202309131626/tools/bin/../lib/gcc/arm-none-eabi/11.3.1/../../../../arm-none-eabi/lib/thumb/v7e-m+fp/hard\libc_nano.a(libc_a-memchr.o)
                0x00000000080001f0                memchr
 .text          0x0000000008000290      0x378 C:/ST/STM32CubeIDE_1.12.1/STM32CubeIDE/plugins/com.st.stm32cube.ide.mcu.externaltools.gnu-tools-for-stm32.11.3.rel1.win32_1.1.1.202309131626/tools/bin/../lib/gcc/arm-none-eabi/11.3.1/thumb/v7e-m+fp/hard\libgcc.a(_arm_addsubdf3.o)
                0x0000000008000290                __aeabi_drsub
                0x0000000008000298                __aeabi_dsub
                0x0000000008000298                __subdf3
                0x000000000800029c                __aeabi_dadd
                0x000000000800029c                __adddf3
                0x0000000008000514                __floatunsidf
                0x0000000008000514                __aeabi_ui2d
                0x0000000008000534                __floatsidf
                0x0000000008000534                __aeabi_i2d
                0x0000000008000558                __aeabi_f2d
                0x0000000008000558                __extendsfdf2
                0x000000000800059c                __floatundidf
                0x000000000800059c                __aeabi_ul2d
                0x00000000080005ac                __floatdidf
                0x00000000080005ac                __aeabi_l2d
 .text          0x0000000008000608      0x424 C:/ST/STM32CubeIDE_1.12.1/STM32CubeIDE/plugins/com.st.stm32cube.ide.mcu.externaltools.gnu-tools-for-stm32.11.3.rel1.win32_1.1.1.202309131626/tools/bin/../lib/gcc/arm-none-eabi/11.3.1/thumb/v7e-m+fp/hard\libgcc.a(_arm_muldivdf3.o)
                0x0000000008000608                __aeabi_dmul
                0x0000000008000608                __muldf3
                0x000000000800085c                __divdf3
                0x000000000800085c                __aeabi_ddiv
 .text          0x0000000008000a2c      0x110 C:/ST/STM32CubeIDE_1.12.1/STM32CubeIDE/plugins/com.st.stm32cube.ide.mcu.externaltools.gnu-tools-for-stm32.11.3.rel1.win32_1.1.1.202309131626/tools/bin/../lib/gcc/arm-none-eabi/11.3.1/thumb/v7e-m+fp/hard\libgcc.a(_arm_cmpdf2.o)
                0x0000000008000a2c                __gtdf2
                0x0000000008000a2c                __gedf2
                0x0000000008000a34                __ltdf2
                0x0000000008000a34                __ledf2
                0x0000000008000a3c                __nedf2
                0x0000000008000a3c                __eqdf2
                0x0000000008000a3c                __cmpdf2
                0x0000000008000ab8                __aeabi_cdrcmple
                0x0000000008000ac8                __aeabi_cdcmpeq
                0x0000000008000ac8                __aeabi_cdcmple
                0x0000000008000ad8                __aeabi_dcmpeq
                0x0000000008000aec                __aeabi_dcmplt
                0x0000000008000b00                __aeabi_dcmple
                0x0000000008000b14                __aeabi_dcmpge
                0x0000000008000b28                __aeabi_dcmpgt
 .text          0x0000000008000b3c       0x2c C:/ST/STM32CubeIDE_1.12.1/STM32CubeIDE/plugins/com.st.stm32cube.ide.mcu.externaltools.gnu-tools-for-stm32.11.3.rel1.win32_1.1.1.202309131626/tools/bin/../lib/gcc/arm-none-eabi/11.3.1/thumb/v7e-m+fp/hard\libgcc.a(_arm_unorddf2.o)
                0x0000000008000b3c                __unorddf2
                0x0000000008000b3c                __aeabi_dcmpun
 .text          0x0000000008000b68       0x40 C:/ST/STM32CubeIDE_1.12.1/STM32CubeIDE/plugins/com.st.stm32cube.ide.mcu.externaltools.gnu-tools-for-stm32.11.3.rel1.win32_1.1.1.202309131626/tools/bin/../lib/gcc/arm-none-eabi/11.3.1/thumb/v7e-m+fp/hard\libgcc.a(_arm_fixunsdfsi.o)
                0x0000000008000b68                __aeabi_d2uiz
                0x0000000008000b68                __fixunsdfsi
 .text          0x0000000008000ba8       0xa0 C:/ST/STM32CubeIDE_1.12.1/STM32CubeIDE/plugins/com.st.stm32cube.ide.mcu.externaltools.gnu-tools-for-stm32.11.3.rel1.win32_1.1.1.202309131626/tools/bin/../lib/gcc/arm-none-eabi/11.3.1/thumb/v7e-m+fp/hard\libgcc.a(_arm_truncdfsf2.o)
                0x0000000008000ba8                __truncdfsf2
                0x0000000008000ba8                __aeabi_d2f
 .text          0x0000000008000c48       0x30 C:/ST/STM32CubeIDE_1.12.1/STM32CubeIDE/plugins/com.st.stm32cube.ide.mcu.externaltools.gnu-tools-for-stm32.11.3.rel1.win32_1.1.1.202309131626/tools/bin/../lib/gcc/arm-none-eabi/11.3.1/thumb/v7e-m+fp/hard\libgcc.a(_aeabi_uldivmod.o)
                0x0000000008000c48                __aeabi_uldivmod
 .text          0x0000000008000c78      0x2c8 C:/ST/STM32CubeIDE_1.12.1/STM32CubeIDE/plugins/com.st.stm32cube.ide.mcu.externaltools.gnu-tools-for-stm32.11.3.rel1.win32_1.1.1.202309131626/tools/bin/../lib/gcc/arm-none-eabi/11.3.1/thumb/v7e-m+fp/hard\libgcc.a(_udivmoddi4.o)
                0x0000000008000c78                __udivmoddi4
 .text          0x0000000008000f40        0x4 C:/ST/STM32CubeIDE_1.12.1/STM32CubeIDE/plugins/com.st.stm32cube.ide.mcu.externaltools.gnu-tools-for-stm32.11.3.rel1.win32_1.1.1.202309131626/tools/bin/../lib/gcc/arm-none-eabi/11.3.1/thumb/v7e-m+fp/hard\libgcc.a(_dvmd_tls.o)
                0x0000000008000f40                __aeabi_idiv0
                0x0000000008000f40                __aeabi_ldiv0
 *(.text*)
 *fill*         0x0000000008000f44        0x4 
 .text.getVelocityAdjustedOnDuration
                0x0000000008000f48       0x80 ./Core/Src/FibreOpticHAL.o
                0x0000000008000f48                getVelocityAdjustedOnDuration
 .text.setCHAActivePeriod
                0x0000000008000fc8       0x50 ./Core/Src/FibreOpticHAL.o
                0x0000000008000fc8                setCHAActivePeriod
 .text.setCHADwellPeriod
                0x0000000008001018       0x50 ./Core/Src/FibreOpticHAL.o
                0x0000000008001018                setCHADwellPeriod
 .text.setCHBActivePeriod
                0x0000000008001068       0x50 ./Core/Src/FibreOpticHAL.o
                0x0000000008001068                setCHBActivePeriod
 .text.setCHBDwellPeriod
                0x00000000080010b8       0x50 ./Core/Src/FibreOpticHAL.o
                0x00000000080010b8                setCHBDwellPeriod
 .text.fireTIM3
                0x0000000008001108       0x58 ./Core/Src/FibreOpticHAL.o
                0x0000000008001108                fireTIM3
 .text.fireTIM4
                0x0000000008001160       0x58 ./Core/Src/FibreOpticHAL.o
                0x0000000008001160                fireTIM4
 .text.fireCHA  0x00000000080011b8       0x50 ./Core/Src/FibreOpticHAL.o
                0x00000000080011b8                fireCHA
 .text.fireCHB  0x0000000008001208       0x50 ./Core/Src/FibreOpticHAL.o
                0x0000000008001208                fireCHB
 .text.setCHAFreq1wVelocity
                0x0000000008001258       0x6c ./Core/Src/FibreOpticHAL.o
                0x0000000008001258                setCHAFreq1wVelocity
 .text.setCHAFreq2wVelocity
                0x00000000080012c4       0x6c ./Core/Src/FibreOpticHAL.o
                0x00000000080012c4                setCHAFreq2wVelocity
 .text.setCHBFreq1wVelocity
                0x0000000008001330       0x6c ./Core/Src/FibreOpticHAL.o
                0x0000000008001330                setCHBFreq1wVelocity
 .text.setCHBFreq2wVelocity
                0x000000000800139c       0x70 ./Core/Src/FibreOpticHAL.o
                0x000000000800139c                setCHBFreq2wVelocity
 .text.setCHAFreq1
                0x000000000800140c       0x28 ./Core/Src/FibreOpticHAL.o
                0x000000000800140c                setCHAFreq1
 .text.setCHAFreq2
                0x0000000008001434       0x28 ./Core/Src/FibreOpticHAL.o
                0x0000000008001434                setCHAFreq2
 .text.setCHBFreq1
                0x000000000800145c       0x28 ./Core/Src/FibreOpticHAL.o
                0x000000000800145c                setCHBFreq1
 .text.setCHBFreq2
                0x0000000008001484       0x28 ./Core/Src/FibreOpticHAL.o
                0x0000000008001484                setCHBFreq2
 .text.defineFiringActiveFBPins
                0x00000000080014ac       0x48 ./Core/Src/FibreOpticHAL.o
                0x00000000080014ac                defineFiringActiveFBPins
 .text.defineSoloEnablePins
                0x00000000080014f4       0x48 ./Core/Src/FibreOpticHAL.o
                0x00000000080014f4                defineSoloEnablePins
 .text.isFiringActiveCHA
                0x000000000800153c       0x2c ./Core/Src/FibreOpticHAL.o
                0x000000000800153c                isFiringActiveCHA
 .text.isFiringActiveCHB
                0x0000000008001568       0x2c ./Core/Src/FibreOpticHAL.o
                0x0000000008001568                isFiringActiveCHB
 .text.setCHASoloEnable
                0x0000000008001594       0x2c ./Core/Src/FibreOpticHAL.o
                0x0000000008001594                setCHASoloEnable
 .text.setCHBSoloEnable
                0x00000000080015c0       0x2c ./Core/Src/FibreOpticHAL.o
                0x00000000080015c0                setCHBSoloEnable
 *fill*         0x00000000080015ec        0x4 
 .text.populateFreqs
                0x00000000080015f0       0xa0 ./Core/Src/Midi.o
                0x00000000080015f0                populateFreqs
 .text.initMIDI
                0x0000000008001690        0xc ./Core/Src/Midi.o
                0x0000000008001690                initMIDI
 .text.freqFromMIDINote
                0x000000000800169c       0x34 ./Core/Src/Midi.o
                0x000000000800169c                freqFromMIDINote
 .text.serial_received
                0x00000000080016d0       0x74 ./Core/Src/Midi.o
                0x00000000080016d0                serial_received
 .text.registerMIDIEnable
                0x0000000008001744       0x20 ./Core/Src/Midi.o
                0x0000000008001744                registerMIDIEnable
 .text.processMIDIOnCMD
                0x0000000008001764       0xb8 ./Core/Src/Midi.o
                0x0000000008001764                processMIDIOnCMD
 .text.processMIDIOffCMD
                0x000000000800181c       0x74 ./Core/Src/Midi.o
                0x000000000800181c                processMIDIOffCMD
 .text.registerMidiChannels
                0x0000000008001890       0x44 ./Core/Src/Midi.o
                0x0000000008001890                registerMidiChannels
 .text.Lcd_create
                0x00000000080018d4       0x56 ./Core/Src/lcd.o
                0x00000000080018d4                Lcd_create
 .text.Lcd_init
                0x000000000800192a       0x52 ./Core/Src/lcd.o
                0x000000000800192a                Lcd_init
 .text.Lcd_int  0x000000000800197c       0x30 ./Core/Src/lcd.o
                0x000000000800197c                Lcd_int
 .text.Lcd_string
                0x00000000080019ac       0x3e ./Core/Src/lcd.o
                0x00000000080019ac                Lcd_string
 *fill*         0x00000000080019ea        0x2 
 .text.Lcd_cursor
                0x00000000080019ec       0x34 ./Core/Src/lcd.o
                0x00000000080019ec                Lcd_cursor
 .text.lcd_write_command
                0x0000000008001a20       0x5c ./Core/Src/lcd.o
 .text.lcd_write_data
                0x0000000008001a7c       0x5c ./Core/Src/lcd.o
 .text.lcd_write
                0x0000000008001ad8       0x86 ./Core/Src/lcd.o
 *fill*         0x0000000008001b5e        0x2 
 .text.main     0x0000000008001b60      0x244 ./Core/Src/main.o
                0x0000000008001b60                main
 .text.SystemClock_Config
                0x0000000008001da4       0xd0 ./Core/Src/main.o
                0x0000000008001da4                SystemClock_Config
 .text.MX_TIM1_Init
                0x0000000008001e74      0x144 ./Core/Src/main.o
 .text.MX_TIM2_Init
                0x0000000008001fb8       0xe8 ./Core/Src/main.o
 .text.MX_TIM3_Init
                0x00000000080020a0      0x100 ./Core/Src/main.o
 .text.MX_TIM4_Init
                0x00000000080021a0      0x100 ./Core/Src/main.o
 .text.MX_TIM5_Init
                0x00000000080022a0       0xe8 ./Core/Src/main.o
 .text.MX_TIM9_Init
                0x0000000008002388       0x74 ./Core/Src/main.o
 .text.MX_TIM10_Init
                0x00000000080023fc       0x94 ./Core/Src/main.o
 .text.MX_TIM11_Init
                0x0000000008002490       0x94 ./Core/Src/main.o
 .text.MX_GPIO_Init
                0x0000000008002524      0x194 ./Core/Src/main.o
 .text._write   0x00000000080026b8       0x1e ./Core/Src/main.o
                0x00000000080026b8                _write
 *fill*         0x00000000080026d6        0x2 
 .text.checkChannelTimeouts
                0x00000000080026d8       0xb4 ./Core/Src/main.o
                0x00000000080026d8                checkChannelTimeouts
 .text.interuptCHA
                0x000000000800278c       0x2c ./Core/Src/main.o
                0x000000000800278c                interuptCHA
 .text.interuptCHB
                0x00000000080027b8       0x20 ./Core/Src/main.o
                0x00000000080027b8                interuptCHB
 .text.HAL_TIM_PeriodElapsedCallback
                0x00000000080027d8       0xac ./Core/Src/main.o
                0x00000000080027d8                HAL_TIM_PeriodElapsedCallback
 .text.HAL_GPIO_EXTI_Callback
                0x0000000008002884      0x17c ./Core/Src/main.o
                0x0000000008002884                HAL_GPIO_EXTI_Callback
 .text.shutdownFixedFreq
                0x0000000008002a00       0x2c ./Core/Src/main.o
                0x0000000008002a00                shutdownFixedFreq
 .text.updateDisplay
                0x0000000008002a2c       0xf4 ./Core/Src/main.o
                0x0000000008002a2c                updateDisplay
 .text.updateDisplayFeedback
                0x0000000008002b20      0x198 ./Core/Src/main.o
                0x0000000008002b20                updateDisplayFeedback
 .text.updateHardware
                0x0000000008002cb8      0x138 ./Core/Src/main.o
                0x0000000008002cb8                updateHardware
 .text.Error_Handler
                0x0000000008002df0        0xa ./Core/Src/main.o
                0x0000000008002df0                Error_Handler
 *fill*         0x0000000008002dfa        0x2 
 .text.initMenu
                0x0000000008002dfc       0x6c ./Core/Src/menu.o
                0x0000000008002dfc                initMenu
 .text.menuEncoderRotate
                0x0000000008002e68       0x2c ./Core/Src/menu.o
                0x0000000008002e68                menuEncoderRotate
 .text.advanceParam
                0x0000000008002e94      0x16c ./Core/Src/menu.o
                0x0000000008002e94                advanceParam
 .text.limitValue
                0x0000000008003000       0x34 ./Core/Src/menu.o
                0x0000000008003000                limitValue
 .text.advanceF1
                0x0000000008003034       0x3e ./Core/Src/menu.o
                0x0000000008003034                advanceF1
 .text.advanceF2
                0x0000000008003072       0x3e ./Core/Src/menu.o
                0x0000000008003072                advanceF2
 .text.advanceDel
                0x00000000080030b0       0x52 ./Core/Src/menu.o
                0x00000000080030b0                advanceDel
 .text.advanceDwell
                0x0000000008003102       0x3c ./Core/Src/menu.o
                0x0000000008003102                advanceDwell
 .text.advanceCH1
                0x000000000800313e       0x34 ./Core/Src/menu.o
                0x000000000800313e                advanceCH1
 .text.advanceCH2
                0x0000000008003172       0x34 ./Core/Src/menu.o
                0x0000000008003172                advanceCH2
 .text.advanceSolo
                0x00000000080031a6       0x22 ./Core/Src/menu.o
                0x00000000080031a6                advanceSolo
 .text.menuButPush
                0x00000000080031c8       0x2c ./Core/Src/menu.o
                0x00000000080031c8                menuButPush
 .text.menuButDoublePush
                0x00000000080031f4        0xc ./Core/Src/menu.o
                0x00000000080031f4                menuButDoublePush
 .text.advanceSubMenu
                0x0000000008003200       0x6c ./Core/Src/menu.o
                0x0000000008003200                advanceSubMenu
 .text.advanceMenu
                0x000000000800326c       0x4c ./Core/Src/menu.o
                0x000000000800326c                advanceMenu
 .text.currentMenuText
                0x00000000080032b8       0x38 ./Core/Src/menu.o
                0x00000000080032b8                currentMenuText
 .text.currentSubMenuText
                0x00000000080032f0      0x128 ./Core/Src/menu.o
                0x00000000080032f0                currentSubMenuText
 .text.currentMenuParameter
                0x0000000008003418      0x120 ./Core/Src/menu.o
                0x0000000008003418                currentMenuParameter
 .text.HAL_MspInit
                0x0000000008003538       0x50 ./Core/Src/stm32f4xx_hal_msp.o
                0x0000000008003538                HAL_MspInit
 .text.HAL_TIM_Base_MspInit
                0x0000000008003588      0x210 ./Core/Src/stm32f4xx_hal_msp.o
                0x0000000008003588                HAL_TIM_Base_MspInit
 .text.HAL_TIM_MspPostInit
                0x0000000008003798      0x114 ./Core/Src/stm32f4xx_hal_msp.o
                0x0000000008003798                HAL_TIM_MspPostInit
 .text.NMI_Handler
                0x00000000080038ac        0x6 ./Core/Src/stm32f4xx_it.o
                0x00000000080038ac                NMI_Handler
 .text.HardFault_Handler
                0x00000000080038b2        0x6 ./Core/Src/stm32f4xx_it.o
                0x00000000080038b2                HardFault_Handler
 .text.MemManage_Handler
                0x00000000080038b8        0x6 ./Core/Src/stm32f4xx_it.o
                0x00000000080038b8                MemManage_Handler
 .text.BusFault_Handler
                0x00000000080038be        0x6 ./Core/Src/stm32f4xx_it.o
                0x00000000080038be                BusFault_Handler
 .text.UsageFault_Handler
                0x00000000080038c4        0x6 ./Core/Src/stm32f4xx_it.o
                0x00000000080038c4                UsageFault_Handler
 .text.SVC_Handler
                0x00000000080038ca        0xe ./Core/Src/stm32f4xx_it.o
                0x00000000080038ca                SVC_Handler
 .text.DebugMon_Handler
                0x00000000080038d8        0xe ./Core/Src/stm32f4xx_it.o
                0x00000000080038d8                DebugMon_Handler
 .text.PendSV_Handler
                0x00000000080038e6        0xe ./Core/Src/stm32f4xx_it.o
                0x00000000080038e6                PendSV_Handler
 .text.SysTick_Handler
                0x00000000080038f4        0xc ./Core/Src/stm32f4xx_it.o
                0x00000000080038f4                SysTick_Handler
 .text.EXTI9_5_IRQHandler
                0x0000000008003900       0x1c ./Core/Src/stm32f4xx_it.o
                0x0000000008003900                EXTI9_5_IRQHandler
 .text.TIM1_BRK_TIM9_IRQHandler
                0x000000000800391c       0x1c ./Core/Src/stm32f4xx_it.o
                0x000000000800391c                TIM1_BRK_TIM9_IRQHandler
 .text.TIM1_UP_TIM10_IRQHandler
                0x0000000008003938       0x1c ./Core/Src/stm32f4xx_it.o
                0x0000000008003938                TIM1_UP_TIM10_IRQHandler
 .text.TIM1_TRG_COM_TIM11_IRQHandler
                0x0000000008003954       0x1c ./Core/Src/stm32f4xx_it.o
                0x0000000008003954                TIM1_TRG_COM_TIM11_IRQHandler
 .text.TIM2_IRQHandler
                0x0000000008003970       0x14 ./Core/Src/stm32f4xx_it.o
                0x0000000008003970                TIM2_IRQHandler
 .text.TIM3_IRQHandler
                0x0000000008003984       0x14 ./Core/Src/stm32f4xx_it.o
                0x0000000008003984                TIM3_IRQHandler
 .text.TIM4_IRQHandler
                0x0000000008003998       0x14 ./Core/Src/stm32f4xx_it.o
                0x0000000008003998                TIM4_IRQHandler
 .text.TIM5_IRQHandler
                0x00000000080039ac       0x14 ./Core/Src/stm32f4xx_it.o
                0x00000000080039ac                TIM5_IRQHandler
 .text.OTG_FS_IRQHandler
                0x00000000080039c0       0x14 ./Core/Src/stm32f4xx_it.o
                0x00000000080039c0                OTG_FS_IRQHandler
 .text._read    0x00000000080039d4       0x3a ./Core/Src/syscalls.o
                0x00000000080039d4                _read
 .text._close   0x0000000008003a0e       0x18 ./Core/Src/syscalls.o
                0x0000000008003a0e                _close
 .text._fstat   0x0000000008003a26       0x20 ./Core/Src/syscalls.o
                0x0000000008003a26                _fstat
 .text._isatty  0x0000000008003a46       0x16 ./Core/Src/syscalls.o
                0x0000000008003a46                _isatty
 .text._lseek   0x0000000008003a5c       0x1a ./Core/Src/syscalls.o
                0x0000000008003a5c                _lseek
 *fill*         0x0000000008003a76        0x2 
 .text._sbrk    0x0000000008003a78       0x6c ./Core/Src/sysmem.o
                0x0000000008003a78                _sbrk
 .text.SystemInit
                0x0000000008003ae4       0x24 ./Core/Src/system_stm32f4xx.o
                0x0000000008003ae4                SystemInit
 .text.Reset_Handler
                0x0000000008003b08       0x50 ./Core/Startup/startup_stm32f411ceux.o
                0x0000000008003b08                Reset_Handler
 .text.Default_Handler
                0x0000000008003b58        0x2 ./Core/Startup/startup_stm32f411ceux.o
                0x0000000008003b58                RTC_Alarm_IRQHandler
                0x0000000008003b58                EXTI2_IRQHandler
                0x0000000008003b58                SPI4_IRQHandler
                0x0000000008003b58                TIM1_CC_IRQHandler
                0x0000000008003b58                DMA2_Stream5_IRQHandler
                0x0000000008003b58                DMA1_Stream5_IRQHandler
                0x0000000008003b58                PVD_IRQHandler
                0x0000000008003b58                SDIO_IRQHandler
                0x0000000008003b58                TAMP_STAMP_IRQHandler
                0x0000000008003b58                EXTI3_IRQHandler
                0x0000000008003b58                I2C3_ER_IRQHandler
                0x0000000008003b58                EXTI0_IRQHandler
                0x0000000008003b58                I2C2_EV_IRQHandler
                0x0000000008003b58                DMA1_Stream2_IRQHandler
                0x0000000008003b58                FPU_IRQHandler
                0x0000000008003b58                DMA2_Stream2_IRQHandler
                0x0000000008003b58                SPI1_IRQHandler
                0x0000000008003b58                DMA2_Stream3_IRQHandler
                0x0000000008003b58                USART6_IRQHandler
                0x0000000008003b58                DMA2_Stream0_IRQHandler
                0x0000000008003b58                I2C1_EV_IRQHandler
                0x0000000008003b58                DMA1_Stream6_IRQHandler
                0x0000000008003b58                DMA1_Stream1_IRQHandler
                0x0000000008003b58                RCC_IRQHandler
                0x0000000008003b58                Default_Handler
                0x0000000008003b58                EXTI15_10_IRQHandler
                0x0000000008003b58                ADC_IRQHandler
                0x0000000008003b58                DMA1_Stream7_IRQHandler
                0x0000000008003b58                SPI5_IRQHandler
                0x0000000008003b58                DMA2_Stream7_IRQHandler
                0x0000000008003b58                I2C3_EV_IRQHandler
                0x0000000008003b58                RTC_WKUP_IRQHandler
                0x0000000008003b58                SPI2_IRQHandler
                0x0000000008003b58                DMA1_Stream0_IRQHandler
                0x0000000008003b58                EXTI4_IRQHandler
                0x0000000008003b58                WWDG_IRQHandler
                0x0000000008003b58                OTG_FS_WKUP_IRQHandler
                0x0000000008003b58                EXTI1_IRQHandler
                0x0000000008003b58                USART2_IRQHandler
                0x0000000008003b58                I2C2_ER_IRQHandler
                0x0000000008003b58                DMA2_Stream1_IRQHandler
                0x0000000008003b58                FLASH_IRQHandler
                0x0000000008003b58                DMA2_Stream4_IRQHandler
                0x0000000008003b58                USART1_IRQHandler
                0x0000000008003b58                SPI3_IRQHandler
                0x0000000008003b58                DMA1_Stream4_IRQHandler
                0x0000000008003b58                I2C1_ER_IRQHandler
                0x0000000008003b58                DMA2_Stream6_IRQHandler
                0x0000000008003b58                DMA1_Stream3_IRQHandler
 *fill*         0x0000000008003b5a        0x2 
 .text.HAL_Init
                0x0000000008003b5c       0x44 ./Drivers/STM32F4xx_HAL_Driver/Src/stm32f4xx_hal.o
                0x0000000008003b5c                HAL_Init
 .text.HAL_InitTick
                0x0000000008003ba0       0x60 ./Drivers/STM32F4xx_HAL_Driver/Src/stm32f4xx_hal.o
                0x0000000008003ba0                HAL_InitTick
 .text.HAL_IncTick
                0x0000000008003c00       0x28 ./Drivers/STM32F4xx_HAL_Driver/Src/stm32f4xx_hal.o
                0x0000000008003c00                HAL_IncTick
 .text.HAL_GetTick
                0x0000000008003c28       0x18 ./Drivers/STM32F4xx_HAL_Driver/Src/stm32f4xx_hal.o
                0x0000000008003c28                HAL_GetTick
 .text.HAL_Delay
                0x0000000008003c40       0x48 ./Drivers/STM32F4xx_HAL_Driver/Src/stm32f4xx_hal.o
                0x0000000008003c40                HAL_Delay
 .text.__NVIC_SetPriorityGrouping
                0x0000000008003c88       0x48 ./Drivers/STM32F4xx_HAL_Driver/Src/stm32f4xx_hal_cortex.o
 .text.__NVIC_GetPriorityGrouping
                0x0000000008003cd0       0x1c ./Drivers/STM32F4xx_HAL_Driver/Src/stm32f4xx_hal_cortex.o
 .text.__NVIC_EnableIRQ
                0x0000000008003cec       0x3c ./Drivers/STM32F4xx_HAL_Driver/Src/stm32f4xx_hal_cortex.o
 .text.__NVIC_SetPriority
                0x0000000008003d28       0x54 ./Drivers/STM32F4xx_HAL_Driver/Src/stm32f4xx_hal_cortex.o
 .text.NVIC_EncodePriority
                0x0000000008003d7c       0x66 ./Drivers/STM32F4xx_HAL_Driver/Src/stm32f4xx_hal_cortex.o
 *fill*         0x0000000008003de2        0x2 
 .text.SysTick_Config
                0x0000000008003de4       0x44 ./Drivers/STM32F4xx_HAL_Driver/Src/stm32f4xx_hal_cortex.o
 .text.HAL_NVIC_SetPriorityGrouping
                0x0000000008003e28       0x16 ./Drivers/STM32F4xx_HAL_Driver/Src/stm32f4xx_hal_cortex.o
                0x0000000008003e28                HAL_NVIC_SetPriorityGrouping
 .text.HAL_NVIC_SetPriority
                0x0000000008003e3e       0x38 ./Drivers/STM32F4xx_HAL_Driver/Src/stm32f4xx_hal_cortex.o
                0x0000000008003e3e                HAL_NVIC_SetPriority
 .text.HAL_NVIC_EnableIRQ
                0x0000000008003e76       0x1c ./Drivers/STM32F4xx_HAL_Driver/Src/stm32f4xx_hal_cortex.o
                0x0000000008003e76                HAL_NVIC_EnableIRQ
 .text.HAL_SYSTICK_Config
                0x0000000008003e92       0x18 ./Drivers/STM32F4xx_HAL_Driver/Src/stm32f4xx_hal_cortex.o
                0x0000000008003e92                HAL_SYSTICK_Config
 *fill*         0x0000000008003eaa        0x2 
 .text.HAL_GPIO_Init
                0x0000000008003eac      0x308 ./Drivers/STM32F4xx_HAL_Driver/Src/stm32f4xx_hal_gpio.o
                0x0000000008003eac                HAL_GPIO_Init
 .text.HAL_GPIO_ReadPin
                0x00000000080041b4       0x30 ./Drivers/STM32F4xx_HAL_Driver/Src/stm32f4xx_hal_gpio.o
                0x00000000080041b4                HAL_GPIO_ReadPin
 .text.HAL_GPIO_WritePin
                0x00000000080041e4       0x32 ./Drivers/STM32F4xx_HAL_Driver/Src/stm32f4xx_hal_gpio.o
                0x00000000080041e4                HAL_GPIO_WritePin
 *fill*         0x0000000008004216        0x2 
 .text.HAL_GPIO_EXTI_IRQHandler
                0x0000000008004218       0x30 ./Drivers/STM32F4xx_HAL_Driver/Src/stm32f4xx_hal_gpio.o
                0x0000000008004218                HAL_GPIO_EXTI_IRQHandler
 .text.HAL_PCD_Init
                0x0000000008004248      0x23a ./Drivers/STM32F4xx_HAL_Driver/Src/stm32f4xx_hal_pcd.o
                0x0000000008004248                HAL_PCD_Init
 .text.HAL_PCD_Start
                0x0000000008004482       0x66 ./Drivers/STM32F4xx_HAL_Driver/Src/stm32f4xx_hal_pcd.o
                0x0000000008004482                HAL_PCD_Start
 .text.HAL_PCD_IRQHandler
                0x00000000080044e8      0x93e ./Drivers/STM32F4xx_HAL_Driver/Src/stm32f4xx_hal_pcd.o
                0x00000000080044e8                HAL_PCD_IRQHandler
 .text.HAL_PCD_SetAddress
                0x0000000008004e26       0x4a ./Drivers/STM32F4xx_HAL_Driver/Src/stm32f4xx_hal_pcd.o
                0x0000000008004e26                HAL_PCD_SetAddress
 .text.HAL_PCD_EP_Open
                0x0000000008004e70       0xd0 ./Drivers/STM32F4xx_HAL_Driver/Src/stm32f4xx_hal_pcd.o
                0x0000000008004e70                HAL_PCD_EP_Open
 .text.HAL_PCD_EP_Close
                0x0000000008004f40       0x94 ./Drivers/STM32F4xx_HAL_Driver/Src/stm32f4xx_hal_pcd.o
                0x0000000008004f40                HAL_PCD_EP_Close
 .text.HAL_PCD_EP_Receive
                0x0000000008004fd4       0x96 ./Drivers/STM32F4xx_HAL_Driver/Src/stm32f4xx_hal_pcd.o
                0x0000000008004fd4                HAL_PCD_EP_Receive
 .text.HAL_PCD_EP_GetRxCount
                0x000000000800506a       0x30 ./Drivers/STM32F4xx_HAL_Driver/Src/stm32f4xx_hal_pcd.o
                0x000000000800506a                HAL_PCD_EP_GetRxCount
 .text.HAL_PCD_EP_Transmit
                0x000000000800509a       0x94 ./Drivers/STM32F4xx_HAL_Driver/Src/stm32f4xx_hal_pcd.o
                0x000000000800509a                HAL_PCD_EP_Transmit
 .text.HAL_PCD_EP_SetStall
                0x000000000800512e       0xc8 ./Drivers/STM32F4xx_HAL_Driver/Src/stm32f4xx_hal_pcd.o
                0x000000000800512e                HAL_PCD_EP_SetStall
 .text.HAL_PCD_EP_ClrStall
                0x00000000080051f6       0xac ./Drivers/STM32F4xx_HAL_Driver/Src/stm32f4xx_hal_pcd.o
                0x00000000080051f6                HAL_PCD_EP_ClrStall
 .text.HAL_PCD_EP_Abort
                0x00000000080052a2       0x62 ./Drivers/STM32F4xx_HAL_Driver/Src/stm32f4xx_hal_pcd.o
                0x00000000080052a2                HAL_PCD_EP_Abort
 .text.PCD_WriteEmptyTxFifo
                0x0000000008005304      0x11a ./Drivers/STM32F4xx_HAL_Driver/Src/stm32f4xx_hal_pcd.o
 *fill*         0x000000000800541e        0x2 
 .text.PCD_EP_OutXfrComplete_int
                0x0000000008005420      0x1d0 ./Drivers/STM32F4xx_HAL_Driver/Src/stm32f4xx_hal_pcd.o
 .text.PCD_EP_OutSetupPacket_int
                0x00000000080055f0       0x8c ./Drivers/STM32F4xx_HAL_Driver/Src/stm32f4xx_hal_pcd.o
 .text.HAL_PCDEx_SetTxFiFo
                0x000000000800567c       0x8e ./Drivers/STM32F4xx_HAL_Driver/Src/stm32f4xx_hal_pcd_ex.o
                0x000000000800567c                HAL_PCDEx_SetTxFiFo
 .text.HAL_PCDEx_SetRxFiFo
                0x000000000800570a       0x22 ./Drivers/STM32F4xx_HAL_Driver/Src/stm32f4xx_hal_pcd_ex.o
                0x000000000800570a                HAL_PCDEx_SetRxFiFo
 .text.HAL_PCDEx_LPM_Callback
                0x000000000800572c       0x18 ./Drivers/STM32F4xx_HAL_Driver/Src/stm32f4xx_hal_pcd_ex.o
                0x000000000800572c                HAL_PCDEx_LPM_Callback
 .text.HAL_RCC_OscConfig
                0x0000000008005744      0x4f0 ./Drivers/STM32F4xx_HAL_Driver/Src/stm32f4xx_hal_rcc.o
                0x0000000008005744                HAL_RCC_OscConfig
 .text.HAL_RCC_ClockConfig
                0x0000000008005c34      0x1cc ./Drivers/STM32F4xx_HAL_Driver/Src/stm32f4xx_hal_rcc.o
                0x0000000008005c34                HAL_RCC_ClockConfig
 .text.HAL_RCC_GetSysClockFreq
                0x0000000008005e00      0x18c ./Drivers/STM32F4xx_HAL_Driver/Src/stm32f4xx_hal_rcc.o
                0x0000000008005e00                HAL_RCC_GetSysClockFreq
 .text.HAL_RCC_GetHCLKFreq
                0x0000000008005f8c       0x18 ./Drivers/STM32F4xx_HAL_Driver/Src/stm32f4xx_hal_rcc.o
                0x0000000008005f8c                HAL_RCC_GetHCLKFreq
 .text.HAL_TIM_Base_Init
                0x0000000008005fa4       0x9e ./Drivers/STM32F4xx_HAL_Driver/Src/stm32f4xx_hal_tim.o
                0x0000000008005fa4                HAL_TIM_Base_Init
 *fill*         0x0000000008006042        0x2 
 .text.HAL_TIM_Base_Start_IT
                0x0000000008006044       0xc4 ./Drivers/STM32F4xx_HAL_Driver/Src/stm32f4xx_hal_tim.o
                0x0000000008006044                HAL_TIM_Base_Start_IT
 .text.HAL_TIM_Base_Stop_IT
                0x0000000008006108       0x5e ./Drivers/STM32F4xx_HAL_Driver/Src/stm32f4xx_hal_tim.o
                0x0000000008006108                HAL_TIM_Base_Stop_IT
 .text.HAL_TIM_OC_Init
                0x0000000008006166       0x9e ./Drivers/STM32F4xx_HAL_Driver/Src/stm32f4xx_hal_tim.o
                0x0000000008006166                HAL_TIM_OC_Init
 .text.HAL_TIM_OC_MspInit
                0x0000000008006204       0x14 ./Drivers/STM32F4xx_HAL_Driver/Src/stm32f4xx_hal_tim.o
                0x0000000008006204                HAL_TIM_OC_MspInit
 .text.HAL_TIM_PWM_Init
                0x0000000008006218       0x9e ./Drivers/STM32F4xx_HAL_Driver/Src/stm32f4xx_hal_tim.o
                0x0000000008006218                HAL_TIM_PWM_Init
 .text.HAL_TIM_PWM_MspInit
                0x00000000080062b6       0x14 ./Drivers/STM32F4xx_HAL_Driver/Src/stm32f4xx_hal_tim.o
                0x00000000080062b6                HAL_TIM_PWM_MspInit
 *fill*         0x00000000080062ca        0x2 
 .text.HAL_TIM_PWM_Start_IT
                0x00000000080062cc      0x1fc ./Drivers/STM32F4xx_HAL_Driver/Src/stm32f4xx_hal_tim.o
                0x00000000080062cc                HAL_TIM_PWM_Start_IT
 .text.HAL_TIM_PWM_Stop_IT
                0x00000000080064c8      0x164 ./Drivers/STM32F4xx_HAL_Driver/Src/stm32f4xx_hal_tim.o
                0x00000000080064c8                HAL_TIM_PWM_Stop_IT
 .text.HAL_TIM_OnePulse_Init
                0x000000000800662c       0xa0 ./Drivers/STM32F4xx_HAL_Driver/Src/stm32f4xx_hal_tim.o
                0x000000000800662c                HAL_TIM_OnePulse_Init
 .text.HAL_TIM_OnePulse_MspInit
                0x00000000080066cc       0x14 ./Drivers/STM32F4xx_HAL_Driver/Src/stm32f4xx_hal_tim.o
                0x00000000080066cc                HAL_TIM_OnePulse_MspInit
 .text.HAL_TIM_IRQHandler
                0x00000000080066e0      0x210 ./Drivers/STM32F4xx_HAL_Driver/Src/stm32f4xx_hal_tim.o
                0x00000000080066e0                HAL_TIM_IRQHandler
 .text.HAL_TIM_OC_ConfigChannel
                0x00000000080068f0       0xb8 ./Drivers/STM32F4xx_HAL_Driver/Src/stm32f4xx_hal_tim.o
                0x00000000080068f0                HAL_TIM_OC_ConfigChannel
 .text.HAL_TIM_PWM_ConfigChannel
                0x00000000080069a8      0x184 ./Drivers/STM32F4xx_HAL_Driver/Src/stm32f4xx_hal_tim.o
                0x00000000080069a8                HAL_TIM_PWM_ConfigChannel
 .text.HAL_TIM_ConfigClockSource
                0x0000000008006b2c      0x18e ./Drivers/STM32F4xx_HAL_Driver/Src/stm32f4xx_hal_tim.o
                0x0000000008006b2c                HAL_TIM_ConfigClockSource
 .text.HAL_TIM_OC_DelayElapsedCallback
                0x0000000008006cba       0x14 ./Drivers/STM32F4xx_HAL_Driver/Src/stm32f4xx_hal_tim.o
                0x0000000008006cba                HAL_TIM_OC_DelayElapsedCallback
 .text.HAL_TIM_IC_CaptureCallback
                0x0000000008006cce       0x14 ./Drivers/STM32F4xx_HAL_Driver/Src/stm32f4xx_hal_tim.o
                0x0000000008006cce                HAL_TIM_IC_CaptureCallback
 .text.HAL_TIM_PWM_PulseFinishedCallback
                0x0000000008006ce2       0x14 ./Drivers/STM32F4xx_HAL_Driver/Src/stm32f4xx_hal_tim.o
                0x0000000008006ce2                HAL_TIM_PWM_PulseFinishedCallback
 .text.HAL_TIM_TriggerCallback
                0x0000000008006cf6       0x14 ./Drivers/STM32F4xx_HAL_Driver/Src/stm32f4xx_hal_tim.o
                0x0000000008006cf6                HAL_TIM_TriggerCallback
 *fill*         0x0000000008006d0a        0x2 
 .text.TIM_Base_SetConfig
                0x0000000008006d0c      0x100 ./Drivers/STM32F4xx_HAL_Driver/Src/stm32f4xx_hal_tim.o
                0x0000000008006d0c                TIM_Base_SetConfig
 .text.TIM_OC1_SetConfig
                0x0000000008006e0c       0xcc ./Drivers/STM32F4xx_HAL_Driver/Src/stm32f4xx_hal_tim.o
 .text.TIM_OC2_SetConfig
                0x0000000008006ed8       0xd8 ./Drivers/STM32F4xx_HAL_Driver/Src/stm32f4xx_hal_tim.o
                0x0000000008006ed8                TIM_OC2_SetConfig
 .text.TIM_OC3_SetConfig
                0x0000000008006fb0       0xd4 ./Drivers/STM32F4xx_HAL_Driver/Src/stm32f4xx_hal_tim.o
 .text.TIM_OC4_SetConfig
                0x0000000008007084       0xa0 ./Drivers/STM32F4xx_HAL_Driver/Src/stm32f4xx_hal_tim.o
 .text.TIM_TI1_ConfigInputStage
                0x0000000008007124       0x5e ./Drivers/STM32F4xx_HAL_Driver/Src/stm32f4xx_hal_tim.o
 .text.TIM_TI2_ConfigInputStage
                0x0000000008007182       0x60 ./Drivers/STM32F4xx_HAL_Driver/Src/stm32f4xx_hal_tim.o
 .text.TIM_ITRx_SetConfig
                0x00000000080071e2       0x36 ./Drivers/STM32F4xx_HAL_Driver/Src/stm32f4xx_hal_tim.o
 .text.TIM_ETR_SetConfig
                0x0000000008007218       0x40 ./Drivers/STM32F4xx_HAL_Driver/Src/stm32f4xx_hal_tim.o
                0x0000000008007218                TIM_ETR_SetConfig
 .text.TIM_CCxChannelCmd
                0x0000000008007258       0x4a ./Drivers/STM32F4xx_HAL_Driver/Src/stm32f4xx_hal_tim.o
                0x0000000008007258                TIM_CCxChannelCmd
 *fill*         0x00000000080072a2        0x2 
 .text.HAL_TIMEx_MasterConfigSynchronization
                0x00000000080072a4       0xdc ./Drivers/STM32F4xx_HAL_Driver/Src/stm32f4xx_hal_tim_ex.o
                0x00000000080072a4                HAL_TIMEx_MasterConfigSynchronization
 .text.HAL_TIMEx_ConfigBreakDeadTime
                0x0000000008007380       0xa4 ./Drivers/STM32F4xx_HAL_Driver/Src/stm32f4xx_hal_tim_ex.o
                0x0000000008007380                HAL_TIMEx_ConfigBreakDeadTime
 .text.HAL_TIMEx_CommutCallback
                0x0000000008007424       0x14 ./Drivers/STM32F4xx_HAL_Driver/Src/stm32f4xx_hal_tim_ex.o
                0x0000000008007424                HAL_TIMEx_CommutCallback
 .text.HAL_TIMEx_BreakCallback
                0x0000000008007438       0x14 ./Drivers/STM32F4xx_HAL_Driver/Src/stm32f4xx_hal_tim_ex.o
                0x0000000008007438                HAL_TIMEx_BreakCallback
 .text.USB_CoreInit
                0x000000000800744c       0xc2 ./Drivers/STM32F4xx_HAL_Driver/Src/stm32f4xx_ll_usb.o
                0x000000000800744c                USB_CoreInit
 *fill*         0x000000000800750e        0x2 
 .text.USB_SetTurnaroundTime
                0x0000000008007510      0x144 ./Drivers/STM32F4xx_HAL_Driver/Src/stm32f4xx_ll_usb.o
                0x0000000008007510                USB_SetTurnaroundTime
 .text.USB_EnableGlobalInt
                0x0000000008007654       0x22 ./Drivers/STM32F4xx_HAL_Driver/Src/stm32f4xx_ll_usb.o
                0x0000000008007654                USB_EnableGlobalInt
 .text.USB_DisableGlobalInt
                0x0000000008007676       0x22 ./Drivers/STM32F4xx_HAL_Driver/Src/stm32f4xx_ll_usb.o
                0x0000000008007676                USB_DisableGlobalInt
 .text.USB_SetCurrentMode
                0x0000000008007698       0x98 ./Drivers/STM32F4xx_HAL_Driver/Src/stm32f4xx_ll_usb.o
                0x0000000008007698                USB_SetCurrentMode
 .text.USB_DevInit
                0x0000000008007730      0x2c8 ./Drivers/STM32F4xx_HAL_Driver/Src/stm32f4xx_ll_usb.o
                0x0000000008007730                USB_DevInit
 .text.USB_FlushTxFifo
                0x00000000080079f8       0x68 ./Drivers/STM32F4xx_HAL_Driver/Src/stm32f4xx_ll_usb.o
                0x00000000080079f8                USB_FlushTxFifo
 .text.USB_FlushRxFifo
                0x0000000008007a60       0x60 ./Drivers/STM32F4xx_HAL_Driver/Src/stm32f4xx_ll_usb.o
                0x0000000008007a60                USB_FlushRxFifo
 .text.USB_SetDevSpeed
                0x0000000008007ac0       0x32 ./Drivers/STM32F4xx_HAL_Driver/Src/stm32f4xx_ll_usb.o
                0x0000000008007ac0                USB_SetDevSpeed
 .text.USB_GetDevSpeed
                0x0000000008007af2       0x4a ./Drivers/STM32F4xx_HAL_Driver/Src/stm32f4xx_ll_usb.o
                0x0000000008007af2                USB_GetDevSpeed
 .text.USB_ActivateEndpoint
                0x0000000008007b3c      0x10e ./Drivers/STM32F4xx_HAL_Driver/Src/stm32f4xx_ll_usb.o
                0x0000000008007b3c                USB_ActivateEndpoint
 *fill*         0x0000000008007c4a        0x2 
 .text.USB_DeactivateEndpoint
                0x0000000008007c4c      0x1b8 ./Drivers/STM32F4xx_HAL_Driver/Src/stm32f4xx_ll_usb.o
                0x0000000008007c4c                USB_DeactivateEndpoint
 .text.USB_EPStartXfer
                0x0000000008007e04      0x490 ./Drivers/STM32F4xx_HAL_Driver/Src/stm32f4xx_ll_usb.o
                0x0000000008007e04                USB_EPStartXfer
 .text.USB_EP0StartXfer
                0x0000000008008294      0x2b0 ./Drivers/STM32F4xx_HAL_Driver/Src/stm32f4xx_ll_usb.o
                0x0000000008008294                USB_EP0StartXfer
 .text.USB_EPStopXfer
                0x0000000008008544      0x154 ./Drivers/STM32F4xx_HAL_Driver/Src/stm32f4xx_ll_usb.o
                0x0000000008008544                USB_EPStopXfer
 .text.USB_WritePacket
                0x0000000008008698       0x7c ./Drivers/STM32F4xx_HAL_Driver/Src/stm32f4xx_ll_usb.o
                0x0000000008008698                USB_WritePacket
 .text.USB_ReadPacket
                0x0000000008008714       0xb0 ./Drivers/STM32F4xx_HAL_Driver/Src/stm32f4xx_ll_usb.o
                0x0000000008008714                USB_ReadPacket
 .text.USB_EPSetStall
                0x00000000080087c4       0xdc ./Drivers/STM32F4xx_HAL_Driver/Src/stm32f4xx_ll_usb.o
                0x00000000080087c4                USB_EPSetStall
 .text.USB_EPClearStall
                0x00000000080088a0       0xcc ./Drivers/STM32F4xx_HAL_Driver/Src/stm32f4xx_ll_usb.o
                0x00000000080088a0                USB_EPClearStall
 .text.USB_SetDevAddress
                0x000000000800896c       0x4c ./Drivers/STM32F4xx_HAL_Driver/Src/stm32f4xx_ll_usb.o
                0x000000000800896c                USB_SetDevAddress
 .text.USB_DevConnect
                0x00000000080089b8       0x42 ./Drivers/STM32F4xx_HAL_Driver/Src/stm32f4xx_ll_usb.o
                0x00000000080089b8                USB_DevConnect
 .text.USB_DevDisconnect
                0x00000000080089fa       0x42 ./Drivers/STM32F4xx_HAL_Driver/Src/stm32f4xx_ll_usb.o
                0x00000000080089fa                USB_DevDisconnect
 .text.USB_ReadInterrupts
                0x0000000008008a3c       0x26 ./Drivers/STM32F4xx_HAL_Driver/Src/stm32f4xx_ll_usb.o
                0x0000000008008a3c                USB_ReadInterrupts
 .text.USB_ReadDevAllOutEpInterrupt
                0x0000000008008a62       0x34 ./Drivers/STM32F4xx_HAL_Driver/Src/stm32f4xx_ll_usb.o
                0x0000000008008a62                USB_ReadDevAllOutEpInterrupt
 .text.USB_ReadDevAllInEpInterrupt
                0x0000000008008a96       0x34 ./Drivers/STM32F4xx_HAL_Driver/Src/stm32f4xx_ll_usb.o
                0x0000000008008a96                USB_ReadDevAllInEpInterrupt
 .text.USB_ReadDevOutEPInterrupt
                0x0000000008008aca       0x3c ./Drivers/STM32F4xx_HAL_Driver/Src/stm32f4xx_ll_usb.o
                0x0000000008008aca                USB_ReadDevOutEPInterrupt
 .text.USB_ReadDevInEPInterrupt
                0x0000000008008b06       0x5c ./Drivers/STM32F4xx_HAL_Driver/Src/stm32f4xx_ll_usb.o
                0x0000000008008b06                USB_ReadDevInEPInterrupt
 .text.USB_GetMode
                0x0000000008008b62       0x1c ./Drivers/STM32F4xx_HAL_Driver/Src/stm32f4xx_ll_usb.o
                0x0000000008008b62                USB_GetMode
 .text.USB_ActivateSetup
                0x0000000008008b7e       0x46 ./Drivers/STM32F4xx_HAL_Driver/Src/stm32f4xx_ll_usb.o
                0x0000000008008b7e                USB_ActivateSetup
 .text.USB_EP0_OutStart
                0x0000000008008bc4       0xbc ./Drivers/STM32F4xx_HAL_Driver/Src/stm32f4xx_ll_usb.o
                0x0000000008008bc4                USB_EP0_OutStart
 .text.USB_CoreReset
                0x0000000008008c80       0x68 ./Drivers/STM32F4xx_HAL_Driver/Src/stm32f4xx_ll_usb.o
 .text.USBD_CDC_Init
                0x0000000008008ce8      0x1f0 ./Middlewares/ST/STM32_USB_Device_Library/Class/CDC/Src/usbd_cdc.o
 .text.USBD_CDC_DeInit
                0x0000000008008ed8      0x104 ./Middlewares/ST/STM32_USB_Device_Library/Class/CDC/Src/usbd_cdc.o
 .text.USBD_CDC_Setup
                0x0000000008008fdc      0x1b8 ./Middlewares/ST/STM32_USB_Device_Library/Class/CDC/Src/usbd_cdc.o
 .text.USBD_CDC_DataIn
                0x0000000008009194       0xfe ./Middlewares/ST/STM32_USB_Device_Library/Class/CDC/Src/usbd_cdc.o
 .text.USBD_CDC_DataOut
                0x0000000008009292       0x70 ./Middlewares/ST/STM32_USB_Device_Library/Class/CDC/Src/usbd_cdc.o
 .text.USBD_CDC_EP0_RxReady
                0x0000000008009302       0x76 ./Middlewares/ST/STM32_USB_Device_Library/Class/CDC/Src/usbd_cdc.o
 .text.USBD_CDC_GetFSCfgDesc
                0x0000000008009378       0x70 ./Middlewares/ST/STM32_USB_Device_Library/Class/CDC/Src/usbd_cdc.o
 .text.USBD_CDC_GetHSCfgDesc
                0x00000000080093e8       0x70 ./Middlewares/ST/STM32_USB_Device_Library/Class/CDC/Src/usbd_cdc.o
 .text.USBD_CDC_GetOtherSpeedCfgDesc
                0x0000000008009458       0x70 ./Middlewares/ST/STM32_USB_Device_Library/Class/CDC/Src/usbd_cdc.o
 .text.USBD_CDC_GetDeviceQualifierDescriptor
                0x00000000080094c8       0x20 ./Middlewares/ST/STM32_USB_Device_Library/Class/CDC/Src/usbd_cdc.o
                0x00000000080094c8                USBD_CDC_GetDeviceQualifierDescriptor
 .text.USBD_CDC_RegisterInterface
                0x00000000080094e8       0x34 ./Middlewares/ST/STM32_USB_Device_Library/Class/CDC/Src/usbd_cdc.o
                0x00000000080094e8                USBD_CDC_RegisterInterface
 .text.USBD_CDC_SetTxBuffer
                0x000000000800951c       0x44 ./Middlewares/ST/STM32_USB_Device_Library/Class/CDC/Src/usbd_cdc.o
                0x000000000800951c                USBD_CDC_SetTxBuffer
 .text.USBD_CDC_SetRxBuffer
                0x0000000008009560       0x3a ./Middlewares/ST/STM32_USB_Device_Library/Class/CDC/Src/usbd_cdc.o
                0x0000000008009560                USBD_CDC_SetRxBuffer
 *fill*         0x000000000800959a        0x2 
 .text.USBD_CDC_TransmitPacket
                0x000000000800959c       0x8c ./Middlewares/ST/STM32_USB_Device_Library/Class/CDC/Src/usbd_cdc.o
                0x000000000800959c                USBD_CDC_TransmitPacket
 .text.USBD_CDC_ReceivePacket
                0x0000000008009628       0x6c ./Middlewares/ST/STM32_USB_Device_Library/Class/CDC/Src/usbd_cdc.o
                0x0000000008009628                USBD_CDC_ReceivePacket
 .text.USBD_Init
                0x0000000008009694       0x60 ./Middlewares/ST/STM32_USB_Device_Library/Core/Src/usbd_core.o
                0x0000000008009694                USBD_Init
 .text.USBD_RegisterClass
                0x00000000080096f4       0x6c ./Middlewares/ST/STM32_USB_Device_Library/Core/Src/usbd_core.o
                0x00000000080096f4                USBD_RegisterClass
 .text.USBD_Start
                0x0000000008009760       0x18 ./Middlewares/ST/STM32_USB_Device_Library/Core/Src/usbd_core.o
                0x0000000008009760                USBD_Start
 .text.USBD_RunTestMode
                0x0000000008009778       0x16 ./Middlewares/ST/STM32_USB_Device_Library/Core/Src/usbd_core.o
                0x0000000008009778                USBD_RunTestMode
 .text.USBD_SetClassConfig
                0x000000000800978e       0x38 ./Middlewares/ST/STM32_USB_Device_Library/Core/Src/usbd_core.o
                0x000000000800978e                USBD_SetClassConfig
 .text.USBD_ClrClassConfig
                0x00000000080097c6       0x34 ./Middlewares/ST/STM32_USB_Device_Library/Core/Src/usbd_core.o
                0x00000000080097c6                USBD_ClrClassConfig
 .text.USBD_LL_SetupStage
                0x00000000080097fa       0xaa ./Middlewares/ST/STM32_USB_Device_Library/Core/Src/usbd_core.o
                0x00000000080097fa                USBD_LL_SetupStage
 .text.USBD_LL_DataOutStage
                0x00000000080098a4      0x166 ./Middlewares/ST/STM32_USB_Device_Library/Core/Src/usbd_core.o
                0x00000000080098a4                USBD_LL_DataOutStage
 .text.USBD_LL_DataInStage
                0x0000000008009a0a      0x164 ./Middlewares/ST/STM32_USB_Device_Library/Core/Src/usbd_core.o
                0x0000000008009a0a                USBD_LL_DataInStage
 .text.USBD_LL_Reset
                0x0000000008009b6e       0xa4 ./Middlewares/ST/STM32_USB_Device_Library/Core/Src/usbd_core.o
                0x0000000008009b6e                USBD_LL_Reset
 .text.USBD_LL_SetSpeed
                0x0000000008009c12       0x20 ./Middlewares/ST/STM32_USB_Device_Library/Core/Src/usbd_core.o
                0x0000000008009c12                USBD_LL_SetSpeed
 .text.USBD_LL_Suspend
                0x0000000008009c32       0x2c ./Middlewares/ST/STM32_USB_Device_Library/Core/Src/usbd_core.o
                0x0000000008009c32                USBD_LL_Suspend
 .text.USBD_LL_Resume
                0x0000000008009c5e       0x30 ./Middlewares/ST/STM32_USB_Device_Library/Core/Src/usbd_core.o
                0x0000000008009c5e                USBD_LL_Resume
 .text.USBD_LL_SOF
                0x0000000008009c8e       0x40 ./Middlewares/ST/STM32_USB_Device_Library/Core/Src/usbd_core.o
                0x0000000008009c8e                USBD_LL_SOF
 .text.USBD_LL_IsoINIncomplete
                0x0000000008009cce       0x64 ./Middlewares/ST/STM32_USB_Device_Library/Core/Src/usbd_core.o
                0x0000000008009cce                USBD_LL_IsoINIncomplete
 .text.USBD_LL_IsoOUTIncomplete
                0x0000000008009d32       0x64 ./Middlewares/ST/STM32_USB_Device_Library/Core/Src/usbd_core.o
                0x0000000008009d32                USBD_LL_IsoOUTIncomplete
 .text.USBD_LL_DevConnected
                0x0000000008009d96       0x16 ./Middlewares/ST/STM32_USB_Device_Library/Core/Src/usbd_core.o
                0x0000000008009d96                USBD_LL_DevConnected
 .text.USBD_LL_DevDisconnected
                0x0000000008009dac       0x46 ./Middlewares/ST/STM32_USB_Device_Library/Core/Src/usbd_core.o
                0x0000000008009dac                USBD_LL_DevDisconnected
 .text.USBD_CoreFindIF
                0x0000000008009df2       0x1a ./Middlewares/ST/STM32_USB_Device_Library/Core/Src/usbd_core.o
                0x0000000008009df2                USBD_CoreFindIF
 .text.USBD_CoreFindEP
                0x0000000008009e0c       0x1a ./Middlewares/ST/STM32_USB_Device_Library/Core/Src/usbd_core.o
                0x0000000008009e0c                USBD_CoreFindEP
 .text.USBD_GetEpDesc
                0x0000000008009e26       0x74 ./Middlewares/ST/STM32_USB_Device_Library/Core/Src/usbd_core.o
                0x0000000008009e26                USBD_GetEpDesc
 .text.USBD_GetNextDesc
                0x0000000008009e9a       0x3a ./Middlewares/ST/STM32_USB_Device_Library/Core/Src/usbd_core.o
                0x0000000008009e9a                USBD_GetNextDesc
 .text.SWAPBYTE
                0x0000000008009ed4       0x3c ./Middlewares/ST/STM32_USB_Device_Library/Core/Src/usbd_ctlreq.o
 .text.USBD_StdDevReq
                0x0000000008009f10       0xe4 ./Middlewares/ST/STM32_USB_Device_Library/Core/Src/usbd_ctlreq.o
                0x0000000008009f10                USBD_StdDevReq
 .text.USBD_StdItfReq
                0x0000000008009ff4       0xd8 ./Middlewares/ST/STM32_USB_Device_Library/Core/Src/usbd_ctlreq.o
                0x0000000008009ff4                USBD_StdItfReq
 .text.USBD_StdEPReq
                0x000000000800a0cc      0x33a ./Middlewares/ST/STM32_USB_Device_Library/Core/Src/usbd_ctlreq.o
                0x000000000800a0cc                USBD_StdEPReq
 *fill*         0x000000000800a406        0x2 
 .text.USBD_GetDescriptor
                0x000000000800a408      0x2d4 ./Middlewares/ST/STM32_USB_Device_Library/Core/Src/usbd_ctlreq.o
 .text.USBD_SetAddress
                0x000000000800a6dc       0x88 ./Middlewares/ST/STM32_USB_Device_Library/Core/Src/usbd_ctlreq.o
 .text.USBD_SetConfig
                0x000000000800a764      0x154 ./Middlewares/ST/STM32_USB_Device_Library/Core/Src/usbd_ctlreq.o
 .text.USBD_GetConfig
                0x000000000800a8b8       0x6c ./Middlewares/ST/STM32_USB_Device_Library/Core/Src/usbd_ctlreq.o
 .text.USBD_GetStatus
                0x000000000800a924       0x68 ./Middlewares/ST/STM32_USB_Device_Library/Core/Src/usbd_ctlreq.o
 .text.USBD_SetFeature
                0x000000000800a98c       0x52 ./Middlewares/ST/STM32_USB_Device_Library/Core/Src/usbd_ctlreq.o
 .text.USBD_ClrFeature
                0x000000000800a9de       0x44 ./Middlewares/ST/STM32_USB_Device_Library/Core/Src/usbd_ctlreq.o
 .text.USBD_ParseSetupRequest
                0x000000000800aa22       0x74 ./Middlewares/ST/STM32_USB_Device_Library/Core/Src/usbd_ctlreq.o
                0x000000000800aa22                USBD_ParseSetupRequest
 .text.USBD_CtlError
                0x000000000800aa96       0x22 ./Middlewares/ST/STM32_USB_Device_Library/Core/Src/usbd_ctlreq.o
                0x000000000800aa96                USBD_CtlError
 .text.USBD_GetString
                0x000000000800aab8       0x8c ./Middlewares/ST/STM32_USB_Device_Library/Core/Src/usbd_ctlreq.o
                0x000000000800aab8                USBD_GetString
 .text.USBD_GetLen
                0x000000000800ab44       0x34 ./Middlewares/ST/STM32_USB_Device_Library/Core/Src/usbd_ctlreq.o
 .text.USBD_CtlSendData
                0x000000000800ab78       0x36 ./Middlewares/ST/STM32_USB_Device_Library/Core/Src/usbd_ioreq.o
                0x000000000800ab78                USBD_CtlSendData
 .text.USBD_CtlContinueSendData
                0x000000000800abae       0x22 ./Middlewares/ST/STM32_USB_Device_Library/Core/Src/usbd_ioreq.o
                0x000000000800abae                USBD_CtlContinueSendData
 .text.USBD_CtlPrepareRx
                0x000000000800abd0       0x3a ./Middlewares/ST/STM32_USB_Device_Library/Core/Src/usbd_ioreq.o
                0x000000000800abd0                USBD_CtlPrepareRx
 .text.USBD_CtlContinueRx
                0x000000000800ac0a       0x22 ./Middlewares/ST/STM32_USB_Device_Library/Core/Src/usbd_ioreq.o
                0x000000000800ac0a                USBD_CtlContinueRx
 .text.USBD_CtlSendStatus
                0x000000000800ac2c       0x26 ./Middlewares/ST/STM32_USB_Device_Library/Core/Src/usbd_ioreq.o
                0x000000000800ac2c                USBD_CtlSendStatus
 .text.USBD_CtlReceiveStatus
                0x000000000800ac52       0x26 ./Middlewares/ST/STM32_USB_Device_Library/Core/Src/usbd_ioreq.o
                0x000000000800ac52                USBD_CtlReceiveStatus
 .text.MX_USB_DEVICE_Init
                0x000000000800ac78       0x60 ./USB_DEVICE/App/usb_device.o
                0x000000000800ac78                MX_USB_DEVICE_Init
 .text.CDC_Init_FS
                0x000000000800acd8       0x28 ./USB_DEVICE/App/usbd_cdc_if.o
 .text.CDC_DeInit_FS
                0x000000000800ad00       0x10 ./USB_DEVICE/App/usbd_cdc_if.o
 .text.CDC_Control_FS
                0x000000000800ad10       0xbc ./USB_DEVICE/App/usbd_cdc_if.o
 .text.CDC_Receive_FS
                0x000000000800adcc       0x5c ./USB_DEVICE/App/usbd_cdc_if.o
 .text.CDC_Transmit_FS
                0x000000000800ae28       0x4c ./USB_DEVICE/App/usbd_cdc_if.o
                0x000000000800ae28                CDC_Transmit_FS
 .text.CDC_TransmitCplt_FS
                0x000000000800ae74       0x22 ./USB_DEVICE/App/usbd_cdc_if.o
 *fill*         0x000000000800ae96        0x2 
 .text.USBD_FS_DeviceDescriptor
                0x000000000800ae98       0x24 ./USB_DEVICE/App/usbd_desc.o
                0x000000000800ae98                USBD_FS_DeviceDescriptor
 .text.USBD_FS_LangIDStrDescriptor
                0x000000000800aebc       0x24 ./USB_DEVICE/App/usbd_desc.o
                0x000000000800aebc                USBD_FS_LangIDStrDescriptor
 .text.USBD_FS_ProductStrDescriptor
                0x000000000800aee0       0x3c ./USB_DEVICE/App/usbd_desc.o
                0x000000000800aee0                USBD_FS_ProductStrDescriptor
 .text.USBD_FS_ManufacturerStrDescriptor
                0x000000000800af1c       0x28 ./USB_DEVICE/App/usbd_desc.o
                0x000000000800af1c                USBD_FS_ManufacturerStrDescriptor
 .text.USBD_FS_SerialStrDescriptor
                0x000000000800af44       0x24 ./USB_DEVICE/App/usbd_desc.o
                0x000000000800af44                USBD_FS_SerialStrDescriptor
 .text.USBD_FS_ConfigStrDescriptor
                0x000000000800af68       0x3c ./USB_DEVICE/App/usbd_desc.o
                0x000000000800af68                USBD_FS_ConfigStrDescriptor
 .text.USBD_FS_InterfaceStrDescriptor
                0x000000000800afa4       0x3c ./USB_DEVICE/App/usbd_desc.o
                0x000000000800afa4                USBD_FS_InterfaceStrDescriptor
 .text.Get_SerialNum
                0x000000000800afe0       0x58 ./USB_DEVICE/App/usbd_desc.o
 .text.IntToUnicode
                0x000000000800b038       0x7e ./USB_DEVICE/App/usbd_desc.o
 *fill*         0x000000000800b0b6        0x2 
 .text.HAL_PCD_MspInit
                0x000000000800b0b8       0xa8 ./USB_DEVICE/Target/usbd_conf.o
                0x000000000800b0b8                HAL_PCD_MspInit
 .text.HAL_PCD_SetupStageCallback
                0x000000000800b160       0x24 ./USB_DEVICE/Target/usbd_conf.o
                0x000000000800b160                HAL_PCD_SetupStageCallback
 .text.HAL_PCD_DataOutStageCallback
                0x000000000800b184       0x36 ./USB_DEVICE/Target/usbd_conf.o
                0x000000000800b184                HAL_PCD_DataOutStageCallback
 .text.HAL_PCD_DataInStageCallback
                0x000000000800b1ba       0x34 ./USB_DEVICE/Target/usbd_conf.o
                0x000000000800b1ba                HAL_PCD_DataInStageCallback
 .text.HAL_PCD_SOFCallback
                0x000000000800b1ee       0x1c ./USB_DEVICE/Target/usbd_conf.o
                0x000000000800b1ee                HAL_PCD_SOFCallback
 .text.HAL_PCD_ResetCallback
                0x000000000800b20a       0x3c ./USB_DEVICE/Target/usbd_conf.o
                0x000000000800b20a                HAL_PCD_ResetCallback
 *fill*         0x000000000800b246        0x2 
 .text.HAL_PCD_SuspendCallback
                0x000000000800b248       0x4c ./USB_DEVICE/Target/usbd_conf.o
                0x000000000800b248                HAL_PCD_SuspendCallback
 .text.HAL_PCD_ResumeCallback
                0x000000000800b294       0x1c ./USB_DEVICE/Target/usbd_conf.o
                0x000000000800b294                HAL_PCD_ResumeCallback
 .text.HAL_PCD_ISOOUTIncompleteCallback
                0x000000000800b2b0       0x24 ./USB_DEVICE/Target/usbd_conf.o
                0x000000000800b2b0                HAL_PCD_ISOOUTIncompleteCallback
 .text.HAL_PCD_ISOINIncompleteCallback
                0x000000000800b2d4       0x24 ./USB_DEVICE/Target/usbd_conf.o
                0x000000000800b2d4                HAL_PCD_ISOINIncompleteCallback
 .text.HAL_PCD_ConnectCallback
                0x000000000800b2f8       0x1c ./USB_DEVICE/Target/usbd_conf.o
                0x000000000800b2f8                HAL_PCD_ConnectCallback
 .text.HAL_PCD_DisconnectCallback
                0x000000000800b314       0x1c ./USB_DEVICE/Target/usbd_conf.o
                0x000000000800b314                HAL_PCD_DisconnectCallback
 .text.USBD_LL_Init
                0x000000000800b330       0x98 ./USB_DEVICE/Target/usbd_conf.o
                0x000000000800b330                USBD_LL_Init
 .text.USBD_LL_Start
                0x000000000800b3c8       0x36 ./USB_DEVICE/Target/usbd_conf.o
                0x000000000800b3c8                USBD_LL_Start
 .text.USBD_LL_OpenEP
                0x000000000800b3fe       0x4c ./USB_DEVICE/Target/usbd_conf.o
                0x000000000800b3fe                USBD_LL_OpenEP
 .text.USBD_LL_CloseEP
                0x000000000800b44a       0x3e ./USB_DEVICE/Target/usbd_conf.o
                0x000000000800b44a                USBD_LL_CloseEP
 .text.USBD_LL_StallEP
                0x000000000800b488       0x3e ./USB_DEVICE/Target/usbd_conf.o
                0x000000000800b488                USBD_LL_StallEP
 .text.USBD_LL_ClearStallEP
                0x000000000800b4c6       0x3e ./USB_DEVICE/Target/usbd_conf.o
                0x000000000800b4c6                USBD_LL_ClearStallEP
 .text.USBD_LL_IsStallEP
                0x000000000800b504       0x58 ./USB_DEVICE/Target/usbd_conf.o
                0x000000000800b504                USBD_LL_IsStallEP
 .text.USBD_LL_SetUSBAddress
                0x000000000800b55c       0x3e ./USB_DEVICE/Target/usbd_conf.o
                0x000000000800b55c                USBD_LL_SetUSBAddress
 .text.USBD_LL_Transmit
                0x000000000800b59a       0x42 ./USB_DEVICE/Target/usbd_conf.o
                0x000000000800b59a                USBD_LL_Transmit
 .text.USBD_LL_PrepareReceive
                0x000000000800b5dc       0x42 ./USB_DEVICE/Target/usbd_conf.o
                0x000000000800b5dc                USBD_LL_PrepareReceive
 .text.USBD_LL_GetRxDataSize
                0x000000000800b61e       0x26 ./USB_DEVICE/Target/usbd_conf.o
                0x000000000800b61e                USBD_LL_GetRxDataSize
 .text.USBD_static_malloc
                0x000000000800b644       0x1c ./USB_DEVICE/Target/usbd_conf.o
                0x000000000800b644                USBD_static_malloc
 .text.USBD_static_free
                0x000000000800b660       0x14 ./USB_DEVICE/Target/usbd_conf.o
                0x000000000800b660                USBD_static_free
 .text.USBD_Get_USB_Status
                0x000000000800b674       0x58 ./USB_DEVICE/Target/usbd_conf.o
                0x000000000800b674                USBD_Get_USB_Status
 .text.std      0x000000000800b6cc       0x6c C:/ST/STM32CubeIDE_1.12.1/STM32CubeIDE/plugins/com.st.stm32cube.ide.mcu.externaltools.gnu-tools-for-stm32.11.3.rel1.win32_1.1.1.202309131626/tools/bin/../lib/gcc/arm-none-eabi/11.3.1/../../../../arm-none-eabi/lib/thumb/v7e-m+fp/hard\libc_nano.a(libc_a-findfp.o)
 .text.stdio_exit_handler
                0x000000000800b738       0x18 C:/ST/STM32CubeIDE_1.12.1/STM32CubeIDE/plugins/com.st.stm32cube.ide.mcu.externaltools.gnu-tools-for-stm32.11.3.rel1.win32_1.1.1.202309131626/tools/bin/../lib/gcc/arm-none-eabi/11.3.1/../../../../arm-none-eabi/lib/thumb/v7e-m+fp/hard\libc_nano.a(libc_a-findfp.o)
 .text.cleanup_stdio
                0x000000000800b750       0x40 C:/ST/STM32CubeIDE_1.12.1/STM32CubeIDE/plugins/com.st.stm32cube.ide.mcu.externaltools.gnu-tools-for-stm32.11.3.rel1.win32_1.1.1.202309131626/tools/bin/../lib/gcc/arm-none-eabi/11.3.1/../../../../arm-none-eabi/lib/thumb/v7e-m+fp/hard\libc_nano.a(libc_a-findfp.o)
 .text.global_stdio_init.part.0
                0x000000000800b790       0x3c C:/ST/STM32CubeIDE_1.12.1/STM32CubeIDE/plugins/com.st.stm32cube.ide.mcu.externaltools.gnu-tools-for-stm32.11.3.rel1.win32_1.1.1.202309131626/tools/bin/../lib/gcc/arm-none-eabi/11.3.1/../../../../arm-none-eabi/lib/thumb/v7e-m+fp/hard\libc_nano.a(libc_a-findfp.o)
 .text.__sfp_lock_acquire
                0x000000000800b7cc        0xc C:/ST/STM32CubeIDE_1.12.1/STM32CubeIDE/plugins/com.st.stm32cube.ide.mcu.externaltools.gnu-tools-for-stm32.11.3.rel1.win32_1.1.1.202309131626/tools/bin/../lib/gcc/arm-none-eabi/11.3.1/../../../../arm-none-eabi/lib/thumb/v7e-m+fp/hard\libc_nano.a(libc_a-findfp.o)
                0x000000000800b7cc                __sfp_lock_acquire
 .text.__sfp_lock_release
                0x000000000800b7d8        0xc C:/ST/STM32CubeIDE_1.12.1/STM32CubeIDE/plugins/com.st.stm32cube.ide.mcu.externaltools.gnu-tools-for-stm32.11.3.rel1.win32_1.1.1.202309131626/tools/bin/../lib/gcc/arm-none-eabi/11.3.1/../../../../arm-none-eabi/lib/thumb/v7e-m+fp/hard\libc_nano.a(libc_a-findfp.o)
                0x000000000800b7d8                __sfp_lock_release
 .text.__sinit  0x000000000800b7e4       0x30 C:/ST/STM32CubeIDE_1.12.1/STM32CubeIDE/plugins/com.st.stm32cube.ide.mcu.externaltools.gnu-tools-for-stm32.11.3.rel1.win32_1.1.1.202309131626/tools/bin/../lib/gcc/arm-none-eabi/11.3.1/../../../../arm-none-eabi/lib/thumb/v7e-m+fp/hard\libc_nano.a(libc_a-findfp.o)
                0x000000000800b7e4                __sinit
 .text._fwalk_sglue
                0x000000000800b814       0x3c C:/ST/STM32CubeIDE_1.12.1/STM32CubeIDE/plugins/com.st.stm32cube.ide.mcu.externaltools.gnu-tools-for-stm32.11.3.rel1.win32_1.1.1.202309131626/tools/bin/../lib/gcc/arm-none-eabi/11.3.1/../../../../arm-none-eabi/lib/thumb/v7e-m+fp/hard\libc_nano.a(libc_a-fwalk.o)
                0x000000000800b814                _fwalk_sglue
 .text.printf   0x000000000800b850       0x24 C:/ST/STM32CubeIDE_1.12.1/STM32CubeIDE/plugins/com.st.stm32cube.ide.mcu.externaltools.gnu-tools-for-stm32.11.3.rel1.win32_1.1.1.202309131626/tools/bin/../lib/gcc/arm-none-eabi/11.3.1/../../../../arm-none-eabi/lib/thumb/v7e-m+fp/hard\libc_nano.a(libc_a-printf.o)
                0x000000000800b850                iprintf
                0x000000000800b850                printf
 .text._puts_r  0x000000000800b874       0xa8 C:/ST/STM32CubeIDE_1.12.1/STM32CubeIDE/plugins/com.st.stm32cube.ide.mcu.externaltools.gnu-tools-for-stm32.11.3.rel1.win32_1.1.1.202309131626/tools/bin/../lib/gcc/arm-none-eabi/11.3.1/../../../../arm-none-eabi/lib/thumb/v7e-m+fp/hard\libc_nano.a(libc_a-puts.o)
                0x000000000800b874                _puts_r
 .text.puts     0x000000000800b91c       0x10 C:/ST/STM32CubeIDE_1.12.1/STM32CubeIDE/plugins/com.st.stm32cube.ide.mcu.externaltools.gnu-tools-for-stm32.11.3.rel1.win32_1.1.1.202309131626/tools/bin/../lib/gcc/arm-none-eabi/11.3.1/../../../../arm-none-eabi/lib/thumb/v7e-m+fp/hard\libc_nano.a(libc_a-puts.o)
                0x000000000800b91c                puts
 .text.sprintf  0x000000000800b92c       0x40 C:/ST/STM32CubeIDE_1.12.1/STM32CubeIDE/plugins/com.st.stm32cube.ide.mcu.externaltools.gnu-tools-for-stm32.11.3.rel1.win32_1.1.1.202309131626/tools/bin/../lib/gcc/arm-none-eabi/11.3.1/../../../../arm-none-eabi/lib/thumb/v7e-m+fp/hard\libc_nano.a(libc_a-sprintf.o)
                0x000000000800b92c                siprintf
                0x000000000800b92c                sprintf
 .text.__sread  0x000000000800b96c       0x22 C:/ST/STM32CubeIDE_1.12.1/STM32CubeIDE/plugins/com.st.stm32cube.ide.mcu.externaltools.gnu-tools-for-stm32.11.3.rel1.win32_1.1.1.202309131626/tools/bin/../lib/gcc/arm-none-eabi/11.3.1/../../../../arm-none-eabi/lib/thumb/v7e-m+fp/hard\libc_nano.a(libc_a-stdio.o)
                0x000000000800b96c                __sread
 .text.__swrite
                0x000000000800b98e       0x38 C:/ST/STM32CubeIDE_1.12.1/STM32CubeIDE/plugins/com.st.stm32cube.ide.mcu.externaltools.gnu-tools-for-stm32.11.3.rel1.win32_1.1.1.202309131626/tools/bin/../lib/gcc/arm-none-eabi/11.3.1/../../../../arm-none-eabi/lib/thumb/v7e-m+fp/hard\libc_nano.a(libc_a-stdio.o)
                0x000000000800b98e                __swrite
 .text.__sseek  0x000000000800b9c6       0x24 C:/ST/STM32CubeIDE_1.12.1/STM32CubeIDE/plugins/com.st.stm32cube.ide.mcu.externaltools.gnu-tools-for-stm32.11.3.rel1.win32_1.1.1.202309131626/tools/bin/../lib/gcc/arm-none-eabi/11.3.1/../../../../arm-none-eabi/lib/thumb/v7e-m+fp/hard\libc_nano.a(libc_a-stdio.o)
                0x000000000800b9c6                __sseek
 .text.__sclose
                0x000000000800b9ea        0x8 C:/ST/STM32CubeIDE_1.12.1/STM32CubeIDE/plugins/com.st.stm32cube.ide.mcu.externaltools.gnu-tools-for-stm32.11.3.rel1.win32_1.1.1.202309131626/tools/bin/../lib/gcc/arm-none-eabi/11.3.1/../../../../arm-none-eabi/lib/thumb/v7e-m+fp/hard\libc_nano.a(libc_a-stdio.o)
                0x000000000800b9ea                __sclose
 .text.__swbuf_r
                0x000000000800b9f2       0x7a C:/ST/STM32CubeIDE_1.12.1/STM32CubeIDE/plugins/com.st.stm32cube.ide.mcu.externaltools.gnu-tools-for-stm32.11.3.rel1.win32_1.1.1.202309131626/tools/bin/../lib/gcc/arm-none-eabi/11.3.1/../../../../arm-none-eabi/lib/thumb/v7e-m+fp/hard\libc_nano.a(libc_a-wbuf.o)
                0x000000000800b9f2                __swbuf_r
 .text.__swsetup_r
                0x000000000800ba6c       0xb0 C:/ST/STM32CubeIDE_1.12.1/STM32CubeIDE/plugins/com.st.stm32cube.ide.mcu.externaltools.gnu-tools-for-stm32.11.3.rel1.win32_1.1.1.202309131626/tools/bin/../lib/gcc/arm-none-eabi/11.3.1/../../../../arm-none-eabi/lib/thumb/v7e-m+fp/hard\libc_nano.a(libc_a-wsetup.o)
                0x000000000800ba6c                __swsetup_r
 .text.memset   0x000000000800bb1c       0x10 C:/ST/STM32CubeIDE_1.12.1/STM32CubeIDE/plugins/com.st.stm32cube.ide.mcu.externaltools.gnu-tools-for-stm32.11.3.rel1.win32_1.1.1.202309131626/tools/bin/../lib/gcc/arm-none-eabi/11.3.1/../../../../arm-none-eabi/lib/thumb/v7e-m+fp/hard\libc_nano.a(libc_a-memset.o)
                0x000000000800bb1c                memset
 .text._close_r
                0x000000000800bb2c       0x20 C:/ST/STM32CubeIDE_1.12.1/STM32CubeIDE/plugins/com.st.stm32cube.ide.mcu.externaltools.gnu-tools-for-stm32.11.3.rel1.win32_1.1.1.202309131626/tools/bin/../lib/gcc/arm-none-eabi/11.3.1/../../../../arm-none-eabi/lib/thumb/v7e-m+fp/hard\libc_nano.a(libc_a-closer.o)
                0x000000000800bb2c                _close_r
 .text._lseek_r
                0x000000000800bb4c       0x24 C:/ST/STM32CubeIDE_1.12.1/STM32CubeIDE/plugins/com.st.stm32cube.ide.mcu.externaltools.gnu-tools-for-stm32.11.3.rel1.win32_1.1.1.202309131626/tools/bin/../lib/gcc/arm-none-eabi/11.3.1/../../../../arm-none-eabi/lib/thumb/v7e-m+fp/hard\libc_nano.a(libc_a-lseekr.o)
                0x000000000800bb4c                _lseek_r
 .text._read_r  0x000000000800bb70       0x24 C:/ST/STM32CubeIDE_1.12.1/STM32CubeIDE/plugins/com.st.stm32cube.ide.mcu.externaltools.gnu-tools-for-stm32.11.3.rel1.win32_1.1.1.202309131626/tools/bin/../lib/gcc/arm-none-eabi/11.3.1/../../../../arm-none-eabi/lib/thumb/v7e-m+fp/hard\libc_nano.a(libc_a-readr.o)
                0x000000000800bb70                _read_r
 .text._write_r
                0x000000000800bb94       0x24 C:/ST/STM32CubeIDE_1.12.1/STM32CubeIDE/plugins/com.st.stm32cube.ide.mcu.externaltools.gnu-tools-for-stm32.11.3.rel1.win32_1.1.1.202309131626/tools/bin/../lib/gcc/arm-none-eabi/11.3.1/../../../../arm-none-eabi/lib/thumb/v7e-m+fp/hard\libc_nano.a(libc_a-writer.o)
                0x000000000800bb94                _write_r
 .text.__errno  0x000000000800bbb8        0xc C:/ST/STM32CubeIDE_1.12.1/STM32CubeIDE/plugins/com.st.stm32cube.ide.mcu.externaltools.gnu-tools-for-stm32.11.3.rel1.win32_1.1.1.202309131626/tools/bin/../lib/gcc/arm-none-eabi/11.3.1/../../../../arm-none-eabi/lib/thumb/v7e-m+fp/hard\libc_nano.a(libc_a-errno.o)
                0x000000000800bbb8                __errno
 .text.__libc_init_array
                0x000000000800bbc4       0x48 C:/ST/STM32CubeIDE_1.12.1/STM32CubeIDE/plugins/com.st.stm32cube.ide.mcu.externaltools.gnu-tools-for-stm32.11.3.rel1.win32_1.1.1.202309131626/tools/bin/../lib/gcc/arm-none-eabi/11.3.1/../../../../arm-none-eabi/lib/thumb/v7e-m+fp/hard\libc_nano.a(libc_a-init.o)
                0x000000000800bbc4                __libc_init_array
 .text.__retarget_lock_init_recursive
                0x000000000800bc0c        0x2 C:/ST/STM32CubeIDE_1.12.1/STM32CubeIDE/plugins/com.st.stm32cube.ide.mcu.externaltools.gnu-tools-for-stm32.11.3.rel1.win32_1.1.1.202309131626/tools/bin/../lib/gcc/arm-none-eabi/11.3.1/../../../../arm-none-eabi/lib/thumb/v7e-m+fp/hard\libc_nano.a(libc_a-lock.o)
                0x000000000800bc0c                __retarget_lock_init_recursive
 .text.__retarget_lock_acquire_recursive
                0x000000000800bc0e        0x2 C:/ST/STM32CubeIDE_1.12.1/STM32CubeIDE/plugins/com.st.stm32cube.ide.mcu.externaltools.gnu-tools-for-stm32.11.3.rel1.win32_1.1.1.202309131626/tools/bin/../lib/gcc/arm-none-eabi/11.3.1/../../../../arm-none-eabi/lib/thumb/v7e-m+fp/hard\libc_nano.a(libc_a-lock.o)
                0x000000000800bc0e                __retarget_lock_acquire_recursive
 .text.__retarget_lock_release_recursive
                0x000000000800bc10        0x2 C:/ST/STM32CubeIDE_1.12.1/STM32CubeIDE/plugins/com.st.stm32cube.ide.mcu.externaltools.gnu-tools-for-stm32.11.3.rel1.win32_1.1.1.202309131626/tools/bin/../lib/gcc/arm-none-eabi/11.3.1/../../../../arm-none-eabi/lib/thumb/v7e-m+fp/hard\libc_nano.a(libc_a-lock.o)
                0x000000000800bc10                __retarget_lock_release_recursive
 .text.memcpy   0x000000000800bc12       0x1c C:/ST/STM32CubeIDE_1.12.1/STM32CubeIDE/plugins/com.st.stm32cube.ide.mcu.externaltools.gnu-tools-for-stm32.11.3.rel1.win32_1.1.1.202309131626/tools/bin/../lib/gcc/arm-none-eabi/11.3.1/../../../../arm-none-eabi/lib/thumb/v7e-m+fp/hard\libc_nano.a(libc_a-memcpy-stub.o)
                0x000000000800bc12                memcpy
 *fill*         0x000000000800bc2e        0x2 
 .text._free_r  0x000000000800bc30       0x98 C:/ST/STM32CubeIDE_1.12.1/STM32CubeIDE/plugins/com.st.stm32cube.ide.mcu.externaltools.gnu-tools-for-stm32.11.3.rel1.win32_1.1.1.202309131626/tools/bin/../lib/gcc/arm-none-eabi/11.3.1/../../../../arm-none-eabi/lib/thumb/v7e-m+fp/hard\libc_nano.a(libc_a-freer.o)
                0x000000000800bc30                _free_r
 .text.sbrk_aligned
                0x000000000800bcc8       0x40 C:/ST/STM32CubeIDE_1.12.1/STM32CubeIDE/plugins/com.st.stm32cube.ide.mcu.externaltools.gnu-tools-for-stm32.11.3.rel1.win32_1.1.1.202309131626/tools/bin/../lib/gcc/arm-none-eabi/11.3.1/../../../../arm-none-eabi/lib/thumb/v7e-m+fp/hard\libc_nano.a(libc_a-mallocr.o)
 .text._malloc_r
                0x000000000800bd08      0x100 C:/ST/STM32CubeIDE_1.12.1/STM32CubeIDE/plugins/com.st.stm32cube.ide.mcu.externaltools.gnu-tools-for-stm32.11.3.rel1.win32_1.1.1.202309131626/tools/bin/../lib/gcc/arm-none-eabi/11.3.1/../../../../arm-none-eabi/lib/thumb/v7e-m+fp/hard\libc_nano.a(libc_a-mallocr.o)
                0x000000000800bd08                _malloc_r
 .text.__malloc_lock
                0x000000000800be08        0xc C:/ST/STM32CubeIDE_1.12.1/STM32CubeIDE/plugins/com.st.stm32cube.ide.mcu.externaltools.gnu-tools-for-stm32.11.3.rel1.win32_1.1.1.202309131626/tools/bin/../lib/gcc/arm-none-eabi/11.3.1/../../../../arm-none-eabi/lib/thumb/v7e-m+fp/hard\libc_nano.a(libc_a-mlock.o)
                0x000000000800be08                __malloc_lock
 .text.__malloc_unlock
                0x000000000800be14        0xc C:/ST/STM32CubeIDE_1.12.1/STM32CubeIDE/plugins/com.st.stm32cube.ide.mcu.externaltools.gnu-tools-for-stm32.11.3.rel1.win32_1.1.1.202309131626/tools/bin/../lib/gcc/arm-none-eabi/11.3.1/../../../../arm-none-eabi/lib/thumb/v7e-m+fp/hard\libc_nano.a(libc_a-mlock.o)
                0x000000000800be14                __malloc_unlock
 .text.__ssputs_r
                0x000000000800be20       0xb4 C:/ST/STM32CubeIDE_1.12.1/STM32CubeIDE/plugins/com.st.stm32cube.ide.mcu.externaltools.gnu-tools-for-stm32.11.3.rel1.win32_1.1.1.202309131626/tools/bin/../lib/gcc/arm-none-eabi/11.3.1/../../../../arm-none-eabi/lib/thumb/v7e-m+fp/hard\libc_nano.a(libc_a-nano-svfprintf.o)
                0x000000000800be20                __ssputs_r
 .text._svfprintf_r
                0x000000000800bed4      0x1fc C:/ST/STM32CubeIDE_1.12.1/STM32CubeIDE/plugins/com.st.stm32cube.ide.mcu.externaltools.gnu-tools-for-stm32.11.3.rel1.win32_1.1.1.202309131626/tools/bin/../lib/gcc/arm-none-eabi/11.3.1/../../../../arm-none-eabi/lib/thumb/v7e-m+fp/hard\libc_nano.a(libc_a-nano-svfprintf.o)
                0x000000000800bed4                _svfiprintf_r
                0x000000000800bed4                _svfprintf_r
 .text.__sfputc_r
                0x000000000800c0d0       0x2e C:/ST/STM32CubeIDE_1.12.1/STM32CubeIDE/plugins/com.st.stm32cube.ide.mcu.externaltools.gnu-tools-for-stm32.11.3.rel1.win32_1.1.1.202309131626/tools/bin/../lib/gcc/arm-none-eabi/11.3.1/../../../../arm-none-eabi/lib/thumb/v7e-m+fp/hard\libc_nano.a(libc_a-nano-vfprintf.o)
 .text.__sfputs_r
                0x000000000800c0fe       0x24 C:/ST/STM32CubeIDE_1.12.1/STM32CubeIDE/plugins/com.st.stm32cube.ide.mcu.externaltools.gnu-tools-for-stm32.11.3.rel1.win32_1.1.1.202309131626/tools/bin/../lib/gcc/arm-none-eabi/11.3.1/../../../../arm-none-eabi/lib/thumb/v7e-m+fp/hard\libc_nano.a(libc_a-nano-vfprintf.o)
                0x000000000800c0fe                __sfputs_r
 *fill*         0x000000000800c122        0x2 
 .text._vfprintf_r
                0x000000000800c124      0x234 C:/ST/STM32CubeIDE_1.12.1/STM32CubeIDE/plugins/com.st.stm32cube.ide.mcu.externaltools.gnu-tools-for-stm32.11.3.rel1.win32_1.1.1.202309131626/tools/bin/../lib/gcc/arm-none-eabi/11.3.1/../../../../arm-none-eabi/lib/thumb/v7e-m+fp/hard\libc_nano.a(libc_a-nano-vfprintf.o)
                0x000000000800c124                _vfprintf_r
                0x000000000800c124                _vfiprintf_r
 .text._printf_common
                0x000000000800c358       0xda C:/ST/STM32CubeIDE_1.12.1/STM32CubeIDE/plugins/com.st.stm32cube.ide.mcu.externaltools.gnu-tools-for-stm32.11.3.rel1.win32_1.1.1.202309131626/tools/bin/../lib/gcc/arm-none-eabi/11.3.1/../../../../arm-none-eabi/lib/thumb/v7e-m+fp/hard\libc_nano.a(libc_a-nano-vfprintf_i.o)
                0x000000000800c358                _printf_common
 *fill*         0x000000000800c432        0x2 
 .text._printf_i
                0x000000000800c434      0x244 C:/ST/STM32CubeIDE_1.12.1/STM32CubeIDE/plugins/com.st.stm32cube.ide.mcu.externaltools.gnu-tools-for-stm32.11.3.rel1.win32_1.1.1.202309131626/tools/bin/../lib/gcc/arm-none-eabi/11.3.1/../../../../arm-none-eabi/lib/thumb/v7e-m+fp/hard\libc_nano.a(libc_a-nano-vfprintf_i.o)
                0x000000000800c434                _printf_i
 .text.__sflush_r
                0x000000000800c678      0x10c C:/ST/STM32CubeIDE_1.12.1/STM32CubeIDE/plugins/com.st.stm32cube.ide.mcu.externaltools.gnu-tools-for-stm32.11.3.rel1.win32_1.1.1.202309131626/tools/bin/../lib/gcc/arm-none-eabi/11.3.1/../../../../arm-none-eabi/lib/thumb/v7e-m+fp/hard\libc_nano.a(libc_a-fflush.o)
                0x000000000800c678                __sflush_r
 .text._fflush_r
                0x000000000800c784       0x50 C:/ST/STM32CubeIDE_1.12.1/STM32CubeIDE/plugins/com.st.stm32cube.ide.mcu.externaltools.gnu-tools-for-stm32.11.3.rel1.win32_1.1.1.202309131626/tools/bin/../lib/gcc/arm-none-eabi/11.3.1/../../../../arm-none-eabi/lib/thumb/v7e-m+fp/hard\libc_nano.a(libc_a-fflush.o)
                0x000000000800c784                _fflush_r
 .text.__swhatbuf_r
                0x000000000800c7d4       0x4c C:/ST/STM32CubeIDE_1.12.1/STM32CubeIDE/plugins/com.st.stm32cube.ide.mcu.externaltools.gnu-tools-for-stm32.11.3.rel1.win32_1.1.1.202309131626/tools/bin/../lib/gcc/arm-none-eabi/11.3.1/../../../../arm-none-eabi/lib/thumb/v7e-m+fp/hard\libc_nano.a(libc_a-makebuf.o)
                0x000000000800c7d4                __swhatbuf_r
 .text.__smakebuf_r
                0x000000000800c820       0x78 C:/ST/STM32CubeIDE_1.12.1/STM32CubeIDE/plugins/com.st.stm32cube.ide.mcu.externaltools.gnu-tools-for-stm32.11.3.rel1.win32_1.1.1.202309131626/tools/bin/../lib/gcc/arm-none-eabi/11.3.1/../../../../arm-none-eabi/lib/thumb/v7e-m+fp/hard\libc_nano.a(libc_a-makebuf.o)
                0x000000000800c820                __smakebuf_r
 .text.memmove  0x000000000800c898       0x34 C:/ST/STM32CubeIDE_1.12.1/STM32CubeIDE/plugins/com.st.stm32cube.ide.mcu.externaltools.gnu-tools-for-stm32.11.3.rel1.win32_1.1.1.202309131626/tools/bin/../lib/gcc/arm-none-eabi/11.3.1/../../../../arm-none-eabi/lib/thumb/v7e-m+fp/hard\libc_nano.a(libc_a-memmove.o)
                0x000000000800c898                memmove
 .text._fstat_r
                0x000000000800c8cc       0x24 C:/ST/STM32CubeIDE_1.12.1/STM32CubeIDE/plugins/com.st.stm32cube.ide.mcu.externaltools.gnu-tools-for-stm32.11.3.rel1.win32_1.1.1.202309131626/tools/bin/../lib/gcc/arm-none-eabi/11.3.1/../../../../arm-none-eabi/lib/thumb/v7e-m+fp/hard\libc_nano.a(libc_a-fstatr.o)
                0x000000000800c8cc                _fstat_r
 .text._isatty_r
                0x000000000800c8f0       0x20 C:/ST/STM32CubeIDE_1.12.1/STM32CubeIDE/plugins/com.st.stm32cube.ide.mcu.externaltools.gnu-tools-for-stm32.11.3.rel1.win32_1.1.1.202309131626/tools/bin/../lib/gcc/arm-none-eabi/11.3.1/../../../../arm-none-eabi/lib/thumb/v7e-m+fp/hard\libc_nano.a(libc_a-isattyr.o)
                0x000000000800c8f0                _isatty_r
 .text._sbrk_r  0x000000000800c910       0x20 C:/ST/STM32CubeIDE_1.12.1/STM32CubeIDE/plugins/com.st.stm32cube.ide.mcu.externaltools.gnu-tools-for-stm32.11.3.rel1.win32_1.1.1.202309131626/tools/bin/../lib/gcc/arm-none-eabi/11.3.1/../../../../arm-none-eabi/lib/thumb/v7e-m+fp/hard\libc_nano.a(libc_a-sbrkr.o)
                0x000000000800c910                _sbrk_r
 .text._realloc_r
                0x000000000800c930       0x5e C:/ST/STM32CubeIDE_1.12.1/STM32CubeIDE/plugins/com.st.stm32cube.ide.mcu.externaltools.gnu-tools-for-stm32.11.3.rel1.win32_1.1.1.202309131626/tools/bin/../lib/gcc/arm-none-eabi/11.3.1/../../../../arm-none-eabi/lib/thumb/v7e-m+fp/hard\libc_nano.a(libc_a-reallocr.o)
                0x000000000800c930                _realloc_r
 .text._malloc_usable_size_r
                0x000000000800c98e       0x10 C:/ST/STM32CubeIDE_1.12.1/STM32CubeIDE/plugins/com.st.stm32cube.ide.mcu.externaltools.gnu-tools-for-stm32.11.3.rel1.win32_1.1.1.202309131626/tools/bin/../lib/gcc/arm-none-eabi/11.3.1/../../../../arm-none-eabi/lib/thumb/v7e-m+fp/hard\libc_nano.a(libc_a-msizer.o)
                0x000000000800c98e                _malloc_usable_size_r
 *fill*         0x000000000800c99e        0x2 
 .text.pow      0x000000000800c9a0       0xe0 C:/ST/STM32CubeIDE_1.12.1/STM32CubeIDE/plugins/com.st.stm32cube.ide.mcu.externaltools.gnu-tools-for-stm32.11.3.rel1.win32_1.1.1.202309131626/tools/bin/../lib/gcc/arm-none-eabi/11.3.1/../../../../arm-none-eabi/lib/thumb/v7e-m+fp/hard\libm.a(libm_a-w_pow.o)
                0x000000000800c9a0                pow
 .text.finite   0x000000000800ca80       0x16 C:/ST/STM32CubeIDE_1.12.1/STM32CubeIDE/plugins/com.st.stm32cube.ide.mcu.externaltools.gnu-tools-for-stm32.11.3.rel1.win32_1.1.1.202309131626/tools/bin/../lib/gcc/arm-none-eabi/11.3.1/../../../../arm-none-eabi/lib/thumb/v7e-m+fp/hard\libm.a(libm_a-s_finite.o)
                0x000000000800ca80                finite
 *fill*         0x000000000800ca96        0x2 
 .text.__ieee754_pow
                0x000000000800ca98      0xa54 C:/ST/STM32CubeIDE_1.12.1/STM32CubeIDE/plugins/com.st.stm32cube.ide.mcu.externaltools.gnu-tools-for-stm32.11.3.rel1.win32_1.1.1.202309131626/tools/bin/../lib/gcc/arm-none-eabi/11.3.1/../../../../arm-none-eabi/lib/thumb/v7e-m+fp/hard\libm.a(libm_a-e_pow.o)
                0x000000000800ca98                __ieee754_pow
 .text.fabs     0x000000000800d4ec       0x12 C:/ST/STM32CubeIDE_1.12.1/STM32CubeIDE/plugins/com.st.stm32cube.ide.mcu.externaltools.gnu-tools-for-stm32.11.3.rel1.win32_1.1.1.202309131626/tools/bin/../lib/gcc/arm-none-eabi/11.3.1/../../../../arm-none-eabi/lib/thumb/v7e-m+fp/hard\libm.a(libm_a-s_fabs.o)
                0x000000000800d4ec                fabs
 *fill*         0x000000000800d4fe        0x2 
 .text.scalbn   0x000000000800d500       0xfc C:/ST/STM32CubeIDE_1.12.1/STM32CubeIDE/plugins/com.st.stm32cube.ide.mcu.externaltools.gnu-tools-for-stm32.11.3.rel1.win32_1.1.1.202309131626/tools/bin/../lib/gcc/arm-none-eabi/11.3.1/../../../../arm-none-eabi/lib/thumb/v7e-m+fp/hard\libm.a(libm_a-s_scalbn.o)
                0x000000000800d500                scalbn
 .text.with_errno
                0x000000000800d5fc       0x14 C:/ST/STM32CubeIDE_1.12.1/STM32CubeIDE/plugins/com.st.stm32cube.ide.mcu.externaltools.gnu-tools-for-stm32.11.3.rel1.win32_1.1.1.202309131626/tools/bin/../lib/gcc/arm-none-eabi/11.3.1/../../../../arm-none-eabi/lib/thumb/v7e-m+fp/hard\libm.a(libm_a-math_err.o)
 .text.xflow    0x000000000800d610       0x28 C:/ST/STM32CubeIDE_1.12.1/STM32CubeIDE/plugins/com.st.stm32cube.ide.mcu.externaltools.gnu-tools-for-stm32.11.3.rel1.win32_1.1.1.202309131626/tools/bin/../lib/gcc/arm-none-eabi/11.3.1/../../../../arm-none-eabi/lib/thumb/v7e-m+fp/hard\libm.a(libm_a-math_err.o)
 .text.__math_uflow
                0x000000000800d638       0x12 C:/ST/STM32CubeIDE_1.12.1/STM32CubeIDE/plugins/com.st.stm32cube.ide.mcu.externaltools.gnu-tools-for-stm32.11.3.rel1.win32_1.1.1.202309131626/tools/bin/../lib/gcc/arm-none-eabi/11.3.1/../../../../arm-none-eabi/lib/thumb/v7e-m+fp/hard\libm.a(libm_a-math_err.o)
                0x000000000800d638                __math_uflow
 .text.__math_oflow
                0x000000000800d64a       0x12 C:/ST/STM32CubeIDE_1.12.1/STM32CubeIDE/plugins/com.st.stm32cube.ide.mcu.externaltools.gnu-tools-for-stm32.11.3.rel1.win32_1.1.1.202309131626/tools/bin/../lib/gcc/arm-none-eabi/11.3.1/../../../../arm-none-eabi/lib/thumb/v7e-m+fp/hard\libm.a(libm_a-math_err.o)
                0x000000000800d64a                __math_oflow
 .text.__ieee754_sqrt
                0x000000000800d65c      0x1b4 C:/ST/STM32CubeIDE_1.12.1/STM32CubeIDE/plugins/com.st.stm32cube.ide.mcu.externaltools.gnu-tools-for-stm32.11.3.rel1.win32_1.1.1.202309131626/tools/bin/../lib/gcc/arm-none-eabi/11.3.1/../../../../arm-none-eabi/lib/thumb/v7e-m+fp/hard\libm.a(libm_a-e_sqrt.o)
                0x000000000800d65c                __ieee754_sqrt
 *(.glue_7)
 .glue_7        0x000000000800d810        0x0 linker stubs
 *(.glue_7t)
 .glue_7t       0x000000000800d810        0x0 linker stubs
 *(.eh_frame)
 .eh_frame      0x000000000800d810        0x0 C:/ST/STM32CubeIDE_1.12.1/STM32CubeIDE/plugins/com.st.stm32cube.ide.mcu.externaltools.gnu-tools-for-stm32.11.3.rel1.win32_1.1.1.202309131626/tools/bin/../lib/gcc/arm-none-eabi/11.3.1/thumb/v7e-m+fp/hard/crtbegin.o
 *(.init)
 .init          0x000000000800d810        0x4 C:/ST/STM32CubeIDE_1.12.1/STM32CubeIDE/plugins/com.st.stm32cube.ide.mcu.externaltools.gnu-tools-for-stm32.11.3.rel1.win32_1.1.1.202309131626/tools/bin/../lib/gcc/arm-none-eabi/11.3.1/thumb/v7e-m+fp/hard/crti.o
                0x000000000800d810                _init
 .init          0x000000000800d814        0x8 C:/ST/STM32CubeIDE_1.12.1/STM32CubeIDE/plugins/com.st.stm32cube.ide.mcu.externaltools.gnu-tools-for-stm32.11.3.rel1.win32_1.1.1.202309131626/tools/bin/../lib/gcc/arm-none-eabi/11.3.1/thumb/v7e-m+fp/hard/crtn.o
 *(.fini)