Archive member included to satisfy reference by file (symbol)

c:/st/stm32cubeide_1.8.0/stm32cubeide/plugins/com.st.stm32cube.ide.mcu.externaltools.gnu-tools-for-stm32.9-2020-q2-update.win32_2.0.0.202105311346/tools/bin/../lib/gcc/arm-none-eabi/9.3.1/../../../../arm-none-eabi/lib/thumb/v7e-m+fp/hard\libc_nano.a(lib_a-errno.o)
                              ./Core/Src/syscalls.o (__errno)
c:/st/stm32cubeide_1.8.0/stm32cubeide/plugins/com.st.stm32cube.ide.mcu.externaltools.gnu-tools-for-stm32.9-2020-q2-update.win32_2.0.0.202105311346/tools/bin/../lib/gcc/arm-none-eabi/9.3.1/../../../../arm-none-eabi/lib/thumb/v7e-m+fp/hard\libc_nano.a(lib_a-exit.o)
                              c:/st/stm32cubeide_1.8.0/stm32cubeide/plugins/com.st.stm32cube.ide.mcu.externaltools.gnu-tools-for-stm32.9-2020-q2-update.win32_2.0.0.202105311346/tools/bin/../lib/gcc/arm-none-eabi/9.3.1/../../../../arm-none-eabi/lib/thumb/v7e-m+fp/hard/crt0.o (exit)
c:/st/stm32cubeide_1.8.0/stm32cubeide/plugins/com.st.stm32cube.ide.mcu.externaltools.gnu-tools-for-stm32.9-2020-q2-update.win32_2.0.0.202105311346/tools/bin/../lib/gcc/arm-none-eabi/9.3.1/../../../../arm-none-eabi/lib/thumb/v7e-m+fp/hard\libc_nano.a(lib_a-impure.o)
                              c:/st/stm32cubeide_1.8.0/stm32cubeide/plugins/com.st.stm32cube.ide.mcu.externaltools.gnu-tools-for-stm32.9-2020-q2-update.win32_2.0.0.202105311346/tools/bin/../lib/gcc/arm-none-eabi/9.3.1/../../../../arm-none-eabi/lib/thumb/v7e-m+fp/hard\libc_nano.a(lib_a-exit.o) (_global_impure_ptr)
c:/st/stm32cubeide_1.8.0/stm32cubeide/plugins/com.st.stm32cube.ide.mcu.externaltools.gnu-tools-for-stm32.9-2020-q2-update.win32_2.0.0.202105311346/tools/bin/../lib/gcc/arm-none-eabi/9.3.1/../../../../arm-none-eabi/lib/thumb/v7e-m+fp/hard\libc_nano.a(lib_a-init.o)
                              c:/st/stm32cubeide_1.8.0/stm32cubeide/plugins/com.st.stm32cube.ide.mcu.externaltools.gnu-tools-for-stm32.9-2020-q2-update.win32_2.0.0.202105311346/tools/bin/../lib/gcc/arm-none-eabi/9.3.1/../../../../arm-none-eabi/lib/thumb/v7e-m+fp/hard/crt0.o (__libc_init_array)
c:/st/stm32cubeide_1.8.0/stm32cubeide/plugins/com.st.stm32cube.ide.mcu.externaltools.gnu-tools-for-stm32.9-2020-q2-update.win32_2.0.0.202105311346/tools/bin/../lib/gcc/arm-none-eabi/9.3.1/../../../../arm-none-eabi/lib/thumb/v7e-m+fp/hard\libc_nano.a(lib_a-memcpy-stub.o)
                              ./USB_DEVICE/App/usbd_cdc_if.o (memcpy)
c:/st/stm32cubeide_1.8.0/stm32cubeide/plugins/com.st.stm32cube.ide.mcu.externaltools.gnu-tools-for-stm32.9-2020-q2-update.win32_2.0.0.202105311346/tools/bin/../lib/gcc/arm-none-eabi/9.3.1/../../../../arm-none-eabi/lib/thumb/v7e-m+fp/hard\libc_nano.a(lib_a-memset.o)
                              c:/st/stm32cubeide_1.8.0/stm32cubeide/plugins/com.st.stm32cube.ide.mcu.externaltools.gnu-tools-for-stm32.9-2020-q2-update.win32_2.0.0.202105311346/tools/bin/../lib/gcc/arm-none-eabi/9.3.1/../../../../arm-none-eabi/lib/thumb/v7e-m+fp/hard/crt0.o (memset)
c:/st/stm32cubeide_1.8.0/stm32cubeide/plugins/com.st.stm32cube.ide.mcu.externaltools.gnu-tools-for-stm32.9-2020-q2-update.win32_2.0.0.202105311346/tools/bin/../lib/gcc/arm-none-eabi/9.3.1/../../../../arm-none-eabi/lib/thumb/v7e-m+fp/hard\libc_nano.a(lib_a-printf.o)
                              ./Core/Src/main.o (printf)
c:/st/stm32cubeide_1.8.0/stm32cubeide/plugins/com.st.stm32cube.ide.mcu.externaltools.gnu-tools-for-stm32.9-2020-q2-update.win32_2.0.0.202105311346/tools/bin/../lib/gcc/arm-none-eabi/9.3.1/../../../../arm-none-eabi/lib/thumb/v7e-m+fp/hard\libc_nano.a(lib_a-puts.o)
                              ./Core/Src/main.o (puts)
c:/st/stm32cubeide_1.8.0/stm32cubeide/plugins/com.st.stm32cube.ide.mcu.externaltools.gnu-tools-for-stm32.9-2020-q2-update.win32_2.0.0.202105311346/tools/bin/../lib/gcc/arm-none-eabi/9.3.1/../../../../arm-none-eabi/lib/thumb/v7e-m+fp/hard\libc_nano.a(lib_a-sprintf.o)
                              ./Core/Src/lcd.o (sprintf)
c:/st/stm32cubeide_1.8.0/stm32cubeide/plugins/com.st.stm32cube.ide.mcu.externaltools.gnu-tools-for-stm32.9-2020-q2-update.win32_2.0.0.202105311346/tools/bin/../lib/gcc/arm-none-eabi/9.3.1/../../../../arm-none-eabi/lib/thumb/v7e-m+fp/hard\libc_nano.a(lib_a-strlen.o)
                              ./Core/Src/lcd.o (strlen)
c:/st/stm32cubeide_1.8.0/stm32cubeide/plugins/com.st.stm32cube.ide.mcu.externaltools.gnu-tools-for-stm32.9-2020-q2-update.win32_2.0.0.202105311346/tools/bin/../lib/gcc/arm-none-eabi/9.3.1/../../../../arm-none-eabi/lib/thumb/v7e-m+fp/hard\libc_nano.a(lib_a-wbuf.o)
                              c:/st/stm32cubeide_1.8.0/stm32cubeide/plugins/com.st.stm32cube.ide.mcu.externaltools.gnu-tools-for-stm32.9-2020-q2-update.win32_2.0.0.202105311346/tools/bin/../lib/gcc/arm-none-eabi/9.3.1/../../../../arm-none-eabi/lib/thumb/v7e-m+fp/hard\libc_nano.a(lib_a-puts.o) (__swbuf_r)
[...]
Memory Configuration

Name             Origin             Length             Attributes
RAM              0x0000000020000000 0x0000000000020000 xrw
FLASH            0x0000000008000000 0x0000000000080000 xr
*default*        0x0000000000000000 0xffffffffffffffff

Linker script and memory map

LOAD c:/st/stm32cubeide_1.8.0/stm32cubeide/plugins/com.st.stm32cube.ide.mcu.externaltools.gnu-tools-for-stm32.9-2020-q2-update.win32_2.0.0.202105311346/tools/bin/../lib/gcc/arm-none-eabi/9.3.1/thumb/v7e-m+fp/hard/crti.o
LOAD c:/st/stm32cubeide_1.8.0/stm32cubeide/plugins/com.st.stm32cube.ide.mcu.externaltools.gnu-tools-for-stm32.9-2020-q2-update.win32_2.0.0.202105311346/tools/bin/../lib/gcc/arm-none-eabi/9.3.1/thumb/v7e-m+fp/hard/crtbegin.o
LOAD c:/st/stm32cubeide_1.8.0/stm32cubeide/plugins/com.st.stm32cube.ide.mcu.externaltools.gnu-tools-for-stm32.9-2020-q2-update.win32_2.0.0.202105311346/tools/bin/../lib/gcc/arm-none-eabi/9.3.1/../../../../arm-none-eabi/lib/thumb/v7e-m+fp/hard/crt0.o
LOAD ./Core/Src/Midi.o
LOAD ./Core/Src/lcd.o
LOAD ./Core/Src/main.o
LOAD ./Core/Src/menu.o
LOAD ./Core/Src/stm32f4xx_hal_msp.o
LOAD ./Core/Src/stm32f4xx_it.o
LOAD ./Core/Src/syscalls.o
LOAD ./Core/Src/sysmem.o
LOAD ./Core/Src/system_stm32f4xx.o
LOAD ./Core/Startup/startup_stm32f411ceux.o
LOAD ./Drivers/STM32F4xx_HAL_Driver/Src/stm32f4xx_hal.o
LOAD ./Drivers/STM32F4xx_HAL_Driver/Src/stm32f4xx_hal_cortex.o
LOAD ./Drivers/STM32F4xx_HAL_Driver/Src/stm32f4xx_hal_dma.o
LOAD ./Drivers/STM32F4xx_HAL_Driver/Src/stm32f4xx_hal_dma_ex.o
LOAD ./Drivers/STM32F4xx_HAL_Driver/Src/stm32f4xx_hal_exti.o
LOAD ./Drivers/STM32F4xx_HAL_Driver/Src/stm32f4xx_hal_flash.o
LOAD ./Drivers/STM32F4xx_HAL_Driver/Src/stm32f4xx_hal_flash_ex.o
LOAD ./Drivers/STM32F4xx_HAL_Driver/Src/stm32f4xx_hal_flash_ramfunc.o
LOAD ./Drivers/STM32F4xx_HAL_Driver/Src/stm32f4xx_hal_gpio.o
LOAD ./Drivers/STM32F4xx_HAL_Driver/Src/stm32f4xx_hal_pcd.o
LOAD ./Drivers/STM32F4xx_HAL_Driver/Src/stm32f4xx_hal_pcd_ex.o
LOAD ./Drivers/STM32F4xx_HAL_Driver/Src/stm32f4xx_hal_pwr.o
LOAD ./Drivers/STM32F4xx_HAL_Driver/Src/stm32f4xx_hal_pwr_ex.o
LOAD ./Drivers/STM32F4xx_HAL_Driver/Src/stm32f4xx_hal_rcc.o
LOAD ./Drivers/STM32F4xx_HAL_Driver/Src/stm32f4xx_hal_rcc_ex.o
LOAD ./Drivers/STM32F4xx_HAL_Driver/Src/stm32f4xx_hal_tim.o
LOAD ./Drivers/STM32F4xx_HAL_Driver/Src/stm32f4xx_hal_tim_ex.o
LOAD ./Drivers/STM32F4xx_HAL_Driver/Src/stm32f4xx_ll_usb.o
LOAD ./Middlewares/ST/STM32_USB_Device_Library/Class/CDC/Src/usbd_cdc.o
LOAD ./Middlewares/ST/STM32_USB_Device_Library/Core/Src/usbd_core.o
LOAD ./Middlewares/ST/STM32_USB_Device_Library/Core/Src/usbd_ctlreq.o
LOAD ./Middlewares/ST/STM32_USB_Device_Library/Core/Src/usbd_ioreq.o
LOAD ./USB_DEVICE/App/usb_device.o
LOAD ./USB_DEVICE/App/usbd_cdc_if.o
LOAD ./USB_DEVICE/App/usbd_desc.o
LOAD ./USB_DEVICE/Target/usbd_conf.o
START GROUP
LOAD c:/st/stm32cubeide_1.8.0/stm32cubeide/plugins/com.st.stm32cube.ide.mcu.externaltools.gnu-tools-for-stm32.9-2020-q2-update.win32_2.0.0.202105311346/tools/bin/../lib/gcc/arm-none-eabi/9.3.1/../../../../arm-none-eabi/lib/thumb/v7e-m+fp/hard\libc_nano.a
LOAD c:/st/stm32cubeide_1.8.0/stm32cubeide/plugins/com.st.stm32cube.ide.mcu.externaltools.gnu-tools-for-stm32.9-2020-q2-update.win32_2.0.0.202105311346/tools/bin/../lib/gcc/arm-none-eabi/9.3.1/../../../../arm-none-eabi/lib/thumb/v7e-m+fp/hard\libm.a
END GROUP
START GROUP
LOAD c:/st/stm32cubeide_1.8.0/stm32cubeide/plugins/com.st.stm32cube.ide.mcu.externaltools.gnu-tools-for-stm32.9-2020-q2-update.win32_2.0.0.202105311346/tools/bin/../lib/gcc/arm-none-eabi/9.3.1/thumb/v7e-m+fp/hard\libgcc.a
LOAD c:/st/stm32cubeide_1.8.0/stm32cubeide/plugins/com.st.stm32cube.ide.mcu.externaltools.gnu-tools-for-stm32.9-2020-q2-update.win32_2.0.0.202105311346/tools/bin/../lib/gcc/arm-none-eabi/9.3.1/../../../../arm-none-eabi/lib/thumb/v7e-m+fp/hard\libc_nano.a
END GROUP
START GROUP
LOAD c:/st/stm32cubeide_1.8.0/stm32cubeide/plugins/com.st.stm32cube.ide.mcu.externaltools.gnu-tools-for-stm32.9-2020-q2-update.win32_2.0.0.202105311346/tools/bin/../lib/gcc/arm-none-eabi/9.3.1/thumb/v7e-m+fp/hard\libgcc.a
LOAD c:/st/stm32cubeide_1.8.0/stm32cubeide/plugins/com.st.stm32cube.ide.mcu.externaltools.gnu-tools-for-stm32.9-2020-q2-update.win32_2.0.0.202105311346/tools/bin/../lib/gcc/arm-none-eabi/9.3.1/../../../../arm-none-eabi/lib/thumb/v7e-m+fp/hard\libc_nano.a
LOAD c:/st/stm32cubeide_1.8.0/stm32cubeide/plugins/com.st.stm32cube.ide.mcu.externaltools.gnu-tools-for-stm32.9-2020-q2-update.win32_2.0.0.202105311346/tools/bin/../lib/gcc/arm-none-eabi/9.3.1/../../../../arm-none-eabi/lib/thumb/v7e-m+fp/hard\libnosys.a
END GROUP
START GROUP
LOAD c:/st/stm32cubeide_1.8.0/stm32cubeide/plugins/com.st.stm32cube.ide.mcu.externaltools.gnu-tools-for-stm32.9-2020-q2-update.win32_2.0.0.202105311346/tools/bin/../lib/gcc/arm-none-eabi/9.3.1/thumb/v7e-m+fp/hard\libgcc.a
LOAD c:/st/stm32cubeide_1.8.0/stm32cubeide/plugins/com.st.stm32cube.ide.mcu.externaltools.gnu-tools-for-stm32.9-2020-q2-update.win32_2.0.0.202105311346/tools/bin/../lib/gcc/arm-none-eabi/9.3.1/../../../../arm-none-eabi/lib/thumb/v7e-m+fp/hard\libc_nano.a
LOAD c:/st/stm32cubeide_1.8.0/stm32cubeide/plugins/com.st.stm32cube.ide.mcu.externaltools.gnu-tools-for-stm32.9-2020-q2-update.win32_2.0.0.202105311346/tools/bin/../lib/gcc/arm-none-eabi/9.3.1/../../../../arm-none-eabi/lib/thumb/v7e-m+fp/hard\libnosys.a
END GROUP
LOAD c:/st/stm32cubeide_1.8.0/stm32cubeide/plugins/com.st.stm32cube.ide.mcu.externaltools.gnu-tools-for-stm32.9-2020-q2-update.win32_2.0.0.202105311346/tools/bin/../lib/gcc/arm-none-eabi/9.3.1/thumb/v7e-m+fp/hard/crtend.o
LOAD c:/st/stm32cubeide_1.8.0/stm32cubeide/plugins/com.st.stm32cube.ide.mcu.externaltools.gnu-tools-for-stm32.9-2020-q2-update.win32_2.0.0.202105311346/tools/bin/../lib/gcc/arm-none-eabi/9.3.1/thumb/v7e-m+fp/hard/crtn.o
                0x0000000020020000                _estack = (ORIGIN (RAM) + LENGTH (RAM))
                0x0000000000000200                _Min_Heap_Size = 0x200
                0x0000000000000400                _Min_Stack_Size = 0x400

.isr_vector     0x0000000008000000      0x198
                0x0000000008000000                . = ALIGN (0x4)
 *(.isr_vector)
 .isr_vector    0x0000000008000000      0x198 ./Core/Startup/startup_stm32f411ceux.o
                0x0000000008000000                g_pfnVectors
                0x0000000008000198                . = ALIGN (0x4)

.text           0x00000000080001a0     0xc434
                0x00000000080001a0                . = ALIGN (0x4)
 *(.text)
 .text          0x00000000080001a0       0x40 c:/st/stm32cubeide_1.8.0/stm32cubeide/plugins/com.st.stm32cube.ide.mcu.externaltools.gnu-tools-for-stm32.9-2020-q2-update.win32_2.0.0.202105311346/tools/bin/../lib/gcc/arm-none-eabi/9.3.1/thumb/v7e-m+fp/hard/crtbegin.o
 .text          0x00000000080001e0       0x10 c:/st/stm32cubeide_1.8.0/stm32cubeide/plugins/com.st.stm32cube.ide.mcu.externaltools.gnu-tools-for-stm32.9-2020-q2-update.win32_2.0.0.202105311346/tools/bin/../lib/gcc/arm-none-eabi/9.3.1/../../../../arm-none-eabi/lib/thumb/v7e-m+fp/hard\libc_nano.a(lib_a-strlen.o)
                0x00000000080001e0                strlen
 .text          0x00000000080001f0       0xa0 c:/st/stm32cubeide_1.8.0/stm32cubeide/plugins/com.st.stm32cube.ide.mcu.externaltools.gnu-tools-for-stm32.9-2020-q2-update.win32_2.0.0.202105311346/tools/bin/../lib/gcc/arm-none-eabi/9.3.1/../../../../arm-none-eabi/lib/thumb/v7e-m+fp/hard\libc_nano.a(lib_a-memchr.o)
                0x00000000080001f0                memchr
 .text          0x0000000008000290      0x378 c:/st/stm32cubeide_1.8.0/stm32cubeide/plugins/com.st.stm32cube.ide.mcu.externaltools.gnu-tools-for-stm32.9-2020-q2-update.win32_2.0.0.202105311346/tools/bin/../lib/gcc/arm-none-eabi/9.3.1/thumb/v7e-m+fp/hard\libgcc.a(_arm_addsubdf3.o)
                0x0000000008000290                __aeabi_drsub
                0x0000000008000298                __aeabi_dsub
                0x0000000008000298                __subdf3
                0x000000000800029c                __aeabi_dadd
                0x000000000800029c                __adddf3
                0x0000000008000514                __floatunsidf
                0x0000000008000514                __aeabi_ui2d
                0x0000000008000534                __floatsidf
                0x0000000008000534                __aeabi_i2d
                0x0000000008000558                __aeabi_f2d
                0x0000000008000558                __extendsfdf2
                0x000000000800059c                __floatundidf
                0x000000000800059c                __aeabi_ul2d
                0x00000000080005ac                __floatdidf
                0x00000000080005ac                __aeabi_l2d
 .text          0x0000000008000608      0x424 c:/st/stm32cubeide_1.8.0/stm32cubeide/plugins/com.st.stm32cube.ide.mcu.externaltools.gnu-tools-for-stm32.9-2020-q2-update.win32_2.0.0.202105311346/tools/bin/../lib/gcc/arm-none-eabi/9.3.1/thumb/v7e-m+fp/hard\libgcc.a(_arm_muldivdf3.o)
                0x0000000008000608                __aeabi_dmul
                0x0000000008000608                __muldf3
                0x000000000800085c                __divdf3
                0x000000000800085c                __aeabi_ddiv
 .text          0x0000000008000a2c      0x110 c:/st/stm32cubeide_1.8.0/stm32cubeide/plugins/com.st.stm32cube.ide.mcu.externaltools.gnu-tools-for-stm32.9-2020-q2-update.win32_2.0.0.202105311346/tools/bin/../lib/gcc/arm-none-eabi/9.3.1/thumb/v7e-m+fp/hard\libgcc.a(_arm_cmpdf2.o)
                0x0000000008000a2c                __gtdf2
                0x0000000008000a2c                __gedf2
                0x0000000008000a34                __ltdf2
                0x0000000008000a34                __ledf2
                0x0000000008000a3c                __nedf2
                0x0000000008000a3c                __eqdf2
                0x0000000008000a3c                __cmpdf2
                0x0000000008000ab8                __aeabi_cdrcmple
                0x0000000008000ac8                __aeabi_cdcmpeq
                0x0000000008000ac8                __aeabi_cdcmple
                0x0000000008000ad8                __aeabi_dcmpeq
                0x0000000008000aec                __aeabi_dcmplt
                0x0000000008000b00                __aeabi_dcmple
                0x0000000008000b14                __aeabi_dcmpge
                0x0000000008000b28                __aeabi_dcmpgt
 .text          0x0000000008000b3c       0x2c c:/st/stm32cubeide_1.8.0/stm32cubeide/plugins/com.st.stm32cube.ide.mcu.externaltools.gnu-tools-for-stm32.9-2020-q2-update.win32_2.0.0.202105311346/tools/bin/../lib/gcc/arm-none-eabi/9.3.1/thumb/v7e-m+fp/hard\libgcc.a(_arm_unorddf2.o)
                0x0000000008000b3c                __unorddf2
                0x0000000008000b3c                __aeabi_dcmpun
 .text          0x0000000008000b68       0x40 c:/st/stm32cubeide_1.8.0/stm32cubeide/plugins/com.st.stm32cube.ide.mcu.externaltools.gnu-tools-for-stm32.9-2020-q2-update.win32_2.0.0.202105311346/tools/bin/../lib/gcc/arm-none-eabi/9.3.1/thumb/v7e-m+fp/hard\libgcc.a(_arm_fixunsdfsi.o)
                0x0000000008000b68                __aeabi_d2uiz
                0x0000000008000b68                __fixunsdfsi
 .text          0x0000000008000ba8       0xa0 c:/st/stm32cubeide_1.8.0/stm32cubeide/plugins/com.st.stm32cube.ide.mcu.externaltools.gnu-tools-for-stm32.9-2020-q2-update.win32_2.0.0.202105311346/tools/bin/../lib/gcc/arm-none-eabi/9.3.1/thumb/v7e-m+fp/hard\libgcc.a(_arm_truncdfsf2.o)
                0x0000000008000ba8                __truncdfsf2
                0x0000000008000ba8                __aeabi_d2f
 .text          0x0000000008000c48       0x30 c:/st/stm32cubeide_1.8.0/stm32cubeide/plugins/com.st.stm32cube.ide.mcu.externaltools.gnu-tools-for-stm32.9-2020-q2-update.win32_2.0.0.202105311346/tools/bin/../lib/gcc/arm-none-eabi/9.3.1/thumb/v7e-m+fp/hard\libgcc.a(_aeabi_uldivmod.o)
                0x0000000008000c48                __aeabi_uldivmod
 .text          0x0000000008000c78      0x2c4 c:/st/stm32cubeide_1.8.0/stm32cubeide/plugins/com.st.stm32cube.ide.mcu.externaltools.gnu-tools-for-stm32.9-2020-q2-update.win32_2.0.0.202105311346/tools/bin/../lib/gcc/arm-none-eabi/9.3.1/thumb/v7e-m+fp/hard\libgcc.a(_udivmoddi4.o)
                0x0000000008000c78                __udivmoddi4
 .text          0x0000000008000f3c        0x4 c:/st/stm32cubeide_1.8.0/stm32cubeide/plugins/com.st.stm32cube.ide.mcu.externaltools.gnu-tools-for-stm32.9-2020-q2-update.win32_2.0.0.202105311346/tools/bin/../lib/gcc/arm-none-eabi/9.3.1/thumb/v7e-m+fp/hard\libgcc.a(_dvmd_tls.o)
                0x0000000008000f3c                __aeabi_idiv0
                0x0000000008000f3c                __aeabi_ldiv0
 *(.text*)
 .text.populateFreqs
                0x0000000008000f40       0xa0 ./Core/Src/Midi.o
                0x0000000008000f40                populateFreqs
 .text.initMIDI
                0x0000000008000fe0        0xc ./Core/Src/Midi.o
                0x0000000008000fe0                initMIDI
 .text.freqFromMIDINote
                0x0000000008000fec       0x34 ./Core/Src/Midi.o
                0x0000000008000fec                freqFromMIDINote
 .text.serial_received
                0x0000000008001020       0x74 ./Core/Src/Midi.o
                0x0000000008001020                serial_received
 .text.registerMIDIEnable
                0x0000000008001094       0x20 ./Core/Src/Midi.o
                0x0000000008001094                registerMIDIEnable
 .text.processMIDIOnCMD
                0x00000000080010b4       0x68 ./Core/Src/Midi.o
                0x00000000080010b4                processMIDIOnCMD
 .text.processMIDIOffCMD
                0x000000000800111c       0x48 ./Core/Src/Midi.o
                0x000000000800111c                processMIDIOffCMD
 .text.registerMidiChannels
                0x0000000008001164       0x2c ./Core/Src/Midi.o
                0x0000000008001164                registerMidiChannels
 .text.Lcd_create
                0x0000000008001190       0x56 ./Core/Src/lcd.o
                0x0000000008001190                Lcd_create
 .text.Lcd_init
                0x00000000080011e6       0x52 ./Core/Src/lcd.o
                0x00000000080011e6                Lcd_init
 .text.Lcd_int  0x0000000008001238       0x30 ./Core/Src/lcd.o
                0x0000000008001238                Lcd_int
 .text.Lcd_string
                0x0000000008001268       0x3e ./Core/Src/lcd.o
                0x0000000008001268                Lcd_string
 *fill*         0x00000000080012a6        0x2 
 .text.Lcd_cursor
                0x00000000080012a8       0x34 ./Core/Src/lcd.o
                0x00000000080012a8                Lcd_cursor
 .text.lcd_write_command
                0x00000000080012dc       0x5c ./Core/Src/lcd.o
 .text.lcd_write_data
                0x0000000008001338       0x5c ./Core/Src/lcd.o
 .text.lcd_write
                0x0000000008001394       0x80 ./Core/Src/lcd.o
 .text.main     0x0000000008001414      0x254 ./Core/Src/main.o
                0x0000000008001414                main
 .text.SystemClock_Config
                0x0000000008001668       0xd0 ./Core/Src/main.o
                0x0000000008001668                SystemClock_Config
 .text.MX_TIM1_Init
                0x0000000008001738      0x144 ./Core/Src/main.o
 .text.MX_TIM2_Init
                0x000000000800187c       0xe8 ./Core/Src/main.o
 .text.MX_TIM3_Init
                0x0000000008001964      0x100 ./Core/Src/main.o
 .text.MX_TIM4_Init
                0x0000000008001a64       0x9c ./Core/Src/main.o
 .text.MX_TIM5_Init
                0x0000000008001b00       0x9c ./Core/Src/main.o
 .text.MX_TIM9_Init
                0x0000000008001b9c       0x74 ./Core/Src/main.o
 .text.MX_TIM10_Init
                0x0000000008001c10       0x94 ./Core/Src/main.o
 .text.MX_TIM11_Init
                0x0000000008001ca4       0x98 ./Core/Src/main.o
 .text.MX_GPIO_Init
                0x0000000008001d3c      0x178 ./Core/Src/main.o
 .text._write   0x0000000008001eb4       0x1e ./Core/Src/main.o
                0x0000000008001eb4                _write
 *fill*         0x0000000008001ed2        0x2 
 .text.setCH1ActivePeriod
                0x0000000008001ed4       0x50 ./Core/Src/main.o
                0x0000000008001ed4                setCH1ActivePeriod
 .text.setCH1DwellPeriod
                0x0000000008001f24       0x50 ./Core/Src/main.o
                0x0000000008001f24                setCH1DwellPeriod
 *fill*         0x0000000008001f74        0x4 
 .text.getVelocityAdjustedOnDuration
                0x0000000008001f78       0x80 ./Core/Src/main.o
                0x0000000008001f78                getVelocityAdjustedOnDuration
 .text.fireTIM3
                0x0000000008001ff8       0x84 ./Core/Src/main.o
                0x0000000008001ff8                fireTIM3
 .text.fireCH1  0x000000000800207c       0x3c ./Core/Src/main.o
                0x000000000800207c                fireCH1
 .text.setCH1FreqA
                0x00000000080020b8       0x28 ./Core/Src/main.o
                0x00000000080020b8                setCH1FreqA
 .text.setCH1FreqB
                0x00000000080020e0       0x28 ./Core/Src/main.o
                0x00000000080020e0                setCH1FreqB
 .text.setCH1FreqAwV
                0x0000000008002108       0x84 ./Core/Src/main.o
                0x0000000008002108                setCH1FreqAwV
 .text.setCH1FreqBwV
                0x000000000800218c       0x70 ./Core/Src/main.o
                0x000000000800218c                setCH1FreqBwV
 .text.interuptCH1
                0x00000000080021fc       0x2c ./Core/Src/main.o
                0x00000000080021fc                interuptCH1
 .text.HAL_TIM_PeriodElapsedCallback
                0x0000000008002228       0xf0 ./Core/Src/main.o
                0x0000000008002228                HAL_TIM_PeriodElapsedCallback
 .text.HAL_GPIO_EXTI_Callback
                0x0000000008002318      0x19c ./Core/Src/main.o
                0x0000000008002318                HAL_GPIO_EXTI_Callback
 .text.shutdownFixedFreq
                0x00000000080024b4       0x1c ./Core/Src/main.o
                0x00000000080024b4                shutdownFixedFreq
 .text.updateDisplay
                0x00000000080024d0       0xa4 ./Core/Src/main.o
                0x00000000080024d0                updateDisplay
 .text.isFiringActive
                0x0000000008002574       0x24 ./Core/Src/main.o
                0x0000000008002574                isFiringActive
 .text.updateHardware
                0x0000000008002598       0xa0 ./Core/Src/main.o
                0x0000000008002598                updateHardware
 .text.Error_Handler
                0x0000000008002638        0xa ./Core/Src/main.o
                0x0000000008002638                Error_Handler
 *fill*         0x0000000008002642        0x2 
 .text.initMenu
                0x0000000008002644       0x4c ./Core/Src/menu.o
                0x0000000008002644                initMenu
 .text.menuEncoderRotate
                0x0000000008002690       0x2c ./Core/Src/menu.o
                0x0000000008002690                menuEncoderRotate
 .text.advanceParam
                0x00000000080026bc       0xac ./Core/Src/menu.o
                0x00000000080026bc                advanceParam
 .text.limitValue
                0x0000000008002768       0x34 ./Core/Src/menu.o
                0x0000000008002768                limitValue
 .text.advanceF1
                0x000000000800279c       0x40 ./Core/Src/menu.o
                0x000000000800279c                advanceF1
 .text.advanceF2
                0x00000000080027dc       0x40 ./Core/Src/menu.o
                0x00000000080027dc                advanceF2
 .text.advanceDel
                0x000000000800281c       0x38 ./Core/Src/menu.o
                0x000000000800281c                advanceDel
 .text.advanceDwell
                0x0000000008002854       0x40 ./Core/Src/menu.o
                0x0000000008002854                advanceDwell
 .text.advanceCH1
                0x0000000008002894       0x34 ./Core/Src/menu.o
                0x0000000008002894                advanceCH1
 .text.advanceCH2
                0x00000000080028c8       0x34 ./Core/Src/menu.o
                0x00000000080028c8                advanceCH2
 .text.menuButPush
                0x00000000080028fc       0x2c ./Core/Src/menu.o
                0x00000000080028fc                menuButPush
 .text.menuButDoublePush
                0x0000000008002928        0xc ./Core/Src/menu.o
                0x0000000008002928                menuButDoublePush
 .text.advanceSubMenu
                0x0000000008002934       0x6c ./Core/Src/menu.o
                0x0000000008002934                advanceSubMenu
 .text.advanceMenu
                0x00000000080029a0       0x4c ./Core/Src/menu.o
                0x00000000080029a0                advanceMenu
 .text.currentMenuText
                0x00000000080029ec       0x38 ./Core/Src/menu.o
                0x00000000080029ec                currentMenuText
 .text.currentSubMenuText
                0x0000000008002a24       0xac ./Core/Src/menu.o
                0x0000000008002a24                currentSubMenuText
 .text.currentMenuParameter
                0x0000000008002ad0       0xb8 ./Core/Src/menu.o
                0x0000000008002ad0                currentMenuParameter
 .text.HAL_MspInit
                0x0000000008002b88       0x50 ./Core/Src/stm32f4xx_hal_msp.o
                0x0000000008002b88                HAL_MspInit
 .text.HAL_TIM_Base_MspInit
                0x0000000008002bd8      0x200 ./Core/Src/stm32f4xx_hal_msp.o
                0x0000000008002bd8                HAL_TIM_Base_MspInit
 .text.HAL_TIM_MspPostInit
                0x0000000008002dd8       0xc4 ./Core/Src/stm32f4xx_hal_msp.o
                0x0000000008002dd8                HAL_TIM_MspPostInit
 .text.NMI_Handler
                0x0000000008002e9c        0x6 ./Core/Src/stm32f4xx_it.o
                0x0000000008002e9c                NMI_Handler
 .text.HardFault_Handler
                0x0000000008002ea2        0x6 ./Core/Src/stm32f4xx_it.o
                0x0000000008002ea2                HardFault_Handler
 .text.MemManage_Handler
                0x0000000008002ea8        0x6 ./Core/Src/stm32f4xx_it.o
                0x0000000008002ea8                MemManage_Handler
 .text.BusFault_Handler
                0x0000000008002eae        0x6 ./Core/Src/stm32f4xx_it.o
                0x0000000008002eae                BusFault_Handler
 .text.UsageFault_Handler
                0x0000000008002eb4        0x6 ./Core/Src/stm32f4xx_it.o
                0x0000000008002eb4                UsageFault_Handler
 .text.SVC_Handler
                0x0000000008002eba        0xe ./Core/Src/stm32f4xx_it.o
                0x0000000008002eba                SVC_Handler
 .text.DebugMon_Handler
                0x0000000008002ec8        0xe ./Core/Src/stm32f4xx_it.o
                0x0000000008002ec8                DebugMon_Handler
 .text.PendSV_Handler
                0x0000000008002ed6        0xe ./Core/Src/stm32f4xx_it.o
                0x0000000008002ed6                PendSV_Handler
 .text.SysTick_Handler
                0x0000000008002ee4        0xc ./Core/Src/stm32f4xx_it.o
                0x0000000008002ee4                SysTick_Handler
 .text.EXTI9_5_IRQHandler
                0x0000000008002ef0       0x1c ./Core/Src/stm32f4xx_it.o
                0x0000000008002ef0                EXTI9_5_IRQHandler
 .text.TIM1_BRK_TIM9_IRQHandler
                0x0000000008002f0c       0x1c ./Core/Src/stm32f4xx_it.o
                0x0000000008002f0c                TIM1_BRK_TIM9_IRQHandler
 .text.TIM1_UP_TIM10_IRQHandler
                0x0000000008002f28       0x1c ./Core/Src/stm32f4xx_it.o
                0x0000000008002f28                TIM1_UP_TIM10_IRQHandler
 .text.TIM1_TRG_COM_TIM11_IRQHandler
                0x0000000008002f44       0x1c ./Core/Src/stm32f4xx_it.o
                0x0000000008002f44                TIM1_TRG_COM_TIM11_IRQHandler
 .text.TIM2_IRQHandler
                0x0000000008002f60       0x14 ./Core/Src/stm32f4xx_it.o
                0x0000000008002f60                TIM2_IRQHandler
 .text.TIM3_IRQHandler
                0x0000000008002f74       0x14 ./Core/Src/stm32f4xx_it.o
                0x0000000008002f74                TIM3_IRQHandler
 .text.TIM4_IRQHandler
                0x0000000008002f88       0x14 ./Core/Src/stm32f4xx_it.o
                0x0000000008002f88                TIM4_IRQHandler
 .text.OTG_FS_IRQHandler
                0x0000000008002f9c       0x14 ./Core/Src/stm32f4xx_it.o
                0x0000000008002f9c                OTG_FS_IRQHandler
 .text._read    0x0000000008002fb0       0x3a ./Core/Src/syscalls.o
                0x0000000008002fb0                _read
 .text._close   0x0000000008002fea       0x18 ./Core/Src/syscalls.o
                0x0000000008002fea                _close
 .text._fstat   0x0000000008003002       0x20 ./Core/Src/syscalls.o
                0x0000000008003002                _fstat
 .text._isatty  0x0000000008003022       0x16 ./Core/Src/syscalls.o
                0x0000000008003022                _isatty
 .text._lseek   0x0000000008003038       0x1a ./Core/Src/syscalls.o
                0x0000000008003038                _lseek
 *fill*         0x0000000008003052        0x2 
 .text._sbrk    0x0000000008003054       0x6c ./Core/Src/sysmem.o
                0x0000000008003054                _sbrk
 .text.SystemInit
                0x00000000080030c0       0x24 ./Core/Src/system_stm32f4xx.o
                0x00000000080030c0                SystemInit
 .text.Reset_Handler
                0x00000000080030e4       0x50 ./Core/Startup/startup_stm32f411ceux.o
                0x00000000080030e4                Reset_Handler
 .text.Default_Handler
                0x0000000008003134        0x2 ./Core/Startup/startup_stm32f411ceux.o
                0x0000000008003134                RTC_Alarm_IRQHandler
                0x0000000008003134                EXTI2_IRQHandler
                0x0000000008003134                SPI4_IRQHandler
                0x0000000008003134                TIM1_CC_IRQHandler
                0x0000000008003134                DMA2_Stream5_IRQHandler
                0x0000000008003134                DMA1_Stream5_IRQHandler
                0x0000000008003134                PVD_IRQHandler
                0x0000000008003134                SDIO_IRQHandler
                0x0000000008003134                TAMP_STAMP_IRQHandler
                0x0000000008003134                EXTI3_IRQHandler
                0x0000000008003134                I2C3_ER_IRQHandler
                0x0000000008003134                EXTI0_IRQHandler
                0x0000000008003134                I2C2_EV_IRQHandler
                0x0000000008003134                DMA1_Stream2_IRQHandler
                0x0000000008003134                FPU_IRQHandler
                0x0000000008003134                DMA2_Stream2_IRQHandler
                0x0000000008003134                SPI1_IRQHandler
                0x0000000008003134                DMA2_Stream3_IRQHandler
                0x0000000008003134                USART6_IRQHandler
                0x0000000008003134                DMA2_Stream0_IRQHandler
                0x0000000008003134                I2C1_EV_IRQHandler
                0x0000000008003134                DMA1_Stream6_IRQHandler
                0x0000000008003134                DMA1_Stream1_IRQHandler
                0x0000000008003134                RCC_IRQHandler
                0x0000000008003134                Default_Handler
                0x0000000008003134                EXTI15_10_IRQHandler
                0x0000000008003134                ADC_IRQHandler
                0x0000000008003134                DMA1_Stream7_IRQHandler
                0x0000000008003134                SPI5_IRQHandler
                0x0000000008003134                TIM5_IRQHandler
                0x0000000008003134                DMA2_Stream7_IRQHandler
                0x0000000008003134                I2C3_EV_IRQHandler
                0x0000000008003134                RTC_WKUP_IRQHandler
                0x0000000008003134                SPI2_IRQHandler
                0x0000000008003134                DMA1_Stream0_IRQHandler
                0x0000000008003134                EXTI4_IRQHandler
                0x0000000008003134                WWDG_IRQHandler
                0x0000000008003134                OTG_FS_WKUP_IRQHandler
                0x0000000008003134                EXTI1_IRQHandler
                0x0000000008003134                USART2_IRQHandler
                0x0000000008003134                I2C2_ER_IRQHandler
                0x0000000008003134                DMA2_Stream1_IRQHandler
                0x0000000008003134                FLASH_IRQHandler
                0x0000000008003134                DMA2_Stream4_IRQHandler
                0x0000000008003134                USART1_IRQHandler
                0x0000000008003134                SPI3_IRQHandler
                0x0000000008003134                DMA1_Stream4_IRQHandler
                0x0000000008003134                I2C1_ER_IRQHandler
                0x0000000008003134                DMA2_Stream6_IRQHandler
                0x0000000008003134                DMA1_Stream3_IRQHandler
 *fill*         0x0000000008003136        0x2 
 .text.HAL_Init
                0x0000000008003138       0x44 ./Drivers/STM32F4xx_HAL_Driver/Src/stm32f4xx_hal.o
                0x0000000008003138                HAL_Init
 .text.HAL_InitTick
                0x000000000800317c       0x60 ./Drivers/STM32F4xx_HAL_Driver/Src/stm32f4xx_hal.o
                0x000000000800317c                HAL_InitTick
 .text.HAL_IncTick
                0x00000000080031dc       0x28 ./Drivers/STM32F4xx_HAL_Driver/Src/stm32f4xx_hal.o
                0x00000000080031dc                HAL_IncTick
 .text.HAL_GetTick
                0x0000000008003204       0x18 ./Drivers/STM32F4xx_HAL_Driver/Src/stm32f4xx_hal.o
                0x0000000008003204                HAL_GetTick
 .text.HAL_Delay
                0x000000000800321c       0x48 ./Drivers/STM32F4xx_HAL_Driver/Src/stm32f4xx_hal.o
                0x000000000800321c                HAL_Delay
 .text.__NVIC_SetPriorityGrouping
                0x0000000008003264       0x48 ./Drivers/STM32F4xx_HAL_Driver/Src/stm32f4xx_hal_cortex.o
 .text.__NVIC_GetPriorityGrouping
                0x00000000080032ac       0x1c ./Drivers/STM32F4xx_HAL_Driver/Src/stm32f4xx_hal_cortex.o
 .text.__NVIC_EnableIRQ
                0x00000000080032c8       0x3c ./Drivers/STM32F4xx_HAL_Driver/Src/stm32f4xx_hal_cortex.o
 .text.__NVIC_SetPriority
                0x0000000008003304       0x54 ./Drivers/STM32F4xx_HAL_Driver/Src/stm32f4xx_hal_cortex.o
 .text.NVIC_EncodePriority
                0x0000000008003358       0x66 ./Drivers/STM32F4xx_HAL_Driver/Src/stm32f4xx_hal_cortex.o
 *fill*         0x00000000080033be        0x2 
 .text.SysTick_Config
                0x00000000080033c0       0x44 ./Drivers/STM32F4xx_HAL_Driver/Src/stm32f4xx_hal_cortex.o
 .text.HAL_NVIC_SetPriorityGrouping
                0x0000000008003404       0x16 ./Drivers/STM32F4xx_HAL_Driver/Src/stm32f4xx_hal_cortex.o
                0x0000000008003404                HAL_NVIC_SetPriorityGrouping
 .text.HAL_NVIC_SetPriority
                0x000000000800341a       0x38 ./Drivers/STM32F4xx_HAL_Driver/Src/stm32f4xx_hal_cortex.o
                0x000000000800341a                HAL_NVIC_SetPriority
 .text.HAL_NVIC_EnableIRQ
                0x0000000008003452       0x1c ./Drivers/STM32F4xx_HAL_Driver/Src/stm32f4xx_hal_cortex.o
                0x0000000008003452                HAL_NVIC_EnableIRQ
 .text.HAL_SYSTICK_Config
                0x000000000800346e       0x18 ./Drivers/STM32F4xx_HAL_Driver/Src/stm32f4xx_hal_cortex.o
                0x000000000800346e                HAL_SYSTICK_Config
 *fill*         0x0000000008003486        0x2 
 .text.HAL_GPIO_Init
                0x0000000008003488      0x308 ./Drivers/STM32F4xx_HAL_Driver/Src/stm32f4xx_hal_gpio.o
                0x0000000008003488                HAL_GPIO_Init
 .text.HAL_GPIO_ReadPin
                0x0000000008003790       0x30 ./Drivers/STM32F4xx_HAL_Driver/Src/stm32f4xx_hal_gpio.o
                0x0000000008003790                HAL_GPIO_ReadPin
 .text.HAL_GPIO_WritePin
                0x00000000080037c0       0x32 ./Drivers/STM32F4xx_HAL_Driver/Src/stm32f4xx_hal_gpio.o
                0x00000000080037c0                HAL_GPIO_WritePin
 .text.HAL_GPIO_TogglePin
                0x00000000080037f2       0x34 ./Drivers/STM32F4xx_HAL_Driver/Src/stm32f4xx_hal_gpio.o
                0x00000000080037f2                HAL_GPIO_TogglePin
 *fill*         0x0000000008003826        0x2 
 .text.HAL_GPIO_EXTI_IRQHandler
                0x0000000008003828       0x30 ./Drivers/STM32F4xx_HAL_Driver/Src/stm32f4xx_hal_gpio.o
                0x0000000008003828                HAL_GPIO_EXTI_IRQHandler
 .text.HAL_PCD_Init
                0x0000000008003858      0x23a ./Drivers/STM32F4xx_HAL_Driver/Src/stm32f4xx_hal_pcd.o
                0x0000000008003858                HAL_PCD_Init
 .text.HAL_PCD_Start
                0x0000000008003a92       0x66 ./Drivers/STM32F4xx_HAL_Driver/Src/stm32f4xx_hal_pcd.o
                0x0000000008003a92                HAL_PCD_Start
 .text.HAL_PCD_IRQHandler
                0x0000000008003af8      0x764 ./Drivers/STM32F4xx_HAL_Driver/Src/stm32f4xx_hal_pcd.o
                0x0000000008003af8                HAL_PCD_IRQHandler
 .text.HAL_PCD_SetAddress
                0x000000000800425c       0x4a ./Drivers/STM32F4xx_HAL_Driver/Src/stm32f4xx_hal_pcd.o
                0x000000000800425c                HAL_PCD_SetAddress
 .text.HAL_PCD_EP_Open
                0x00000000080042a6       0xd0 ./Drivers/STM32F4xx_HAL_Driver/Src/stm32f4xx_hal_pcd.o
                0x00000000080042a6                HAL_PCD_EP_Open
 .text.HAL_PCD_EP_Close
                0x0000000008004376       0x94 ./Drivers/STM32F4xx_HAL_Driver/Src/stm32f4xx_hal_pcd.o
                0x0000000008004376                HAL_PCD_EP_Close
 .text.HAL_PCD_EP_Receive
                0x000000000800440a       0x96 ./Drivers/STM32F4xx_HAL_Driver/Src/stm32f4xx_hal_pcd.o
                0x000000000800440a                HAL_PCD_EP_Receive
 .text.HAL_PCD_EP_GetRxCount
                0x00000000080044a0       0x30 ./Drivers/STM32F4xx_HAL_Driver/Src/stm32f4xx_hal_pcd.o
                0x00000000080044a0                HAL_PCD_EP_GetRxCount
 .text.HAL_PCD_EP_Transmit
                0x00000000080044d0       0x94 ./Drivers/STM32F4xx_HAL_Driver/Src/stm32f4xx_hal_pcd.o
                0x00000000080044d0                HAL_PCD_EP_Transmit
 .text.HAL_PCD_EP_SetStall
                0x0000000008004564       0xc8 ./Drivers/STM32F4xx_HAL_Driver/Src/stm32f4xx_hal_pcd.o
                0x0000000008004564                HAL_PCD_EP_SetStall
 .text.HAL_PCD_EP_ClrStall
                0x000000000800462c       0xac ./Drivers/STM32F4xx_HAL_Driver/Src/stm32f4xx_hal_pcd.o
                0x000000000800462c                HAL_PCD_EP_ClrStall
 .text.PCD_WriteEmptyTxFifo
                0x00000000080046d8      0x11a ./Drivers/STM32F4xx_HAL_Driver/Src/stm32f4xx_hal_pcd.o
 *fill*         0x00000000080047f2        0x2 
 .text.PCD_EP_OutXfrComplete_int
                0x00000000080047f4      0x218 ./Drivers/STM32F4xx_HAL_Driver/Src/stm32f4xx_hal_pcd.o
 .text.PCD_EP_OutSetupPacket_int
                0x0000000008004a0c       0x8c ./Drivers/STM32F4xx_HAL_Driver/Src/stm32f4xx_hal_pcd.o
 .text.HAL_PCDEx_SetTxFiFo
                0x0000000008004a98       0x8e ./Drivers/STM32F4xx_HAL_Driver/Src/stm32f4xx_hal_pcd_ex.o
                0x0000000008004a98                HAL_PCDEx_SetTxFiFo
 .text.HAL_PCDEx_SetRxFiFo
                0x0000000008004b26       0x22 ./Drivers/STM32F4xx_HAL_Driver/Src/stm32f4xx_hal_pcd_ex.o
                0x0000000008004b26                HAL_PCDEx_SetRxFiFo
 .text.HAL_PCDEx_LPM_Callback
                0x0000000008004b48       0x18 ./Drivers/STM32F4xx_HAL_Driver/Src/stm32f4xx_hal_pcd_ex.o
                0x0000000008004b48                HAL_PCDEx_LPM_Callback
 .text.HAL_RCC_OscConfig
                0x0000000008004b60      0x4f0 ./Drivers/STM32F4xx_HAL_Driver/Src/stm32f4xx_hal_rcc.o
                0x0000000008004b60                HAL_RCC_OscConfig
 .text.HAL_RCC_ClockConfig
                0x0000000008005050      0x1cc ./Drivers/STM32F4xx_HAL_Driver/Src/stm32f4xx_hal_rcc.o
                0x0000000008005050                HAL_RCC_ClockConfig
 .text.HAL_RCC_GetSysClockFreq
                0x000000000800521c      0x16c ./Drivers/STM32F4xx_HAL_Driver/Src/stm32f4xx_hal_rcc.o
                0x000000000800521c                HAL_RCC_GetSysClockFreq
 .text.HAL_RCC_GetHCLKFreq
                0x0000000008005388       0x18 ./Drivers/STM32F4xx_HAL_Driver/Src/stm32f4xx_hal_rcc.o
                0x0000000008005388                HAL_RCC_GetHCLKFreq
 .text.HAL_TIM_Base_Init
                0x00000000080053a0       0x9e ./Drivers/STM32F4xx_HAL_Driver/Src/stm32f4xx_hal_tim.o
                0x00000000080053a0                HAL_TIM_Base_Init
 *fill*         0x000000000800543e        0x2 
 .text.HAL_TIM_Base_Start_IT
                0x0000000008005440       0xc4 ./Drivers/STM32F4xx_HAL_Driver/Src/stm32f4xx_hal_tim.o
                0x0000000008005440                HAL_TIM_Base_Start_IT
 .text.HAL_TIM_Base_Stop_IT
                0x0000000008005504       0x5e ./Drivers/STM32F4xx_HAL_Driver/Src/stm32f4xx_hal_tim.o
                0x0000000008005504                HAL_TIM_Base_Stop_IT
 .text.HAL_TIM_OC_Init
                0x0000000008005562       0x9e ./Drivers/STM32F4xx_HAL_Driver/Src/stm32f4xx_hal_tim.o
                0x0000000008005562                HAL_TIM_OC_Init
 .text.HAL_TIM_OC_MspInit
                0x0000000008005600       0x14 ./Drivers/STM32F4xx_HAL_Driver/Src/stm32f4xx_hal_tim.o
                0x0000000008005600                HAL_TIM_OC_MspInit
 .text.HAL_TIM_PWM_Init
                0x0000000008005614       0x9e ./Drivers/STM32F4xx_HAL_Driver/Src/stm32f4xx_hal_tim.o
                0x0000000008005614                HAL_TIM_PWM_Init
 .text.HAL_TIM_PWM_MspInit
                0x00000000080056b2       0x14 ./Drivers/STM32F4xx_HAL_Driver/Src/stm32f4xx_hal_tim.o
                0x00000000080056b2                HAL_TIM_PWM_MspInit
 *fill*         0x00000000080056c6        0x2 
 .text.HAL_TIM_PWM_Start_IT
                0x00000000080056c8      0x1fc ./Drivers/STM32F4xx_HAL_Driver/Src/stm32f4xx_hal_tim.o
                0x00000000080056c8                HAL_TIM_PWM_Start_IT
 .text.HAL_TIM_PWM_Stop_IT
                0x00000000080058c4      0x164 ./Drivers/STM32F4xx_HAL_Driver/Src/stm32f4xx_hal_tim.o
                0x00000000080058c4                HAL_TIM_PWM_Stop_IT
 .text.HAL_TIM_OnePulse_Init
                0x0000000008005a28       0xa0 ./Drivers/STM32F4xx_HAL_Driver/Src/stm32f4xx_hal_tim.o
                0x0000000008005a28                HAL_TIM_OnePulse_Init
 .text.HAL_TIM_OnePulse_MspInit
                0x0000000008005ac8       0x14 ./Drivers/STM32F4xx_HAL_Driver/Src/stm32f4xx_hal_tim.o
                0x0000000008005ac8                HAL_TIM_OnePulse_MspInit
 .text.HAL_TIM_IRQHandler
                0x0000000008005adc      0x210 ./Drivers/STM32F4xx_HAL_Driver/Src/stm32f4xx_hal_tim.o
                0x0000000008005adc                HAL_TIM_IRQHandler
 .text.HAL_TIM_OC_ConfigChannel
                0x0000000008005cec       0xb8 ./Drivers/STM32F4xx_HAL_Driver/Src/stm32f4xx_hal_tim.o
                0x0000000008005cec                HAL_TIM_OC_ConfigChannel
 .text.HAL_TIM_PWM_ConfigChannel
                0x0000000008005da4      0x184 ./Drivers/STM32F4xx_HAL_Driver/Src/stm32f4xx_hal_tim.o
                0x0000000008005da4                HAL_TIM_PWM_ConfigChannel
 .text.HAL_TIM_ConfigClockSource
                0x0000000008005f28      0x18e ./Drivers/STM32F4xx_HAL_Driver/Src/stm32f4xx_hal_tim.o
                0x0000000008005f28                HAL_TIM_ConfigClockSource
 .text.HAL_TIM_OC_DelayElapsedCallback
                0x00000000080060b6       0x14 ./Drivers/STM32F4xx_HAL_Driver/Src/stm32f4xx_hal_tim.o
                0x00000000080060b6                HAL_TIM_OC_DelayElapsedCallback
 .text.HAL_TIM_IC_CaptureCallback
                0x00000000080060ca       0x14 ./Drivers/STM32F4xx_HAL_Driver/Src/stm32f4xx_hal_tim.o
                0x00000000080060ca                HAL_TIM_IC_CaptureCallback
 .text.HAL_TIM_PWM_PulseFinishedCallback
                0x00000000080060de       0x14 ./Drivers/STM32F4xx_HAL_Driver/Src/stm32f4xx_hal_tim.o
                0x00000000080060de                HAL_TIM_PWM_PulseFinishedCallback
 .text.HAL_TIM_TriggerCallback
                0x00000000080060f2       0x14 ./Drivers/STM32F4xx_HAL_Driver/Src/stm32f4xx_hal_tim.o
                0x00000000080060f2                HAL_TIM_TriggerCallback
 *fill*         0x0000000008006106        0x2 
 .text.TIM_Base_SetConfig
                0x0000000008006108      0x100 ./Drivers/STM32F4xx_HAL_Driver/Src/stm32f4xx_hal_tim.o
                0x0000000008006108                TIM_Base_SetConfig
 .text.TIM_OC1_SetConfig
                0x0000000008006208       0xcc ./Drivers/STM32F4xx_HAL_Driver/Src/stm32f4xx_hal_tim.o
 .text.TIM_OC2_SetConfig
                0x00000000080062d4       0xd8 ./Drivers/STM32F4xx_HAL_Driver/Src/stm32f4xx_hal_tim.o
                0x00000000080062d4                TIM_OC2_SetConfig
 .text.TIM_OC3_SetConfig
                0x00000000080063ac       0xd4 ./Drivers/STM32F4xx_HAL_Driver/Src/stm32f4xx_hal_tim.o
 .text.TIM_OC4_SetConfig
                0x0000000008006480       0xa0 ./Drivers/STM32F4xx_HAL_Driver/Src/stm32f4xx_hal_tim.o
 .text.TIM_TI1_ConfigInputStage
                0x0000000008006520       0x5e ./Drivers/STM32F4xx_HAL_Driver/Src/stm32f4xx_hal_tim.o
 .text.TIM_TI2_ConfigInputStage
                0x000000000800657e       0x60 ./Drivers/STM32F4xx_HAL_Driver/Src/stm32f4xx_hal_tim.o
 .text.TIM_ITRx_SetConfig
                0x00000000080065de       0x36 ./Drivers/STM32F4xx_HAL_Driver/Src/stm32f4xx_hal_tim.o
 .text.TIM_ETR_SetConfig
                0x0000000008006614       0x40 ./Drivers/STM32F4xx_HAL_Driver/Src/stm32f4xx_hal_tim.o
                0x0000000008006614                TIM_ETR_SetConfig
 .text.TIM_CCxChannelCmd
                0x0000000008006654       0x4a ./Drivers/STM32F4xx_HAL_Driver/Src/stm32f4xx_hal_tim.o
                0x0000000008006654                TIM_CCxChannelCmd
 *fill*         0x000000000800669e        0x2 
 .text.HAL_TIMEx_MasterConfigSynchronization
                0x00000000080066a0       0xdc ./Drivers/STM32F4xx_HAL_Driver/Src/stm32f4xx_hal_tim_ex.o
                0x00000000080066a0                HAL_TIMEx_MasterConfigSynchronization
 .text.HAL_TIMEx_ConfigBreakDeadTime
                0x000000000800677c       0xa4 ./Drivers/STM32F4xx_HAL_Driver/Src/stm32f4xx_hal_tim_ex.o
                0x000000000800677c                HAL_TIMEx_ConfigBreakDeadTime
 .text.HAL_TIMEx_CommutCallback
                0x0000000008006820       0x14 ./Drivers/STM32F4xx_HAL_Driver/Src/stm32f4xx_hal_tim_ex.o
                0x0000000008006820                HAL_TIMEx_CommutCallback
 .text.HAL_TIMEx_BreakCallback
                0x0000000008006834       0x14 ./Drivers/STM32F4xx_HAL_Driver/Src/stm32f4xx_hal_tim_ex.o
                0x0000000008006834                HAL_TIMEx_BreakCallback
 .text.USB_CoreInit
                0x0000000008006848       0xc2 ./Drivers/STM32F4xx_HAL_Driver/Src/stm32f4xx_ll_usb.o
                0x0000000008006848                USB_CoreInit
 *fill*         0x000000000800690a        0x2 
 .text.USB_SetTurnaroundTime
                0x000000000800690c      0x144 ./Drivers/STM32F4xx_HAL_Driver/Src/stm32f4xx_ll_usb.o
                0x000000000800690c                USB_SetTurnaroundTime
 .text.USB_EnableGlobalInt
                0x0000000008006a50       0x22 ./Drivers/STM32F4xx_HAL_Driver/Src/stm32f4xx_ll_usb.o
                0x0000000008006a50                USB_EnableGlobalInt
 .text.USB_DisableGlobalInt
                0x0000000008006a72       0x22 ./Drivers/STM32F4xx_HAL_Driver/Src/stm32f4xx_ll_usb.o
                0x0000000008006a72                USB_DisableGlobalInt
 .text.USB_SetCurrentMode
                0x0000000008006a94       0x98 ./Drivers/STM32F4xx_HAL_Driver/Src/stm32f4xx_ll_usb.o
                0x0000000008006a94                USB_SetCurrentMode
 .text.USB_DevInit
                0x0000000008006b2c      0x2c8 ./Drivers/STM32F4xx_HAL_Driver/Src/stm32f4xx_ll_usb.o
                0x0000000008006b2c                USB_DevInit
 .text.USB_FlushTxFifo
                0x0000000008006df4       0x48 ./Drivers/STM32F4xx_HAL_Driver/Src/stm32f4xx_ll_usb.o
                0x0000000008006df4                USB_FlushTxFifo
 .text.USB_FlushRxFifo
                0x0000000008006e3c       0x40 ./Drivers/STM32F4xx_HAL_Driver/Src/stm32f4xx_ll_usb.o
                0x0000000008006e3c                USB_FlushRxFifo
 .text.USB_SetDevSpeed
                0x0000000008006e7c       0x32 ./Drivers/STM32F4xx_HAL_Driver/Src/stm32f4xx_ll_usb.o
                0x0000000008006e7c                USB_SetDevSpeed
 .text.USB_GetDevSpeed
                0x0000000008006eae       0x4a ./Drivers/STM32F4xx_HAL_Driver/Src/stm32f4xx_ll_usb.o
                0x0000000008006eae                USB_GetDevSpeed
 .text.USB_ActivateEndpoint
                0x0000000008006ef8      0x10e ./Drivers/STM32F4xx_HAL_Driver/Src/stm32f4xx_ll_usb.o
                0x0000000008006ef8                USB_ActivateEndpoint
 *fill*         0x0000000008007006        0x2 
 .text.USB_DeactivateEndpoint
                0x0000000008007008      0x1b8 ./Drivers/STM32F4xx_HAL_Driver/Src/stm32f4xx_ll_usb.o
                0x0000000008007008                USB_DeactivateEndpoint
 .text.USB_EPStartXfer
                0x00000000080071c0      0x488 ./Drivers/STM32F4xx_HAL_Driver/Src/stm32f4xx_ll_usb.o
                0x00000000080071c0                USB_EPStartXfer
 .text.USB_EP0StartXfer
                0x0000000008007648      0x2a6 ./Drivers/STM32F4xx_HAL_Driver/Src/stm32f4xx_ll_usb.o
                0x0000000008007648                USB_EP0StartXfer
 .text.USB_WritePacket
                0x00000000080078ee       0x7c ./Drivers/STM32F4xx_HAL_Driver/Src/stm32f4xx_ll_usb.o
                0x00000000080078ee                USB_WritePacket
 .text.USB_ReadPacket
                0x000000000800796a       0xb0 ./Drivers/STM32F4xx_HAL_Driver/Src/stm32f4xx_ll_usb.o
                0x000000000800796a                USB_ReadPacket
 .text.USB_EPSetStall
                0x0000000008007a1a       0xdc ./Drivers/STM32F4xx_HAL_Driver/Src/stm32f4xx_ll_usb.o
                0x0000000008007a1a                USB_EPSetStall
 .text.USB_EPClearStall
                0x0000000008007af6       0xcc ./Drivers/STM32F4xx_HAL_Driver/Src/stm32f4xx_ll_usb.o
                0x0000000008007af6                USB_EPClearStall
 .text.USB_SetDevAddress
                0x0000000008007bc2       0x4c ./Drivers/STM32F4xx_HAL_Driver/Src/stm32f4xx_ll_usb.o
                0x0000000008007bc2                USB_SetDevAddress
 .text.USB_DevConnect
                0x0000000008007c0e       0x42 ./Drivers/STM32F4xx_HAL_Driver/Src/stm32f4xx_ll_usb.o
                0x0000000008007c0e                USB_DevConnect
 .text.USB_DevDisconnect
                0x0000000008007c50       0x42 ./Drivers/STM32F4xx_HAL_Driver/Src/stm32f4xx_ll_usb.o
                0x0000000008007c50                USB_DevDisconnect
 .text.USB_ReadInterrupts
                0x0000000008007c92       0x26 ./Drivers/STM32F4xx_HAL_Driver/Src/stm32f4xx_ll_usb.o
                0x0000000008007c92                USB_ReadInterrupts
 .text.USB_ReadDevAllOutEpInterrupt
                0x0000000008007cb8       0x34 ./Drivers/STM32F4xx_HAL_Driver/Src/stm32f4xx_ll_usb.o
                0x0000000008007cb8                USB_ReadDevAllOutEpInterrupt
 .text.USB_ReadDevAllInEpInterrupt
                0x0000000008007cec       0x34 ./Drivers/STM32F4xx_HAL_Driver/Src/stm32f4xx_ll_usb.o
                0x0000000008007cec                USB_ReadDevAllInEpInterrupt
 .text.USB_ReadDevOutEPInterrupt
                0x0000000008007d20       0x3c ./Drivers/STM32F4xx_HAL_Driver/Src/stm32f4xx_ll_usb.o
                0x0000000008007d20                USB_ReadDevOutEPInterrupt
 .text.USB_ReadDevInEPInterrupt
                0x0000000008007d5c       0x5c ./Drivers/STM32F4xx_HAL_Driver/Src/stm32f4xx_ll_usb.o
                0x0000000008007d5c                USB_ReadDevInEPInterrupt
 .text.USB_GetMode
                0x0000000008007db8       0x1c ./Drivers/STM32F4xx_HAL_Driver/Src/stm32f4xx_ll_usb.o
                0x0000000008007db8                USB_GetMode
 .text.USB_ActivateSetup
                0x0000000008007dd4       0x46 ./Drivers/STM32F4xx_HAL_Driver/Src/stm32f4xx_ll_usb.o
                0x0000000008007dd4                USB_ActivateSetup
 *fill*         0x0000000008007e1a        0x2 
 .text.USB_EP0_OutStart
                0x0000000008007e1c       0xbc ./Drivers/STM32F4xx_HAL_Driver/Src/stm32f4xx_ll_usb.o
                0x0000000008007e1c                USB_EP0_OutStart
 .text.USB_CoreReset
                0x0000000008007ed8       0x64 ./Drivers/STM32F4xx_HAL_Driver/Src/stm32f4xx_ll_usb.o
 .text.USBD_CDC_Init
                0x0000000008007f3c       0xfe ./Middlewares/ST/STM32_USB_Device_Library/Class/CDC/Src/usbd_cdc.o
 .text.USBD_CDC_DeInit
                0x000000000800803a       0x74 ./Middlewares/ST/STM32_USB_Device_Library/Class/CDC/Src/usbd_cdc.o
 *fill*         0x00000000080080ae        0x2 
 .text.USBD_CDC_Setup
                0x00000000080080b0      0x190 ./Middlewares/ST/STM32_USB_Device_Library/Class/CDC/Src/usbd_cdc.o
 .text.USBD_CDC_DataIn
                0x0000000008008240       0xca ./Middlewares/ST/STM32_USB_Device_Library/Class/CDC/Src/usbd_cdc.o
 .text.USBD_CDC_DataOut
                0x000000000800830a       0x56 ./Middlewares/ST/STM32_USB_Device_Library/Class/CDC/Src/usbd_cdc.o
 .text.USBD_CDC_EP0_RxReady
                0x0000000008008360       0x5a ./Middlewares/ST/STM32_USB_Device_Library/Class/CDC/Src/usbd_cdc.o
 *fill*         0x00000000080083ba        0x2 
 .text.USBD_CDC_GetFSCfgDesc
                0x00000000080083bc       0x20 ./Middlewares/ST/STM32_USB_Device_Library/Class/CDC/Src/usbd_cdc.o
 .text.USBD_CDC_GetHSCfgDesc
                0x00000000080083dc       0x20 ./Middlewares/ST/STM32_USB_Device_Library/Class/CDC/Src/usbd_cdc.o
 .text.USBD_CDC_GetOtherSpeedCfgDesc
                0x00000000080083fc       0x20 ./Middlewares/ST/STM32_USB_Device_Library/Class/CDC/Src/usbd_cdc.o
 .text.USBD_CDC_GetDeviceQualifierDescriptor
                0x000000000800841c       0x20 ./Middlewares/ST/STM32_USB_Device_Library/Class/CDC/Src/usbd_cdc.o
                0x000000000800841c                USBD_CDC_GetDeviceQualifierDescriptor
 .text.USBD_CDC_RegisterInterface
                0x000000000800843c       0x2a ./Middlewares/ST/STM32_USB_Device_Library/Class/CDC/Src/usbd_cdc.o
                0x000000000800843c                USBD_CDC_RegisterInterface
 .text.USBD_CDC_SetTxBuffer
                0x0000000008008466       0x3c ./Middlewares/ST/STM32_USB_Device_Library/Class/CDC/Src/usbd_cdc.o
                0x0000000008008466                USBD_CDC_SetTxBuffer
 .text.USBD_CDC_SetRxBuffer
                0x00000000080084a2       0x32 ./Middlewares/ST/STM32_USB_Device_Library/Class/CDC/Src/usbd_cdc.o
                0x00000000080084a2                USBD_CDC_SetRxBuffer
 .text.USBD_CDC_TransmitPacket
                0x00000000080084d4       0x60 ./Middlewares/ST/STM32_USB_Device_Library/Class/CDC/Src/usbd_cdc.o
                0x00000000080084d4                USBD_CDC_TransmitPacket
 .text.USBD_CDC_ReceivePacket
                0x0000000008008534       0x54 ./Middlewares/ST/STM32_USB_Device_Library/Class/CDC/Src/usbd_cdc.o
                0x0000000008008534                USBD_CDC_ReceivePacket
 .text.USBD_Init
                0x0000000008008588       0x60 ./Middlewares/ST/STM32_USB_Device_Library/Core/Src/usbd_core.o
                0x0000000008008588                USBD_Init
 .text.USBD_RegisterClass
                0x00000000080085e8       0x4e ./Middlewares/ST/STM32_USB_Device_Library/Core/Src/usbd_core.o
                0x00000000080085e8                USBD_RegisterClass
 .text.USBD_Start
                0x0000000008008636       0x18 ./Middlewares/ST/STM32_USB_Device_Library/Core/Src/usbd_core.o
                0x0000000008008636                USBD_Start
 .text.USBD_RunTestMode
                0x000000000800864e       0x16 ./Middlewares/ST/STM32_USB_Device_Library/Core/Src/usbd_core.o
                0x000000000800864e                USBD_RunTestMode
 .text.USBD_SetClassConfig
                0x0000000008008664       0x38 ./Middlewares/ST/STM32_USB_Device_Library/Core/Src/usbd_core.o
                0x0000000008008664                USBD_SetClassConfig
 .text.USBD_ClrClassConfig
                0x000000000800869c       0x30 ./Middlewares/ST/STM32_USB_Device_Library/Core/Src/usbd_core.o
                0x000000000800869c                USBD_ClrClassConfig
 .text.USBD_LL_SetupStage
                0x00000000080086cc       0xaa ./Middlewares/ST/STM32_USB_Device_Library/Core/Src/usbd_core.o
                0x00000000080086cc                USBD_LL_SetupStage
 .text.USBD_LL_DataOutStage
                0x0000000008008776       0xc6 ./Middlewares/ST/STM32_USB_Device_Library/Core/Src/usbd_core.o
                0x0000000008008776                USBD_LL_DataOutStage
 .text.USBD_LL_DataInStage
                0x000000000800883c      0x12c ./Middlewares/ST/STM32_USB_Device_Library/Core/Src/usbd_core.o
                0x000000000800883c                USBD_LL_DataInStage
 .text.USBD_LL_Reset
                0x0000000008008968       0x9c ./Middlewares/ST/STM32_USB_Device_Library/Core/Src/usbd_core.o
                0x0000000008008968                USBD_LL_Reset
 .text.USBD_LL_SetSpeed
                0x0000000008008a04       0x20 ./Middlewares/ST/STM32_USB_Device_Library/Core/Src/usbd_core.o
                0x0000000008008a04                USBD_LL_SetSpeed
 .text.USBD_LL_Suspend
                0x0000000008008a24       0x2c ./Middlewares/ST/STM32_USB_Device_Library/Core/Src/usbd_core.o
                0x0000000008008a24                USBD_LL_Suspend
 .text.USBD_LL_Resume
                0x0000000008008a50       0x30 ./Middlewares/ST/STM32_USB_Device_Library/Core/Src/usbd_core.o
                0x0000000008008a50                USBD_LL_Resume
 .text.USBD_LL_SOF
                0x0000000008008a80       0x44 ./Middlewares/ST/STM32_USB_Device_Library/Core/Src/usbd_core.o
                0x0000000008008a80                USBD_LL_SOF
 .text.USBD_LL_IsoINIncomplete
                0x0000000008008ac4       0x4c ./Middlewares/ST/STM32_USB_Device_Library/Core/Src/usbd_core.o
                0x0000000008008ac4                USBD_LL_IsoINIncomplete
 .text.USBD_LL_IsoOUTIncomplete
                0x0000000008008b10       0x4c ./Middlewares/ST/STM32_USB_Device_Library/Core/Src/usbd_core.o
                0x0000000008008b10                USBD_LL_IsoOUTIncomplete
 .text.USBD_LL_DevConnected
                0x0000000008008b5c       0x16 ./Middlewares/ST/STM32_USB_Device_Library/Core/Src/usbd_core.o
                0x0000000008008b5c                USBD_LL_DevConnected
 .text.USBD_LL_DevDisconnected
                0x0000000008008b72       0x38 ./Middlewares/ST/STM32_USB_Device_Library/Core/Src/usbd_core.o
                0x0000000008008b72                USBD_LL_DevDisconnected
 .text.SWAPBYTE
                0x0000000008008baa       0x3c ./Middlewares/ST/STM32_USB_Device_Library/Core/Src/usbd_ctlreq.o
 *fill*         0x0000000008008be6        0x2 
 .text.USBD_StdDevReq
                0x0000000008008be8       0xdc ./Middlewares/ST/STM32_USB_Device_Library/Core/Src/usbd_ctlreq.o
                0x0000000008008be8                USBD_StdDevReq
 .text.USBD_StdItfReq
                0x0000000008008cc4       0x92 ./Middlewares/ST/STM32_USB_Device_Library/Core/Src/usbd_ctlreq.o
                0x0000000008008cc4                USBD_StdItfReq
 .text.USBD_StdEPReq
                0x0000000008008d56      0x2c4 ./Middlewares/ST/STM32_USB_Device_Library/Core/Src/usbd_ctlreq.o
                0x0000000008008d56                USBD_StdEPReq
 *fill*         0x000000000800901a        0x2 
 .text.USBD_GetDescriptor
                0x000000000800901c      0x2d4 ./Middlewares/ST/STM32_USB_Device_Library/Core/Src/usbd_ctlreq.o
 .text.USBD_SetAddress
                0x00000000080092f0       0x88 ./Middlewares/ST/STM32_USB_Device_Library/Core/Src/usbd_ctlreq.o
 .text.USBD_SetConfig
                0x0000000008009378      0x14c ./Middlewares/ST/STM32_USB_Device_Library/Core/Src/usbd_ctlreq.o
 .text.USBD_GetConfig
                0x00000000080094c4       0x6c ./Middlewares/ST/STM32_USB_Device_Library/Core/Src/usbd_ctlreq.o
 .text.USBD_GetStatus
                0x0000000008009530       0x68 ./Middlewares/ST/STM32_USB_Device_Library/Core/Src/usbd_ctlreq.o
 .text.USBD_SetFeature
                0x0000000008009598       0x28 ./Middlewares/ST/STM32_USB_Device_Library/Core/Src/usbd_ctlreq.o
 .text.USBD_ClrFeature
                0x00000000080095c0       0x44 ./Middlewares/ST/STM32_USB_Device_Library/Core/Src/usbd_ctlreq.o
 .text.USBD_ParseSetupRequest
                0x0000000008009604       0x74 ./Middlewares/ST/STM32_USB_Device_Library/Core/Src/usbd_ctlreq.o
                0x0000000008009604                USBD_ParseSetupRequest
 .text.USBD_CtlError
                0x0000000008009678       0x22 ./Middlewares/ST/STM32_USB_Device_Library/Core/Src/usbd_ctlreq.o
                0x0000000008009678                USBD_CtlError
 .text.USBD_GetString
                0x000000000800969a       0x8c ./Middlewares/ST/STM32_USB_Device_Library/Core/Src/usbd_ctlreq.o
                0x000000000800969a                USBD_GetString
 .text.USBD_GetLen
                0x0000000008009726       0x34 ./Middlewares/ST/STM32_USB_Device_Library/Core/Src/usbd_ctlreq.o
 .text.USBD_CtlSendData
                0x000000000800975a       0x36 ./Middlewares/ST/STM32_USB_Device_Library/Core/Src/usbd_ioreq.o
                0x000000000800975a                USBD_CtlSendData
 .text.USBD_CtlContinueSendData
                0x0000000008009790       0x22 ./Middlewares/ST/STM32_USB_Device_Library/Core/Src/usbd_ioreq.o
                0x0000000008009790                USBD_CtlContinueSendData
 .text.USBD_CtlPrepareRx
                0x00000000080097b2       0x3a ./Middlewares/ST/STM32_USB_Device_Library/Core/Src/usbd_ioreq.o
                0x00000000080097b2                USBD_CtlPrepareRx
 .text.USBD_CtlContinueRx
                0x00000000080097ec       0x22 ./Middlewares/ST/STM32_USB_Device_Library/Core/Src/usbd_ioreq.o
                0x00000000080097ec                USBD_CtlContinueRx
 .text.USBD_CtlSendStatus
                0x000000000800980e       0x26 ./Middlewares/ST/STM32_USB_Device_Library/Core/Src/usbd_ioreq.o
                0x000000000800980e                USBD_CtlSendStatus
 .text.USBD_CtlReceiveStatus
                0x0000000008009834       0x26 ./Middlewares/ST/STM32_USB_Device_Library/Core/Src/usbd_ioreq.o
                0x0000000008009834                USBD_CtlReceiveStatus
 *fill*         0x000000000800985a        0x2 
 .text.MX_USB_DEVICE_Init
                0x000000000800985c       0x60 ./USB_DEVICE/App/usb_device.o
                0x000000000800985c                MX_USB_DEVICE_Init
 .text.CDC_Init_FS
                0x00000000080098bc       0x28 ./USB_DEVICE/App/usbd_cdc_if.o
 .text.CDC_DeInit_FS
                0x00000000080098e4       0x10 ./USB_DEVICE/App/usbd_cdc_if.o
 .text.CDC_Control_FS
                0x00000000080098f4       0xbc ./USB_DEVICE/App/usbd_cdc_if.o
 .text.CDC_Receive_FS
                0x00000000080099b0       0x5c ./USB_DEVICE/App/usbd_cdc_if.o
 .text.CDC_Transmit_FS
                0x0000000008009a0c       0x4c ./USB_DEVICE/App/usbd_cdc_if.o
                0x0000000008009a0c                CDC_Transmit_FS
 .text.CDC_TransmitCplt_FS
                0x0000000008009a58       0x22 ./USB_DEVICE/App/usbd_cdc_if.o
 *fill*         0x0000000008009a7a        0x2 
 .text.USBD_FS_DeviceDescriptor
                0x0000000008009a7c       0x24 ./USB_DEVICE/App/usbd_desc.o
                0x0000000008009a7c                USBD_FS_DeviceDescriptor
 .text.USBD_FS_LangIDStrDescriptor
                0x0000000008009aa0       0x24 ./USB_DEVICE/App/usbd_desc.o
                0x0000000008009aa0                USBD_FS_LangIDStrDescriptor
 .text.USBD_FS_ProductStrDescriptor
                0x0000000008009ac4       0x3c ./USB_DEVICE/App/usbd_desc.o
                0x0000000008009ac4                USBD_FS_ProductStrDescriptor
 .text.USBD_FS_ManufacturerStrDescriptor
                0x0000000008009b00       0x28 ./USB_DEVICE/App/usbd_desc.o
                0x0000000008009b00                USBD_FS_ManufacturerStrDescriptor
 .text.USBD_FS_SerialStrDescriptor
                0x0000000008009b28       0x24 ./USB_DEVICE/App/usbd_desc.o
                0x0000000008009b28                USBD_FS_SerialStrDescriptor
 .text.USBD_FS_ConfigStrDescriptor
                0x0000000008009b4c       0x3c ./USB_DEVICE/App/usbd_desc.o
                0x0000000008009b4c                USBD_FS_ConfigStrDescriptor
 .text.USBD_FS_InterfaceStrDescriptor
                0x0000000008009b88       0x3c ./USB_DEVICE/App/usbd_desc.o
                0x0000000008009b88                USBD_FS_InterfaceStrDescriptor
 .text.Get_SerialNum
                0x0000000008009bc4       0x58 ./USB_DEVICE/App/usbd_desc.o
 .text.IntToUnicode
                0x0000000008009c1c       0x7e ./USB_DEVICE/App/usbd_desc.o
 *fill*         0x0000000008009c9a        0x2 
 .text.HAL_PCD_MspInit
                0x0000000008009c9c       0xa8 ./USB_DEVICE/Target/usbd_conf.o
                0x0000000008009c9c                HAL_PCD_MspInit
 .text.HAL_PCD_SetupStageCallback
                0x0000000008009d44       0x24 ./USB_DEVICE/Target/usbd_conf.o
                0x0000000008009d44                HAL_PCD_SetupStageCallback
 .text.HAL_PCD_DataOutStageCallback
                0x0000000008009d68       0x36 ./USB_DEVICE/Target/usbd_conf.o
                0x0000000008009d68                HAL_PCD_DataOutStageCallback
 .text.HAL_PCD_DataInStageCallback
                0x0000000008009d9e       0x34 ./USB_DEVICE/Target/usbd_conf.o
                0x0000000008009d9e                HAL_PCD_DataInStageCallback
 .text.HAL_PCD_SOFCallback
                0x0000000008009dd2       0x1c ./USB_DEVICE/Target/usbd_conf.o
                0x0000000008009dd2                HAL_PCD_SOFCallback
 .text.HAL_PCD_ResetCallback
                0x0000000008009dee       0x3c ./USB_DEVICE/Target/usbd_conf.o
                0x0000000008009dee                HAL_PCD_ResetCallback
 *fill*         0x0000000008009e2a        0x2 
 .text.HAL_PCD_SuspendCallback
                0x0000000008009e2c       0x4c ./USB_DEVICE/Target/usbd_conf.o
                0x0000000008009e2c                HAL_PCD_SuspendCallback
 .text.HAL_PCD_ResumeCallback
                0x0000000008009e78       0x1c ./USB_DEVICE/Target/usbd_conf.o
                0x0000000008009e78                HAL_PCD_ResumeCallback
 .text.HAL_PCD_ISOOUTIncompleteCallback
                0x0000000008009e94       0x24 ./USB_DEVICE/Target/usbd_conf.o
                0x0000000008009e94                HAL_PCD_ISOOUTIncompleteCallback
 .text.HAL_PCD_ISOINIncompleteCallback
                0x0000000008009eb8       0x24 ./USB_DEVICE/Target/usbd_conf.o
                0x0000000008009eb8                HAL_PCD_ISOINIncompleteCallback
 .text.HAL_PCD_ConnectCallback
                0x0000000008009edc       0x1c ./USB_DEVICE/Target/usbd_conf.o
                0x0000000008009edc                HAL_PCD_ConnectCallback
 .text.HAL_PCD_DisconnectCallback
                0x0000000008009ef8       0x1c ./USB_DEVICE/Target/usbd_conf.o
                0x0000000008009ef8                HAL_PCD_DisconnectCallback
 .text.USBD_LL_Init
                0x0000000008009f14       0x98 ./USB_DEVICE/Target/usbd_conf.o
                0x0000000008009f14                USBD_LL_Init
 .text.USBD_LL_Start
                0x0000000008009fac       0x36 ./USB_DEVICE/Target/usbd_conf.o
                0x0000000008009fac                USBD_LL_Start
 .text.USBD_LL_OpenEP
                0x0000000008009fe2       0x4c ./USB_DEVICE/Target/usbd_conf.o
                0x0000000008009fe2                USBD_LL_OpenEP
 .text.USBD_LL_CloseEP
                0x000000000800a02e       0x3e ./USB_DEVICE/Target/usbd_conf.o
                0x000000000800a02e                USBD_LL_CloseEP
 .text.USBD_LL_StallEP
                0x000000000800a06c       0x3e ./USB_DEVICE/Target/usbd_conf.o
                0x000000000800a06c                USBD_LL_StallEP
 .text.USBD_LL_ClearStallEP
                0x000000000800a0aa       0x3e ./USB_DEVICE/Target/usbd_conf.o
                0x000000000800a0aa                USBD_LL_ClearStallEP
 .text.USBD_LL_IsStallEP
                0x000000000800a0e8       0x58 ./USB_DEVICE/Target/usbd_conf.o
                0x000000000800a0e8                USBD_LL_IsStallEP
 .text.USBD_LL_SetUSBAddress
                0x000000000800a140       0x3e ./USB_DEVICE/Target/usbd_conf.o
                0x000000000800a140                USBD_LL_SetUSBAddress
 .text.USBD_LL_Transmit
                0x000000000800a17e       0x42 ./USB_DEVICE/Target/usbd_conf.o
                0x000000000800a17e                USBD_LL_Transmit
 .text.USBD_LL_PrepareReceive
                0x000000000800a1c0       0x42 ./USB_DEVICE/Target/usbd_conf.o
                0x000000000800a1c0                USBD_LL_PrepareReceive
 .text.USBD_LL_GetRxDataSize
                0x000000000800a202       0x26 ./USB_DEVICE/Target/usbd_conf.o
                0x000000000800a202                USBD_LL_GetRxDataSize
 .text.USBD_static_malloc
                0x000000000800a228       0x1c ./USB_DEVICE/Target/usbd_conf.o
                0x000000000800a228                USBD_static_malloc
 .text.USBD_static_free
                0x000000000800a244       0x14 ./USB_DEVICE/Target/usbd_conf.o
                0x000000000800a244                USBD_static_free
 .text.USBD_Get_USB_Status
                0x000000000800a258       0x58 ./USB_DEVICE/Target/usbd_conf.o
                0x000000000800a258                USBD_Get_USB_Status
 .text.__errno  0x000000000800a2b0        0xc c:/st/stm32cubeide_1.8.0/stm32cubeide/plugins/com.st.stm32cube.ide.mcu.externaltools.gnu-tools-for-stm32.9-2020-q2-update.win32_2.0.0.202105311346/tools/bin/../lib/gcc/arm-none-eabi/9.3.1/../../../../arm-none-eabi/lib/thumb/v7e-m+fp/hard\libc_nano.a(lib_a-errno.o)
                0x000000000800a2b0                __errno
 .text.__libc_init_array
                0x000000000800a2bc       0x48 c:/st/stm32cubeide_1.8.0/stm32cubeide/plugins/com.st.stm32cube.ide.mcu.externaltools.gnu-tools-for-stm32.9-2020-q2-update.win32_2.0.0.202105311346/tools/bin/../lib/gcc/arm-none-eabi/9.3.1/../../../../arm-none-eabi/lib/thumb/v7e-m+fp/hard\libc_nano.a(lib_a-init.o)
                0x000000000800a2bc                __libc_init_array
 .text.memcpy   0x000000000800a304       0x1c c:/st/stm32cubeide_1.8.0/stm32cubeide/plugins/com.st.stm32cube.ide.mcu.externaltools.gnu-tools-for-stm32.9-2020-q2-update.win32_2.0.0.202105311346/tools/bin/../lib/gcc/arm-none-eabi/9.3.1/../../../../arm-none-eabi/lib/thumb/v7e-m+fp/hard\libc_nano.a(lib_a-memcpy-stub.o)
                0x000000000800a304                memcpy
 .text.memset   0x000000000800a320       0x10 c:/st/stm32cubeide_1.8.0/stm32cubeide/plugins/com.st.stm32cube.ide.mcu.externaltools.gnu-tools-for-stm32.9-2020-q2-update.win32_2.0.0.202105311346/tools/bin/../lib/gcc/arm-none-eabi/9.3.1/../../../../arm-none-eabi/lib/thumb/v7e-m+fp/hard\libc_nano.a(lib_a-memset.o)
                0x000000000800a320                memset
 .text.printf   0x000000000800a330       0x30 c:/st/stm32cubeide_1.8.0/stm32cubeide/plugins/com.st.stm32cube.ide.mcu.externaltools.gnu-tools-for-stm32.9-2020-q2-update.win32_2.0.0.202105311346/tools/bin/../lib/gcc/arm-none-eabi/9.3.1/../../../../arm-none-eabi/lib/thumb/v7e-m+fp/hard\libc_nano.a(lib_a-printf.o)
                0x000000000800a330                iprintf
                0x000000000800a330                printf
 .text._puts_r  0x000000000800a360       0xdc c:/st/stm32cubeide_1.8.0/stm32cubeide/plugins/com.st.stm32cube.ide.mcu.externaltools.gnu-tools-for-stm32.9-2020-q2-update.win32_2.0.0.202105311346/tools/bin/../lib/gcc/arm-none-eabi/9.3.1/../../../../arm-none-eabi/lib/thumb/v7e-m+fp/hard\libc_nano.a(lib_a-puts.o)
                0x000000000800a360                _puts_r
 .text.puts     0x000000000800a43c       0x10 c:/st/stm32cubeide_1.8.0/stm32cubeide/plugins/com.st.stm32cube.ide.mcu.externaltools.gnu-tools-for-stm32.9-2020-q2-update.win32_2.0.0.202105311346/tools/bin/../lib/gcc/arm-none-eabi/9.3.1/../../../../arm-none-eabi/lib/thumb/v7e-m+fp/hard\libc_nano.a(lib_a-puts.o)
                0x000000000800a43c                puts
 .text.sprintf  0x000000000800a44c       0x40 c:/st/stm32cubeide_1.8.0/stm32cubeide/plugins/com.st.stm32cube.ide.mcu.externaltools.gnu-tools-for-stm32.9-2020-q2-update.win32_2.0.0.202105311346/tools/bin/../lib/gcc/arm-none-eabi/9.3.1/../../../../arm-none-eabi/lib/thumb/v7e-m+fp/hard\libc_nano.a(lib_a-sprintf.o)
                0x000000000800a44c                siprintf
                0x000000000800a44c                sprintf
 .text.__swbuf_r
                0x000000000800a48c       0xa4 c:/st/stm32cubeide_1.8.0/stm32cubeide/plugins/com.st.stm32cube.ide.mcu.externaltools.gnu-tools-for-stm32.9-2020-q2-update.win32_2.0.0.202105311346/tools/bin/../lib/gcc/arm-none-eabi/9.3.1/../../../../arm-none-eabi/lib/thumb/v7e-m+fp/hard\libc_nano.a(lib_a-wbuf.o)
                0x000000000800a48c                __swbuf_r
 .text.__swsetup_r
                0x000000000800a530       0xdc c:/st/stm32cubeide_1.8.0/stm32cubeide/plugins/com.st.stm32cube.ide.mcu.externaltools.gnu-tools-for-stm32.9-2020-q2-update.win32_2.0.0.202105311346/tools/bin/../lib/gcc/arm-none-eabi/9.3.1/../../../../arm-none-eabi/lib/thumb/v7e-m+fp/hard\libc_nano.a(lib_a-wsetup.o)
                0x000000000800a530                __swsetup_r
 .text.__sflush_r
                0x000000000800a60c      0x10c c:/st/stm32cubeide_1.8.0/stm32cubeide/plugins/com.st.stm32cube.ide.mcu.externaltools.gnu-tools-for-stm32.9-2020-q2-update.win32_2.0.0.202105311346/tools/bin/../lib/gcc/arm-none-eabi/9.3.1/../../../../arm-none-eabi/lib/thumb/v7e-m+fp/hard\libc_nano.a(lib_a-fflush.o)
                0x000000000800a60c                __sflush_r
 .text._fflush_r
                0x000000000800a718       0x78 c:/st/stm32cubeide_1.8.0/stm32cubeide/plugins/com.st.stm32cube.ide.mcu.externaltools.gnu-tools-for-stm32.9-2020-q2-update.win32_2.0.0.202105311346/tools/bin/../lib/gcc/arm-none-eabi/9.3.1/../../../../arm-none-eabi/lib/thumb/v7e-m+fp/hard\libc_nano.a(lib_a-fflush.o)
                0x000000000800a718                _fflush_r
 .text.std      0x000000000800a790       0x48 c:/st/stm32cubeide_1.8.0/stm32cubeide/plugins/com.st.stm32cube.ide.mcu.externaltools.gnu-tools-for-stm32.9-2020-q2-update.win32_2.0.0.202105311346/tools/bin/../lib/gcc/arm-none-eabi/9.3.1/../../../../arm-none-eabi/lib/thumb/v7e-m+fp/hard\libc_nano.a(lib_a-findfp.o)
 .text._cleanup_r
                0x000000000800a7d8        0xc c:/st/stm32cubeide_1.8.0/stm32cubeide/plugins/com.st.stm32cube.ide.mcu.externaltools.gnu-tools-for-stm32.9-2020-q2-update.win32_2.0.0.202105311346/tools/bin/../lib/gcc/arm-none-eabi/9.3.1/../../../../arm-none-eabi/lib/thumb/v7e-m+fp/hard\libc_nano.a(lib_a-findfp.o)
                0x000000000800a7d8                _cleanup_r
 .text.__sfmoreglue
                0x000000000800a7e4       0x2c c:/st/stm32cubeide_1.8.0/stm32cubeide/plugins/com.st.stm32cube.ide.mcu.externaltools.gnu-tools-for-stm32.9-2020-q2-update.win32_2.0.0.202105311346/tools/bin/../lib/gcc/arm-none-eabi/9.3.1/../../../../arm-none-eabi/lib/thumb/v7e-m+fp/hard\libc_nano.a(lib_a-findfp.o)
                0x000000000800a7e4                __sfmoreglue
 .text.__sfp_lock_acquire
                0x000000000800a810        0xc c:/st/stm32cubeide_1.8.0/stm32cubeide/plugins/com.st.stm32cube.ide.mcu.externaltools.gnu-tools-for-stm32.9-2020-q2-update.win32_2.0.0.202105311346/tools/bin/../lib/gcc/arm-none-eabi/9.3.1/../../../../arm-none-eabi/lib/thumb/v7e-m+fp/hard\libc_nano.a(lib_a-findfp.o)
                0x000000000800a810                __sfp_lock_acquire
 .text.__sfp_lock_release
                0x000000000800a81c        0xc c:/st/stm32cubeide_1.8.0/stm32cubeide/plugins/com.st.stm32cube.ide.mcu.externaltools.gnu-tools-for-stm32.9-2020-q2-update.win32_2.0.0.202105311346/tools/bin/../lib/gcc/arm-none-eabi/9.3.1/../../../../arm-none-eabi/lib/thumb/v7e-m+fp/hard\libc_nano.a(lib_a-findfp.o)
                0x000000000800a81c                __sfp_lock_release
 .text.__sinit_lock_acquire
                0x000000000800a828        0xc c:/st/stm32cubeide_1.8.0/stm32cubeide/plugins/com.st.stm32cube.ide.mcu.externaltools.gnu-tools-for-stm32.9-2020-q2-update.win32_2.0.0.202105311346/tools/bin/../lib/gcc/arm-none-eabi/9.3.1/../../../../arm-none-eabi/lib/thumb/v7e-m+fp/hard\libc_nano.a(lib_a-findfp.o)
                0x000000000800a828                __sinit_lock_acquire
 .text.__sinit_lock_release
                0x000000000800a834        0xc c:/st/stm32cubeide_1.8.0/stm32cubeide/plugins/com.st.stm32cube.ide.mcu.externaltools.gnu-tools-for-stm32.9-2020-q2-update.win32_2.0.0.202105311346/tools/bin/../lib/gcc/arm-none-eabi/9.3.1/../../../../arm-none-eabi/lib/thumb/v7e-m+fp/hard\libc_nano.a(lib_a-findfp.o)
                0x000000000800a834                __sinit_lock_release
 .text.__sinit  0x000000000800a840       0x70 c:/st/stm32cubeide_1.8.0/stm32cubeide/plugins/com.st.stm32cube.ide.mcu.externaltools.gnu-tools-for-stm32.9-2020-q2-update.win32_2.0.0.202105311346/tools/bin/../lib/gcc/arm-none-eabi/9.3.1/../../../../arm-none-eabi/lib/thumb/v7e-m+fp/hard\libc_nano.a(lib_a-findfp.o)
                0x000000000800a840                __sinit
 .text.__sfp    0x000000000800a8b0       0x8c c:/st/stm32cubeide_1.8.0/stm32cubeide/plugins/com.st.stm32cube.ide.mcu.externaltools.gnu-tools-for-stm32.9-2020-q2-update.win32_2.0.0.202105311346/tools/bin/../lib/gcc/arm-none-eabi/9.3.1/../../../../arm-none-eabi/lib/thumb/v7e-m+fp/hard\libc_nano.a(lib_a-findfp.o)
                0x000000000800a8b0                __sfp
 .text._fwalk_reent
                0x000000000800a93c       0x3e c:/st/stm32cubeide_1.8.0/stm32cubeide/plugins/com.st.stm32cube.ide.mcu.externaltools.gnu-tools-for-stm32.9-2020-q2-update.win32_2.0.0.202105311346/tools/bin/../lib/gcc/arm-none-eabi/9.3.1/../../../../arm-none-eabi/lib/thumb/v7e-m+fp/hard\libc_nano.a(lib_a-fwalk.o)
                0x000000000800a93c                _fwalk_reent
 .text.__retarget_lock_init_recursive
                0x000000000800a97a        0x2 c:/st/stm32cubeide_1.8.0/stm32cubeide/plugins/com.st.stm32cube.ide.mcu.externaltools.gnu-tools-for-stm32.9-2020-q2-update.win32_2.0.0.202105311346/tools/bin/../lib/gcc/arm-none-eabi/9.3.1/../../../../arm-none-eabi/lib/thumb/v7e-m+fp/hard\libc_nano.a(lib_a-lock.o)
                0x000000000800a97a                __retarget_lock_init_recursive
 .text.__retarget_lock_acquire_recursive
                0x000000000800a97c        0x2 c:/st/stm32cubeide_1.8.0/stm32cubeide/plugins/com.st.stm32cube.ide.mcu.externaltools.gnu-tools-for-stm32.9-2020-q2-update.win32_2.0.0.202105311346/tools/bin/../lib/gcc/arm-none-eabi/9.3.1/../../../../arm-none-eabi/lib/thumb/v7e-m+fp/hard\libc_nano.a(lib_a-lock.o)
                0x000000000800a97c                __retarget_lock_acquire_recursive
 .text.__retarget_lock_release_recursive
                0x000000000800a97e        0x2 c:/st/stm32cubeide_1.8.0/stm32cubeide/plugins/com.st.stm32cube.ide.mcu.externaltools.gnu-tools-for-stm32.9-2020-q2-update.win32_2.0.0.202105311346/tools/bin/../lib/gcc/arm-none-eabi/9.3.1/../../../../arm-none-eabi/lib/thumb/v7e-m+fp/hard\libc_nano.a(lib_a-lock.o)
                0x000000000800a97e                __retarget_lock_release_recursive
 .text.__swhatbuf_r
                0x000000000800a980       0x48 c:/st/stm32cubeide_1.8.0/stm32cubeide/plugins/com.st.stm32cube.ide.mcu.externaltools.gnu-tools-for-stm32.9-2020-q2-update.win32_2.0.0.202105311346/tools/bin/../lib/gcc/arm-none-eabi/9.3.1/../../../../arm-none-eabi/lib/thumb/v7e-m+fp/hard\libc_nano.a(lib_a-makebuf.o)
                0x000000000800a980                __swhatbuf_r
 .text.__smakebuf_r
                0x000000000800a9c8       0x80 c:/st/stm32cubeide_1.8.0/stm32cubeide/plugins/com.st.stm32cube.ide.mcu.externaltools.gnu-tools-for-stm32.9-2020-q2-update.win32_2.0.0.202105311346/tools/bin/../lib/gcc/arm-none-eabi/9.3.1/../../../../arm-none-eabi/lib/thumb/v7e-m+fp/hard\libc_nano.a(lib_a-makebuf.o)
                0x000000000800a9c8                __smakebuf_r
 .text._free_r  0x000000000800aa48       0xa0 c:/st/stm32cubeide_1.8.0/stm32cubeide/plugins/com.st.stm32cube.ide.mcu.externaltools.gnu-tools-for-stm32.9-2020-q2-update.win32_2.0.0.202105311346/tools/bin/../lib/gcc/arm-none-eabi/9.3.1/../../../../arm-none-eabi/lib/thumb/v7e-m+fp/hard\libc_nano.a(lib_a-nano-freer.o)
                0x000000000800aa48                _free_r
 .text._malloc_r
                0x000000000800aae8       0xb4 c:/st/stm32cubeide_1.8.0/stm32cubeide/plugins/com.st.stm32cube.ide.mcu.externaltools.gnu-tools-for-stm32.9-2020-q2-update.win32_2.0.0.202105311346/tools/bin/../lib/gcc/arm-none-eabi/9.3.1/../../../../arm-none-eabi/lib/thumb/v7e-m+fp/hard\libc_nano.a(lib_a-nano-mallocr.o)
                0x000000000800aae8                _malloc_r
 .text.__ssputs_r
                0x000000000800ab9c       0xb6 c:/st/stm32cubeide_1.8.0/stm32cubeide/plugins/com.st.stm32cube.ide.mcu.externaltools.gnu-tools-for-stm32.9-2020-q2-update.win32_2.0.0.202105311346/tools/bin/../lib/gcc/arm-none-eabi/9.3.1/../../../../arm-none-eabi/lib/thumb/v7e-m+fp/hard\libc_nano.a(lib_a-nano-svfprintf.o)
                0x000000000800ab9c                __ssputs_r
 *fill*         0x000000000800ac52        0x2 
 .text._svfprintf_r
                0x000000000800ac54      0x200 c:/st/stm32cubeide_1.8.0/stm32cubeide/plugins/com.st.stm32cube.ide.mcu.externaltools.gnu-tools-for-stm32.9-2020-q2-update.win32_2.0.0.202105311346/tools/bin/../lib/gcc/arm-none-eabi/9.3.1/../../../../arm-none-eabi/lib/thumb/v7e-m+fp/hard\libc_nano.a(lib_a-nano-svfprintf.o)
                0x000000000800ac54                _svfiprintf_r
                0x000000000800ac54                _svfprintf_r
 .text.__sfputc_r
                0x000000000800ae54       0x2e c:/st/stm32cubeide_1.8.0/stm32cubeide/plugins/com.st.stm32cube.ide.mcu.externaltools.gnu-tools-for-stm32.9-2020-q2-update.win32_2.0.0.202105311346/tools/bin/../lib/gcc/arm-none-eabi/9.3.1/../../../../arm-none-eabi/lib/thumb/v7e-m+fp/hard\libc_nano.a(lib_a-nano-vfprintf.o)
 .text.__sfputs_r
                0x000000000800ae82       0x24 c:/st/stm32cubeide_1.8.0/stm32cubeide/plugins/com.st.stm32cube.ide.mcu.externaltools.gnu-tools-for-stm32.9-2020-q2-update.win32_2.0.0.202105311346/tools/bin/../lib/gcc/arm-none-eabi/9.3.1/../../../../arm-none-eabi/lib/thumb/v7e-m+fp/hard\libc_nano.a(lib_a-nano-vfprintf.o)
                0x000000000800ae82                __sfputs_r
 *fill*         0x000000000800aea6        0x2 
 .text._vfprintf_r
                0x000000000800aea8      0x260 c:/st/stm32cubeide_1.8.0/stm32cubeide/plugins/com.st.stm32cube.ide.mcu.externaltools.gnu-tools-for-stm32.9-2020-q2-update.win32_2.0.0.202105311346/tools/bin/../lib/gcc/arm-none-eabi/9.3.1/../../../../arm-none-eabi/lib/thumb/v7e-m+fp/hard\libc_nano.a(lib_a-nano-vfprintf.o)
                0x000000000800aea8                _vfprintf_r
                0x000000000800aea8                _vfiprintf_r
 .text._printf_common
                0x000000000800b108       0xda c:/st/stm32cubeide_1.8.0/stm32cubeide/plugins/com.st.stm32cube.ide.mcu.externaltools.gnu-tools-for-stm32.9-2020-q2-update.win32_2.0.0.202105311346/tools/bin/../lib/gcc/arm-none-eabi/9.3.1/../../../../arm-none-eabi/lib/thumb/v7e-m+fp/hard\libc_nano.a(lib_a-nano-vfprintf_i.o)
                0x000000000800b108                _printf_common
 *fill*         0x000000000800b1e2        0x2 
 .text._printf_i
                0x000000000800b1e4      0x24c c:/st/stm32cubeide_1.8.0/stm32cubeide/plugins/com.st.stm32cube.ide.mcu.externaltools.gnu-tools-for-stm32.9-2020-q2-update.win32_2.0.0.202105311346/tools/bin/../lib/gcc/arm-none-eabi/9.3.1/../../../../arm-none-eabi/lib/thumb/v7e-m+fp/hard\libc_nano.a(lib_a-nano-vfprintf_i.o)
                0x000000000800b1e4                _printf_i
 .text._sbrk_r  0x000000000800b430       0x20 c:/st/stm32cubeide_1.8.0/stm32cubeide/plugins/com.st.stm32cube.ide.mcu.externaltools.gnu-tools-for-stm32.9-2020-q2-update.win32_2.0.0.202105311346/tools/bin/../lib/gcc/arm-none-eabi/9.3.1/../../../../arm-none-eabi/lib/thumb/v7e-m+fp/hard\libc_nano.a(lib_a-sbrkr.o)
                0x000000000800b430                _sbrk_r
 .text.__sread  0x000000000800b450       0x22 c:/st/stm32cubeide_1.8.0/stm32cubeide/plugins/com.st.stm32cube.ide.mcu.externaltools.gnu-tools-for-stm32.9-2020-q2-update.win32_2.0.0.202105311346/tools/bin/../lib/gcc/arm-none-eabi/9.3.1/../../../../arm-none-eabi/lib/thumb/v7e-m+fp/hard\libc_nano.a(lib_a-stdio.o)
                0x000000000800b450                __sread
 .text.__swrite
                0x000000000800b472       0x38 c:/st/stm32cubeide_1.8.0/stm32cubeide/plugins/com.st.stm32cube.ide.mcu.externaltools.gnu-tools-for-stm32.9-2020-q2-update.win32_2.0.0.202105311346/tools/bin/../lib/gcc/arm-none-eabi/9.3.1/../../../../arm-none-eabi/lib/thumb/v7e-m+fp/hard\libc_nano.a(lib_a-stdio.o)
                0x000000000800b472                __swrite
 .text.__sseek  0x000000000800b4aa       0x24 c:/st/stm32cubeide_1.8.0/stm32cubeide/plugins/com.st.stm32cube.ide.mcu.externaltools.gnu-tools-for-stm32.9-2020-q2-update.win32_2.0.0.202105311346/tools/bin/../lib/gcc/arm-none-eabi/9.3.1/../../../../arm-none-eabi/lib/thumb/v7e-m+fp/hard\libc_nano.a(lib_a-stdio.o)
                0x000000000800b4aa                __sseek
 .text.__sclose
                0x000000000800b4ce        0x8 c:/st/stm32cubeide_1.8.0/stm32cubeide/plugins/com.st.stm32cube.ide.mcu.externaltools.gnu-tools-for-stm32.9-2020-q2-update.win32_2.0.0.202105311346/tools/bin/../lib/gcc/arm-none-eabi/9.3.1/../../../../arm-none-eabi/lib/thumb/v7e-m+fp/hard\libc_nano.a(lib_a-stdio.o)
                0x000000000800b4ce                __sclose
 *fill*         0x000000000800b4d6        0x2 
 .text._write_r
                0x000000000800b4d8       0x24 c:/st/stm32cubeide_1.8.0/stm32cubeide/plugins/com.st.stm32cube.ide.mcu.externaltools.gnu-tools-for-stm32.9-2020-q2-update.win32_2.0.0.202105311346/tools/bin/../lib/gcc/arm-none-eabi/9.3.1/../../../../arm-none-eabi/lib/thumb/v7e-m+fp/hard\libc_nano.a(lib_a-writer.o)
                0x000000000800b4d8                _write_r
 .text._close_r
                0x000000000800b4fc       0x20 c:/st/stm32cubeide_1.8.0/stm32cubeide/plugins/com.st.stm32cube.ide.mcu.externaltools.gnu-tools-for-stm32.9-2020-q2-update.win32_2.0.0.202105311346/tools/bin/../lib/gcc/arm-none-eabi/9.3.1/../../../../arm-none-eabi/lib/thumb/v7e-m+fp/hard\libc_nano.a(lib_a-closer.o)
                0x000000000800b4fc                _close_r
 .text._fstat_r
                0x000000000800b51c       0x24 c:/st/stm32cubeide_1.8.0/stm32cubeide/plugins/com.st.stm32cube.ide.mcu.externaltools.gnu-tools-for-stm32.9-2020-q2-update.win32_2.0.0.202105311346/tools/bin/../lib/gcc/arm-none-eabi/9.3.1/../../../../arm-none-eabi/lib/thumb/v7e-m+fp/hard\libc_nano.a(lib_a-fstatr.o)
                0x000000000800b51c                _fstat_r
 .text._isatty_r
                0x000000000800b540       0x20 c:/st/stm32cubeide_1.8.0/stm32cubeide/plugins/com.st.stm32cube.ide.mcu.externaltools.gnu-tools-for-stm32.9-2020-q2-update.win32_2.0.0.202105311346/tools/bin/../lib/gcc/arm-none-eabi/9.3.1/../../../../arm-none-eabi/lib/thumb/v7e-m+fp/hard\libc_nano.a(lib_a-isattyr.o)
                0x000000000800b540                _isatty_r
 .text._lseek_r
                0x000000000800b560       0x24 c:/st/stm32cubeide_1.8.0/stm32cubeide/plugins/com.st.stm32cube.ide.mcu.externaltools.gnu-tools-for-stm32.9-2020-q2-update.win32_2.0.0.202105311346/tools/bin/../lib/gcc/arm-none-eabi/9.3.1/../../../../arm-none-eabi/lib/thumb/v7e-m+fp/hard\libc_nano.a(lib_a-lseekr.o)
                0x000000000800b560                _lseek_r
 .text.memmove  0x000000000800b584       0x34 c:/st/stm32cubeide_1.8.0/stm32cubeide/plugins/com.st.stm32cube.ide.mcu.externaltools.gnu-tools-for-stm32.9-2020-q2-update.win32_2.0.0.202105311346/tools/bin/../lib/gcc/arm-none-eabi/9.3.1/../../../../arm-none-eabi/lib/thumb/v7e-m+fp/hard\libc_nano.a(lib_a-memmove.o)
                0x000000000800b584                memmove
 .text.__malloc_lock
                0x000000000800b5b8        0xc c:/st/stm32cubeide_1.8.0/stm32cubeide/plugins/com.st.stm32cube.ide.mcu.externaltools.gnu-tools-for-stm32.9-2020-q2-update.win32_2.0.0.202105311346/tools/bin/../lib/gcc/arm-none-eabi/9.3.1/../../../../arm-none-eabi/lib/thumb/v7e-m+fp/hard\libc_nano.a(lib_a-mlock.o)
                0x000000000800b5b8                __malloc_lock
 .text.__malloc_unlock
                0x000000000800b5c4        0xc c:/st/stm32cubeide_1.8.0/stm32cubeide/plugins/com.st.stm32cube.ide.mcu.externaltools.gnu-tools-for-stm32.9-2020-q2-update.win32_2.0.0.202105311346/tools/bin/../lib/gcc/arm-none-eabi/9.3.1/../../../../arm-none-eabi/lib/thumb/v7e-m+fp/hard\libc_nano.a(lib_a-mlock.o)
                0x000000000800b5c4                __malloc_unlock
 .text._realloc_r
                0x000000000800b5d0       0x4c c:/st/stm32cubeide_1.8.0/stm32cubeide/plugins/com.st.stm32cube.ide.mcu.externaltools.gnu-tools-for-stm32.9-2020-q2-update.win32_2.0.0.202105311346/tools/bin/../lib/gcc/arm-none-eabi/9.3.1/../../../../arm-none-eabi/lib/thumb/v7e-m+fp/hard\libc_nano.a(lib_a-nano-reallocr.o)
                0x000000000800b5d0                _realloc_r
 .text._read_r  0x000000000800b61c       0x24 c:/st/stm32cubeide_1.8.0/stm32cubeide/plugins/com.st.stm32cube.ide.mcu.externaltools.gnu-tools-for-stm32.9-2020-q2-update.win32_2.0.0.202105311346/tools/bin/../lib/gcc/arm-none-eabi/9.3.1/../../../../arm-none-eabi/lib/thumb/v7e-m+fp/hard\libc_nano.a(lib_a-readr.o)
                0x000000000800b61c                _read_r
 .text._malloc_usable_size_r
                0x000000000800b640       0x10 c:/st/stm32cubeide_1.8.0/stm32cubeide/plugins/com.st.stm32cube.ide.mcu.externaltools.gnu-tools-for-stm32.9-2020-q2-update.win32_2.0.0.202105311346/tools/bin/../lib/gcc/arm-none-eabi/9.3.1/../../../../arm-none-eabi/lib/thumb/v7e-m+fp/hard\libc_nano.a(lib_a-nano-msizer.o)
                0x000000000800b640                _malloc_usable_size_r
 .text.pow      0x000000000800b650      0x15c c:/st/stm32cubeide_1.8.0/stm32cubeide/plugins/com.st.stm32cube.ide.mcu.externaltools.gnu-tools-for-stm32.9-2020-q2-update.win32_2.0.0.202105311346/tools/bin/../lib/gcc/arm-none-eabi/9.3.1/../../../../arm-none-eabi/lib/thumb/v7e-m+fp/hard\libm.a(lib_a-w_pow.o)
                0x000000000800b650                pow
 *fill*         0x000000000800b7ac        0x4 
 .text.__ieee754_pow
                0x000000000800b7b0      0xa44 c:/st/stm32cubeide_1.8.0/stm32cubeide/plugins/com.st.stm32cube.ide.mcu.externaltools.gnu-tools-for-stm32.9-2020-q2-update.win32_2.0.0.202105311346/tools/bin/../lib/gcc/arm-none-eabi/9.3.1/../../../../arm-none-eabi/lib/thumb/v7e-m+fp/hard\libm.a(lib_a-e_pow.o)
                0x000000000800b7b0                __ieee754_pow
 .text.__ieee754_sqrt
                0x000000000800c1f4      0x168 c:/st/stm32cubeide_1.8.0/stm32cubeide/plugins/com.st.stm32cube.ide.mcu.externaltools.gnu-tools-for-stm32.9-2020-q2-update.win32_2.0.0.202105311346/tools/bin/../lib/gcc/arm-none-eabi/9.3.1/../../../../arm-none-eabi/lib/thumb/v7e-m+fp/hard\libm.a(lib_a-e_sqrt.o)
                0x000000000800c1f4                __ieee754_sqrt
 .text.fabs     0x000000000800c35c       0x12 c:/st/stm32cubeide_1.8.0/stm32cubeide/plugins/com.st.stm32cube.ide.mcu.externaltools.gnu-tools-for-stm32.9-2020-q2-update.win32_2.0.0.202105311346/tools/bin/../lib/gcc/arm-none-eabi/9.3.1/../../../../arm-none-eabi/lib/thumb/v7e-m+fp/hard\libm.a(lib_a-s_fabs.o)
                0x000000000800c35c                fabs
 .text.finite   0x000000000800c36e       0x16 c:/st/stm32cubeide_1.8.0/stm32cubeide/plugins/com.st.stm32cube.ide.mcu.externaltools.gnu-tools-for-stm32.9-2020-q2-update.win32_2.0.0.202105311346/tools/bin/../lib/gcc/arm-none-eabi/9.3.1/../../../../arm-none-eabi/lib/thumb/v7e-m+fp/hard\libm.a(lib_a-s_finite.o)
                0x000000000800c36e                finite
 *fill*         0x000000000800c384        0x4 
 .text.nan      0x000000000800c388       0x10 c:/st/stm32cubeide_1.8.0/stm32cubeide/plugins/com.st.stm32cube.ide.mcu.externaltools.gnu-tools-for-stm32.9-2020-q2-update.win32_2.0.0.202105311346/tools/bin/../lib/gcc/arm-none-eabi/9.3.1/../../../../arm-none-eabi/lib/thumb/v7e-m+fp/hard\libm.a(lib_a-s_nan.o)
                0x000000000800c388                nan
 .text.rint     0x000000000800c398      0x114 c:/st/stm32cubeide_1.8.0/stm32cubeide/plugins/com.st.stm32cube.ide.mcu.externaltools.gnu-tools-for-stm32.9-2020-q2-update.win32_2.0.0.202105311346/tools/bin/../lib/gcc/arm-none-eabi/9.3.1/../../../../arm-none-eabi/lib/thumb/v7e-m+fp/hard\libm.a(lib_a-s_rint.o)
                0x000000000800c398                rint
 *fill*         0x000000000800c4ac        0x4 
 .text.scalbn   0x000000000800c4b0      0x10c c:/st/stm32cubeide_1.8.0/stm32cubeide/plugins/com.st.stm32cube.ide.mcu.externaltools.gnu-tools-for-stm32.9-2020-q2-update.win32_2.0.0.202105311346/tools/bin/../lib/gcc/arm-none-eabi/9.3.1/../../../../arm-none-eabi/lib/thumb/v7e-m+fp/hard\libm.a(lib_a-s_scalbn.o)
                0x000000000800c4b0                scalbn
 *(.glue_7)
 .glue_7        0x000000000800c5bc        0x0 linker stubs
 *(.glue_7t)
 .glue_7t       0x000000000800c5bc        0x0 linker stubs
 *(.eh_frame)
 .eh_frame      0x000000000800c5bc        0x0 c:/st/stm32cubeide_1.8.0/stm32cubeide/plugins/com.st.stm32cube.ide.mcu.externaltools.gnu-tools-for-stm32.9-2020-q2-update.win32_2.0.0.202105311346/tools/bin/../lib/gcc/arm-none-eabi/9.3.1/thumb/v7e-m+fp/hard/crtbegin.o
 *(.init)
 .init          0x000000000800c5bc        0x4 c:/st/stm32cubeide_1.8.0/stm32cubeide/plugins/com.st.stm32cube.ide.mcu.externaltools.gnu-tools-for-stm32.9-2020-q2-update.win32_2.0.0.202105311346/tools/bin/../lib/gcc/arm-none-eabi/9.3.1/thumb/v7e-m+fp/hard/crti.o
                0x000000000800c5bc                _init
 .init          0x000000000800c5c0        0x8 c:/st/stm32cubeide_1.8.0/stm32cubeide/plugins/com.st.stm32cube.ide.mcu.externaltools.gnu-tools-for-stm32.9-2020-q2-update.win32_2.0.0.202105311346/tools/bin/../lib/gcc/arm-none-eabi/9.3.1/thumb/v7e-m+fp/hard/crtn.o
 *(.fini)
 .fini          0x000000000800c5c8        0x4 c:/st/stm32cubeide_1.8.0/stm32cubeide/plugins/com.st.stm32cube.ide.mcu.externaltools.gnu-tools-for-stm32.9-2020-q2-update.win32_2.0.0.202105311346/tools/bin/../lib/gcc/arm-none-eabi/9.3.1/thumb/v7e-m+fp/hard/crti.o
                0x000000000800c5c8                _fini
 .fini          0x000000000800c5cc        0x8 c:/st/stm32cubeide_1.8.0/stm32cubeide/plugins/com.st.stm32cube.ide.mcu.externaltools.gnu-tools-for-stm32.9-2020-q2-update.win32_2.0.0.202105311346/tools/bin/../lib/gcc/arm-none-eabi/9.3.1/thumb/v7e-m+fp/hard/crtn.o
                0x000000000800c5d4                . = ALIGN (0x4)
                0x000000000800c5d4                _etext = .

.vfp11_veneer   0x000000000800c5d4        0x0
 .vfp11_veneer  0x000000000800c5d4        0x0 linker stubs

.v4_bx          0x000000000800c5d4        0x0
 .v4_bx         0x000000000800c5d4        0x0 linker stubs

.iplt           0x000000000800c5d4        0x0
 .iplt          0x000000000800c5d4        0x0 c:/st/stm32cubeide_1.8.0/stm32cubeide/plugins/com.st.stm32cube.ide.mcu.externaltools.gnu-tools-for-stm32.9-2020-q2-update.win32_2.0.0.202105311346/tools/bin/../lib/gcc/arm-none-eabi/9.3.1/thumb/v7e-m+fp/hard/crtbegin.o

.rodata         0x000000000800c5d8      0x228
                0x000000000800c5d8                . = ALIGN (0x4)
 *(.rodata)
 .rodata        0x000000000800c5d8        0x5 ./Core/Src/lcd.o
 *fill*         0x000000000800c5dd        0x3 
 .rodata        0x000000000800c5e0       0x4e ./Core/Src/main.o
 *fill*         0x000000000800c62e        0x2 
 .rodata        0x000000000800c630       0x8d ./Core/Src/menu.o
 *fill*         0x000000000800c6bd        0x3 
 .rodata        0x000000000800c6c0       0x46 ./USB_DEVICE/App/usbd_desc.o
 *(.rodata*)
 *fill*         0x000000000800c706        0x2 
 .rodata.ROW_16
                0x000000000800c708        0x4 ./Core/Src/lcd.o
                0x000000000800c708                ROW_16
 .rodata.maxSubMenus
                0x000000000800c70c        0x8 ./Core/Src/menu.o
 .rodata.AHBPrescTable
                0x000000000800c714       0x10 ./Core/Src/system_stm32f4xx.o
                0x000000000800c714                AHBPrescTable
 .rodata._global_impure_ptr
                0x000000000800c724        0x4 c:/st/stm32cubeide_1.8.0/stm32cubeide/plugins/com.st.stm32cube.ide.mcu.externaltools.gnu-tools-for-stm32.9-2020-q2-update.win32_2.0.0.202105311346/tools/bin/../lib/gcc/arm-none-eabi/9.3.1/../../../../arm-none-eabi/lib/thumb/v7e-m+fp/hard\libc_nano.a(lib_a-impure.o)
                0x000000000800c724                _global_impure_ptr
 .rodata.__sf_fake_stderr
                0x000000000800c728       0x20 c:/st/stm32cubeide_1.8.0/stm32cubeide/plugins/com.st.stm32cube.ide.mcu.externaltools.gnu-tools-for-stm32.9-2020-q2-update.win32_2.0.0.202105311346/tools/bin/../lib/gcc/arm-none-eabi/9.3.1/../../../../arm-none-eabi/lib/thumb/v7e-m+fp/hard\libc_nano.a(lib_a-findfp.o)
                0x000000000800c728                __sf_fake_stderr
 .rodata.__sf_fake_stdin
                0x000000000800c748       0x20 c:/st/stm32cubeide_1.8.0/stm32cubeide/plugins/com.st.stm32cube.ide.mcu.externaltools.gnu-tools-for-stm32.9-2020-q2-update.win32_2.0.0.202105311346/tools/bin/../lib/gcc/arm-none-eabi/9.3.1/../../../../arm-none-eabi/lib/thumb/v7e-m+fp/hard\libc_nano.a(lib_a-findfp.o)
                0x000000000800c748                __sf_fake_stdin
 .rodata.__sf_fake_stdout