../Core/Src/FibreOpticHAL.c:58:10:getVelocityAdjustedOnDuration	24	static
../Core/Src/FibreOpticHAL.c:67:6:setCHAActivePeriod	16	static
../Core/Src/FibreOpticHAL.c:73:6:setCHADwellPeriod	16	static
../Core/Src/FibreOpticHAL.c:80:6:setCHBActivePeriod	16	static
../Core/Src/FibreOpticHAL.c:86:6:setCHBDwellPeriod	16	static
../Core/Src/FibreOpticHAL.c:93:6:fireTIM3	24	static
../Core/Src/FibreOpticHAL.c:104:6:fireTIM4	24	static
../Core/Src/FibreOpticHAL.c:114:6:fireCHA	24	static
../Core/Src/FibreOpticHAL.c:132:6:fireCHB	24	static
../Core/Src/FibreOpticHAL.c:151:6:setCHAFreq1wVelocity	16	static
../Core/Src/FibreOpticHAL.c:168:6:setCHAFreq2wVelocity	16	static
../Core/Src/FibreOpticHAL.c:184:6:setCHBFreq1wVelocity	16	static
../Core/Src/FibreOpticHAL.c:198:6:setCHBFreq2wVelocity	24	static
../Core/Src/FibreOpticHAL.c:216:6:setCHAFreq1	16	static
../Core/Src/FibreOpticHAL.c:220:6:setCHAFreq2	16	static
../Core/Src/FibreOpticHAL.c:224:6:setCHBFreq1	16	static
../Core/Src/FibreOpticHAL.c:228:6:setCHBFreq2	16	static
../Core/Src/FibreOpticHAL.c:232:6:defineFiringActiveFBPins	24	static
../Core/Src/FibreOpticHAL.c:239:6:defineSoloEnablePins	24	static
../Core/Src/FibreOpticHAL.c:247:9:isFiringActiveCHA	8	static
../Core/Src/FibreOpticHAL.c:250:9:isFiringActiveCHB	8	static
../Core/Src/FibreOpticHAL.c:253:6:setCHASoloEnable	16	static
../Core/Src/FibreOpticHAL.c:256:6:setCHBSoloEnable	16	static
