../Core/Src/stm32f4xx_it.c:77:6:NMI_Handler	4	static
../Core/Src/stm32f4xx_it.c:92:6:HardFault_Handler	4	static
../Core/Src/stm32f4xx_it.c:107:6:MemManage_Handler	4	static
../Core/Src/stm32f4xx_it.c:122:6:BusFault_Handler	4	static
../Core/Src/stm32f4xx_it.c:137:6:UsageFault_Handler	4	static
../Core/Src/stm32f4xx_it.c:152:6:SVC_Handler	4	static
../Core/Src/stm32f4xx_it.c:165:6:DebugMon_Handler	4	static
../Core/Src/stm32f4xx_it.c:178:6:PendSV_Handler	4	static
../Core/Src/stm32f4xx_it.c:191:6:SysTick_Handler	8	static
../Core/Src/stm32f4xx_it.c:212:6:EXTI9_5_IRQHandler	8	static
../Core/Src/stm32f4xx_it.c:228:6:TIM1_BRK_TIM9_IRQHandler	8	static
../Core/Src/stm32f4xx_it.c:243:6:TIM1_UP_TIM10_IRQHandler	8	static
../Core/Src/stm32f4xx_it.c:258:6:TIM1_TRG_COM_TIM11_IRQHandler	8	static
../Core/Src/stm32f4xx_it.c:273:6:TIM2_IRQHandler	8	static
../Core/Src/stm32f4xx_it.c:287:6:TIM3_IRQHandler	8	static
../Core/Src/stm32f4xx_it.c:301:6:TIM4_IRQHandler	8	static
../Core/Src/stm32f4xx_it.c:315:6:TIM5_IRQHandler	8	static
../Core/Src/stm32f4xx_it.c:329:6:OTG_FS_IRQHandler	8	static
